Component: ARM Compiler 5.05 update 2 (build 169) Tool: armlink [4d0f33]

==============================================================================

Section Cross References

    test.o(i.Game_HandleInput) refers to board.o(i.Play_Buzzer_Sound) for Play_Buzzer_Sound
    test.o(i.Game_HandleInput) refers to test.o(.data) for joypad_current
    test.o(i.Game_HandleInput) refers to board.o(.data) for direction_changed_this_tick
    test.o(i.Game_HandleInput) refers to board.o(.bss) for snake
    test.o(i.Hardware_Init) refers to ierg3810_clock.o(i.clocktree_init) for clocktree_init
    test.o(i.Hardware_Init) refers to ierg3810_io.o(i.io_init) for io_init
    test.o(i.Hardware_Init) refers to ierg3810_tftlcd.o(i.lcd_init) for lcd_init
    test.o(i.Hardware_Init) refers to joypad.o(i.JoyPad_Init) for JoyPad_Init
    test.o(i.Hardware_Init) refers to ierg3810_buzzer.o(i.IERG3810_Buzzer_Init) for IERG3810_Buzzer_Init
    test.o(i.Hardware_Init) refers to test.o(i.Timer_Init) for Timer_Init
    test.o(i.Hardware_Init) refers to rand.o(.text) for srand
    test.o(i.JoyPad_Poll) refers to joypad.o(i.JoyPad_Read) for JoyPad_Read
    test.o(i.JoyPad_Poll) refers to test.o(.data) for joypad_current
    test.o(i.TIM3_IRQHandler) refers to ierg3810_led.o(i.DS1_On) for DS1_On
    test.o(i.TIM3_IRQHandler) refers to ierg3810_led.o(i.DS1_Off) for DS1_Off
    test.o(i.TIM3_IRQHandler) refers to ierg3810_led.o(i.DS0_Off) for DS0_Off
    test.o(i.TIM3_IRQHandler) refers to test.o(.data) for led_flash_counter
    test.o(i.TIM3_IRQHandler) refers to board.o(.data) for current_state
    test.o(i.main) refers to test.o(i.Hardware_Init) for Hardware_Init
    test.o(i.main) refers to board.o(i.Starfield_Init) for Starfield_Init
    test.o(i.main) refers to test.o(i.JoyPad_Poll) for JoyPad_Poll
    test.o(i.main) refers to board.o(i.Starfield_Update) for Starfield_Update
    test.o(i.main) refers to test.o(i.Game_HandleInput) for Game_HandleInput
    test.o(i.main) refers to board.o(i.Game_DrawStartScreen) for Game_DrawStartScreen
    test.o(i.main) refers to board.o(i.delay_ms) for delay_ms
    test.o(i.main) refers to board.o(i.Game_DrawInstructions) for Game_DrawInstructions
    test.o(i.main) refers to board.o(i.Game_DrawMenu) for Game_DrawMenu
    test.o(i.main) refers to board.o(i.Game_DrawMenuList) for Game_DrawMenuList
    test.o(i.main) refers to board.o(i.Game_Init) for Game_Init
    test.o(i.main) refers to board.o(i.Game_RedrawScreen) for Game_RedrawScreen
    test.o(i.main) refers to board.o(i.Game_Update) for Game_Update
    test.o(i.main) refers to board.o(i.Game_Draw) for Game_Draw
    test.o(i.main) refers to board.o(i.Game_DrawPauseMenu) for Game_DrawPauseMenu
    test.o(i.main) refers to board.o(i.Play_Buzzer_Sound) for Play_Buzzer_Sound
    test.o(i.main) refers to board.o(i.Update_HighScore) for Update_HighScore
    test.o(i.main) refers to board.o(i.Game_DrawGameOverScreen) for Game_DrawGameOverScreen
    test.o(i.main) refers to board.o(i.Game_DrawGameWonScreen) for Game_DrawGameWonScreen
    test.o(i.main) refers to board.o(.data) for current_state
    test.o(i.main) refers to test.o(.data) for joypad_pressed
    system_stm32f10x.o(i.SetSysClock) refers to system_stm32f10x.o(i.SetSysClockTo72) for SetSysClockTo72
    system_stm32f10x.o(i.SystemCoreClockUpdate) refers to system_stm32f10x.o(.data) for SystemCoreClock
    system_stm32f10x.o(i.SystemInit) refers to system_stm32f10x.o(i.SetSysClock) for SetSysClock
    startup_stm32f10x_hd.o(STACK) refers (Special) to heapauxi.o(.text) for __use_two_region_memory
    startup_stm32f10x_hd.o(HEAP) refers (Special) to heapauxi.o(.text) for __use_two_region_memory
    startup_stm32f10x_hd.o(RESET) refers (Special) to heapauxi.o(.text) for __use_two_region_memory
    startup_stm32f10x_hd.o(RESET) refers to startup_stm32f10x_hd.o(STACK) for __initial_sp
    startup_stm32f10x_hd.o(RESET) refers to startup_stm32f10x_hd.o(.text) for Reset_Handler
    startup_stm32f10x_hd.o(RESET) refers to stm32f10x_it.o(i.NMI_Handler) for NMI_Handler
    startup_stm32f10x_hd.o(RESET) refers to stm32f10x_it.o(i.HardFault_Handler) for HardFault_Handler
    startup_stm32f10x_hd.o(RESET) refers to stm32f10x_it.o(i.MemManage_Handler) for MemManage_Handler
    startup_stm32f10x_hd.o(RESET) refers to stm32f10x_it.o(i.BusFault_Handler) for BusFault_Handler
    startup_stm32f10x_hd.o(RESET) refers to stm32f10x_it.o(i.UsageFault_Handler) for UsageFault_Handler
    startup_stm32f10x_hd.o(RESET) refers to stm32f10x_it.o(i.SVC_Handler) for SVC_Handler
    startup_stm32f10x_hd.o(RESET) refers to stm32f10x_it.o(i.DebugMon_Handler) for DebugMon_Handler
    startup_stm32f10x_hd.o(RESET) refers to stm32f10x_it.o(i.PendSV_Handler) for PendSV_Handler
    startup_stm32f10x_hd.o(RESET) refers to stm32f10x_it.o(i.SysTick_Handler) for SysTick_Handler
    startup_stm32f10x_hd.o(RESET) refers to test.o(i.TIM3_IRQHandler) for TIM3_IRQHandler
    startup_stm32f10x_hd.o(.text) refers (Special) to heapauxi.o(.text) for __use_two_region_memory
    startup_stm32f10x_hd.o(.text) refers to system_stm32f10x.o(i.SystemInit) for SystemInit
    startup_stm32f10x_hd.o(.text) refers to __main.o(!!!main) for __main
    startup_stm32f10x_hd.o(.text) refers to startup_stm32f10x_hd.o(HEAP) for Heap_Mem
    startup_stm32f10x_hd.o(.text) refers to startup_stm32f10x_hd.o(STACK) for Stack_Mem
    stm32f10x_adc.o(i.ADC_DeInit) refers to stm32f10x_rcc.o(i.RCC_APB2PeriphResetCmd) for RCC_APB2PeriphResetCmd
    stm32f10x_bkp.o(i.BKP_DeInit) refers to stm32f10x_rcc.o(i.RCC_BackupResetCmd) for RCC_BackupResetCmd
    stm32f10x_can.o(i.CAN_DeInit) refers to stm32f10x_rcc.o(i.RCC_APB1PeriphResetCmd) for RCC_APB1PeriphResetCmd
    stm32f10x_can.o(i.CAN_GetITStatus) refers to stm32f10x_can.o(i.CheckITStatus) for CheckITStatus
    stm32f10x_cec.o(i.CEC_DeInit) refers to stm32f10x_rcc.o(i.RCC_APB1PeriphResetCmd) for RCC_APB1PeriphResetCmd
    stm32f10x_dac.o(i.DAC_DeInit) refers to stm32f10x_rcc.o(i.RCC_APB1PeriphResetCmd) for RCC_APB1PeriphResetCmd
    stm32f10x_flash.o(i.FLASH_EnableWriteProtection) refers to stm32f10x_flash.o(i.FLASH_WaitForLastOperation) for FLASH_WaitForLastOperation
    stm32f10x_flash.o(i.FLASH_EraseAllBank1Pages) refers to stm32f10x_flash.o(i.FLASH_WaitForLastBank1Operation) for FLASH_WaitForLastBank1Operation
    stm32f10x_flash.o(i.FLASH_EraseAllPages) refers to stm32f10x_flash.o(i.FLASH_WaitForLastOperation) for FLASH_WaitForLastOperation
    stm32f10x_flash.o(i.FLASH_EraseOptionBytes) refers to stm32f10x_flash.o(i.FLASH_GetReadOutProtectionStatus) for FLASH_GetReadOutProtectionStatus
    stm32f10x_flash.o(i.FLASH_EraseOptionBytes) refers to stm32f10x_flash.o(i.FLASH_WaitForLastOperation) for FLASH_WaitForLastOperation
    stm32f10x_flash.o(i.FLASH_ErasePage) refers to stm32f10x_flash.o(i.FLASH_WaitForLastOperation) for FLASH_WaitForLastOperation
    stm32f10x_flash.o(i.FLASH_ProgramHalfWord) refers to stm32f10x_flash.o(i.FLASH_WaitForLastOperation) for FLASH_WaitForLastOperation
    stm32f10x_flash.o(i.FLASH_ProgramOptionByteData) refers to stm32f10x_flash.o(i.FLASH_WaitForLastOperation) for FLASH_WaitForLastOperation
    stm32f10x_flash.o(i.FLASH_ProgramWord) refers to stm32f10x_flash.o(i.FLASH_WaitForLastOperation) for FLASH_WaitForLastOperation
    stm32f10x_flash.o(i.FLASH_ReadOutProtection) refers to stm32f10x_flash.o(i.FLASH_WaitForLastOperation) for FLASH_WaitForLastOperation
    stm32f10x_flash.o(i.FLASH_UserOptionByteConfig) refers to stm32f10x_flash.o(i.FLASH_WaitForLastOperation) for FLASH_WaitForLastOperation
    stm32f10x_flash.o(i.FLASH_WaitForLastBank1Operation) refers to stm32f10x_flash.o(i.FLASH_GetBank1Status) for FLASH_GetBank1Status
    stm32f10x_flash.o(i.FLASH_WaitForLastOperation) refers to stm32f10x_flash.o(i.FLASH_GetBank1Status) for FLASH_GetBank1Status
    stm32f10x_gpio.o(i.GPIO_AFIODeInit) refers to stm32f10x_rcc.o(i.RCC_APB2PeriphResetCmd) for RCC_APB2PeriphResetCmd
    stm32f10x_gpio.o(i.GPIO_DeInit) refers to stm32f10x_rcc.o(i.RCC_APB2PeriphResetCmd) for RCC_APB2PeriphResetCmd
    stm32f10x_i2c.o(i.I2C_DeInit) refers to stm32f10x_rcc.o(i.RCC_APB1PeriphResetCmd) for RCC_APB1PeriphResetCmd
    stm32f10x_i2c.o(i.I2C_Init) refers to stm32f10x_rcc.o(i.RCC_GetClocksFreq) for RCC_GetClocksFreq
    stm32f10x_pwr.o(i.PWR_DeInit) refers to stm32f10x_rcc.o(i.RCC_APB1PeriphResetCmd) for RCC_APB1PeriphResetCmd
    stm32f10x_rcc.o(i.RCC_GetClocksFreq) refers to stm32f10x_rcc.o(.data) for APBAHBPrescTable
    stm32f10x_rcc.o(i.RCC_WaitForHSEStartUp) refers to stm32f10x_rcc.o(i.RCC_GetFlagStatus) for RCC_GetFlagStatus
    stm32f10x_rtc.o(i.RTC_SetAlarm) refers to stm32f10x_rtc.o(i.RTC_EnterConfigMode) for RTC_EnterConfigMode
    stm32f10x_rtc.o(i.RTC_SetAlarm) refers to stm32f10x_rtc.o(i.RTC_ExitConfigMode) for RTC_ExitConfigMode
    stm32f10x_rtc.o(i.RTC_SetCounter) refers to stm32f10x_rtc.o(i.RTC_EnterConfigMode) for RTC_EnterConfigMode
    stm32f10x_rtc.o(i.RTC_SetCounter) refers to stm32f10x_rtc.o(i.RTC_ExitConfigMode) for RTC_ExitConfigMode
    stm32f10x_rtc.o(i.RTC_SetPrescaler) refers to stm32f10x_rtc.o(i.RTC_EnterConfigMode) for RTC_EnterConfigMode
    stm32f10x_rtc.o(i.RTC_SetPrescaler) refers to stm32f10x_rtc.o(i.RTC_ExitConfigMode) for RTC_ExitConfigMode
    stm32f10x_spi.o(i.I2S_Init) refers to stm32f10x_rcc.o(i.RCC_GetClocksFreq) for RCC_GetClocksFreq
    stm32f10x_spi.o(i.SPI_I2S_DeInit) refers to stm32f10x_rcc.o(i.RCC_APB2PeriphResetCmd) for RCC_APB2PeriphResetCmd
    stm32f10x_spi.o(i.SPI_I2S_DeInit) refers to stm32f10x_rcc.o(i.RCC_APB1PeriphResetCmd) for RCC_APB1PeriphResetCmd
    stm32f10x_tim.o(i.TIM_DeInit) refers to stm32f10x_rcc.o(i.RCC_APB2PeriphResetCmd) for RCC_APB2PeriphResetCmd
    stm32f10x_tim.o(i.TIM_DeInit) refers to stm32f10x_rcc.o(i.RCC_APB1PeriphResetCmd) for RCC_APB1PeriphResetCmd
    stm32f10x_tim.o(i.TIM_ETRClockMode1Config) refers to stm32f10x_tim.o(i.TIM_ETRConfig) for TIM_ETRConfig
    stm32f10x_tim.o(i.TIM_ETRClockMode2Config) refers to stm32f10x_tim.o(i.TIM_ETRConfig) for TIM_ETRConfig
    stm32f10x_tim.o(i.TIM_ICInit) refers to stm32f10x_tim.o(i.TI1_Config) for TI1_Config
    stm32f10x_tim.o(i.TIM_ICInit) refers to stm32f10x_tim.o(i.TIM_SetIC1Prescaler) for TIM_SetIC1Prescaler
    stm32f10x_tim.o(i.TIM_ICInit) refers to stm32f10x_tim.o(i.TI2_Config) for TI2_Config
    stm32f10x_tim.o(i.TIM_ICInit) refers to stm32f10x_tim.o(i.TIM_SetIC2Prescaler) for TIM_SetIC2Prescaler
    stm32f10x_tim.o(i.TIM_ICInit) refers to stm32f10x_tim.o(i.TI3_Config) for TI3_Config
    stm32f10x_tim.o(i.TIM_ICInit) refers to stm32f10x_tim.o(i.TIM_SetIC3Prescaler) for TIM_SetIC3Prescaler
    stm32f10x_tim.o(i.TIM_ICInit) refers to stm32f10x_tim.o(i.TI4_Config) for TI4_Config
    stm32f10x_tim.o(i.TIM_ICInit) refers to stm32f10x_tim.o(i.TIM_SetIC4Prescaler) for TIM_SetIC4Prescaler
    stm32f10x_tim.o(i.TIM_ITRxExternalClockConfig) refers to stm32f10x_tim.o(i.TIM_SelectInputTrigger) for TIM_SelectInputTrigger
    stm32f10x_tim.o(i.TIM_PWMIConfig) refers to stm32f10x_tim.o(i.TI1_Config) for TI1_Config
    stm32f10x_tim.o(i.TIM_PWMIConfig) refers to stm32f10x_tim.o(i.TIM_SetIC1Prescaler) for TIM_SetIC1Prescaler
    stm32f10x_tim.o(i.TIM_PWMIConfig) refers to stm32f10x_tim.o(i.TI2_Config) for TI2_Config
    stm32f10x_tim.o(i.TIM_PWMIConfig) refers to stm32f10x_tim.o(i.TIM_SetIC2Prescaler) for TIM_SetIC2Prescaler
    stm32f10x_tim.o(i.TIM_TIxExternalClockConfig) refers to stm32f10x_tim.o(i.TI2_Config) for TI2_Config
    stm32f10x_tim.o(i.TIM_TIxExternalClockConfig) refers to stm32f10x_tim.o(i.TI1_Config) for TI1_Config
    stm32f10x_tim.o(i.TIM_TIxExternalClockConfig) refers to stm32f10x_tim.o(i.TIM_SelectInputTrigger) for TIM_SelectInputTrigger
    stm32f10x_usart.o(i.USART_DeInit) refers to stm32f10x_rcc.o(i.RCC_APB2PeriphResetCmd) for RCC_APB2PeriphResetCmd
    stm32f10x_usart.o(i.USART_DeInit) refers to stm32f10x_rcc.o(i.RCC_APB1PeriphResetCmd) for RCC_APB1PeriphResetCmd
    stm32f10x_usart.o(i.USART_Init) refers to stm32f10x_rcc.o(i.RCC_GetClocksFreq) for RCC_GetClocksFreq
    stm32f10x_wwdg.o(i.WWDG_DeInit) refers to stm32f10x_rcc.o(i.RCC_APB1PeriphResetCmd) for RCC_APB1PeriphResetCmd
    board.o(i.Game_Draw) refers to _printf_percent.o(.ARM.Collect$$_printf_percent$$00000000) for _printf_percent
    board.o(i.Game_Draw) refers to _printf_d.o(.ARM.Collect$$_printf_percent$$00000009) for _printf_d
    board.o(i.Game_Draw) refers to _printf_dec.o(.text) for _printf_int_dec
    board.o(i.Game_Draw) refers to noretval__2sprintf.o(.text) for __2sprintf
    board.o(i.Game_Draw) refers to board.o(i.lcd_showString) for lcd_showString
    board.o(i.Game_Draw) refers to ierg3810_tftlcd.o(i.lcd_fillRectangle) for lcd_fillRectangle
    board.o(i.Game_Draw) refers to board.o(i.TFTLCD_ShowString_Centered) for TFTLCD_ShowString_Centered
    board.o(i.Game_Draw) refers to board.o(i.Game_DrawApple) for Game_DrawApple
    board.o(i.Game_Draw) refers to board.o(.data) for current_level_index
    board.o(i.Game_Draw) refers to board.o(.bss) for stones
    board.o(i.Game_DrawApple) refers to ierg3810_tftlcd.o(i.lcd_fillRectangle) for lcd_fillRectangle
    board.o(i.Game_DrawApple) refers to board.o(.constdata) for apple_pixel_data
    board.o(i.Game_DrawBoard) refers to ierg3810_tftlcd.o(i.lcd_fillRectangle) for lcd_fillRectangle
    board.o(i.Game_DrawGameOverScreen) refers to _printf_percent.o(.ARM.Collect$$_printf_percent$$00000000) for _printf_percent
    board.o(i.Game_DrawGameOverScreen) refers to _printf_d.o(.ARM.Collect$$_printf_percent$$00000009) for _printf_d
    board.o(i.Game_DrawGameOverScreen) refers to _printf_dec.o(.text) for _printf_int_dec
    board.o(i.Game_DrawGameOverScreen) refers to noretval__2sprintf.o(.text) for __2sprintf
    board.o(i.Game_DrawGameOverScreen) refers to board.o(i.lcd_clear) for lcd_clear
    board.o(i.Game_DrawGameOverScreen) refers to board.o(i.TFTLCD_ShowString_Centered) for TFTLCD_ShowString_Centered
    board.o(i.Game_DrawGameOverScreen) refers to board.o(.data) for score
    board.o(i.Game_DrawGameWonScreen) refers to _printf_percent.o(.ARM.Collect$$_printf_percent$$00000000) for _printf_percent
    board.o(i.Game_DrawGameWonScreen) refers to _printf_d.o(.ARM.Collect$$_printf_percent$$00000009) for _printf_d
    board.o(i.Game_DrawGameWonScreen) refers to _printf_dec.o(.text) for _printf_int_dec
    board.o(i.Game_DrawGameWonScreen) refers to noretval__2sprintf.o(.text) for __2sprintf
    board.o(i.Game_DrawGameWonScreen) refers to board.o(i.lcd_clear) for lcd_clear
    board.o(i.Game_DrawGameWonScreen) refers to board.o(i.TFTLCD_ShowString_Centered) for TFTLCD_ShowString_Centered
    board.o(i.Game_DrawGameWonScreen) refers to board.o(.data) for score
    board.o(i.Game_DrawInstructions) refers to board.o(i.lcd_clear) for lcd_clear
    board.o(i.Game_DrawInstructions) refers to board.o(i.TFTLCD_ShowString_Centered) for TFTLCD_ShowString_Centered
    board.o(i.Game_DrawInstructions) refers to board.o(i.lcd_showString) for lcd_showString
    board.o(i.Game_DrawInstructions) refers to board.o(i.Starfield_Refresh_Visibility) for Starfield_Refresh_Visibility
    board.o(i.Game_DrawMenu) refers to board.o(i.lcd_clear) for lcd_clear
    board.o(i.Game_DrawMenu) refers to board.o(i.TFTLCD_ShowString_Centered) for TFTLCD_ShowString_Centered
    board.o(i.Game_DrawMenu) refers to board.o(i.Game_DrawMenuList) for Game_DrawMenuList
    board.o(i.Game_DrawMenu) refers to board.o(i.Starfield_Refresh_Visibility) for Starfield_Refresh_Visibility
    board.o(i.Game_DrawMenuList) refers to _printf_pad.o(.text) for _printf_pre_padding
    board.o(i.Game_DrawMenuList) refers to _printf_percent.o(.ARM.Collect$$_printf_percent$$00000000) for _printf_percent
    board.o(i.Game_DrawMenuList) refers to _printf_s.o(.ARM.Collect$$_printf_percent$$00000014) for _printf_s
    board.o(i.Game_DrawMenuList) refers to _printf_str.o(.text) for _printf_str
    board.o(i.Game_DrawMenuList) refers to rt_memcpy_w.o(.text) for __aeabi_memcpy4
    board.o(i.Game_DrawMenuList) refers to noretval__2sprintf.o(.text) for __2sprintf
    board.o(i.Game_DrawMenuList) refers to board.o(i.TFTLCD_ShowString_Centered) for TFTLCD_ShowString_Centered
    board.o(i.Game_DrawMenuList) refers to board.o(.constdata) for .constdata
    board.o(i.Game_DrawMenuList) refers to board.o(.data) for selected_level_index
    board.o(i.Game_DrawPauseMenu) refers to ierg3810_tftlcd.o(i.lcd_fillRectangle) for lcd_fillRectangle
    board.o(i.Game_DrawPauseMenu) refers to board.o(i.TFTLCD_ShowString_Centered) for TFTLCD_ShowString_Centered
    board.o(i.Game_DrawPauseMenu) refers to board.o(i.lcd_showString) for lcd_showString
    board.o(i.Game_DrawPauseMenu) refers to board.o(.data) for pause_selection
    board.o(i.Game_DrawSnakeArt) refers to ierg3810_tftlcd.o(i.lcd_fillRectangle) for lcd_fillRectangle
    board.o(i.Game_DrawSnakeArt) refers to board.o(.data) for snake_pixel_art
    board.o(i.Game_DrawStartScreen) refers to board.o(i.lcd_clear) for lcd_clear
    board.o(i.Game_DrawStartScreen) refers to board.o(i.Game_DrawApple) for Game_DrawApple
    board.o(i.Game_DrawStartScreen) refers to board.o(i.Game_DrawSnakeArt) for Game_DrawSnakeArt
    board.o(i.Game_DrawStartScreen) refers to board.o(i.TFTLCD_ShowString_Centered) for TFTLCD_ShowString_Centered
    board.o(i.Game_DrawStartScreen) refers to ierg3810_tftlcd.o(i.lcd_showChar) for lcd_showChar
    board.o(i.Game_DrawStartScreen) refers to ierg3810_tftlcd.o(i.lcd_showChinChar) for lcd_showChinChar
    board.o(i.Game_DrawStartScreen) refers to board.o(i.Starfield_Refresh_Visibility) for Starfield_Refresh_Visibility
    board.o(i.Game_Init) refers to _printf_percent.o(.ARM.Collect$$_printf_percent$$00000000) for _printf_percent
    board.o(i.Game_Init) refers to _printf_d.o(.ARM.Collect$$_printf_percent$$00000009) for _printf_d
    board.o(i.Game_Init) refers to _printf_dec.o(.text) for _printf_int_dec
    board.o(i.Game_Init) refers to board.o(i.Generate_Safe_Point) for Generate_Safe_Point
    board.o(i.Game_Init) refers to board.o(i.lcd_clear) for lcd_clear
    board.o(i.Game_Init) refers to board.o(i.Game_DrawBoard) for Game_DrawBoard
    board.o(i.Game_Init) refers to noretval__2sprintf.o(.text) for __2sprintf
    board.o(i.Game_Init) refers to board.o(i.lcd_showString) for lcd_showString
    board.o(i.Game_Init) refers to board.o(.data) for current_level_index
    board.o(i.Game_Init) refers to board.o(.bss) for snake
    board.o(i.Game_MoveStones) refers to rt_memcpy_w.o(.text) for __aeabi_memcpy4
    board.o(i.Game_MoveStones) refers to rand.o(.emb_text) for rand
    board.o(i.Game_MoveStones) refers to board.o(i.Is_Occupied) for Is_Occupied
    board.o(i.Game_MoveStones) refers to ierg3810_tftlcd.o(i.lcd_fillRectangle) for lcd_fillRectangle
    board.o(i.Game_MoveStones) refers to board.o(.constdata) for .constdata
    board.o(i.Game_MoveStones) refers to board.o(.data) for current_level_index
    board.o(i.Game_MoveStones) refers to board.o(.bss) for stones
    board.o(i.Game_RedrawScreen) refers to _printf_percent.o(.ARM.Collect$$_printf_percent$$00000000) for _printf_percent
    board.o(i.Game_RedrawScreen) refers to _printf_d.o(.ARM.Collect$$_printf_percent$$00000009) for _printf_d
    board.o(i.Game_RedrawScreen) refers to _printf_dec.o(.text) for _printf_int_dec
    board.o(i.Game_RedrawScreen) refers to board.o(i.lcd_clear) for lcd_clear
    board.o(i.Game_RedrawScreen) refers to board.o(i.Game_DrawBoard) for Game_DrawBoard
    board.o(i.Game_RedrawScreen) refers to noretval__2sprintf.o(.text) for __2sprintf
    board.o(i.Game_RedrawScreen) refers to board.o(i.lcd_showString) for lcd_showString
    board.o(i.Game_RedrawScreen) refers to board.o(i.Game_Draw) for Game_Draw
    board.o(i.Game_RedrawScreen) refers to board.o(.data) for current_level_index
    board.o(i.Game_Update) refers to board.o(i.Infinity_Mode_Update) for Infinity_Mode_Update
    board.o(i.Game_Update) refers to board.o(i.Play_Buzzer_Sound) for Play_Buzzer_Sound
    board.o(i.Game_Update) refers to ierg3810_tftlcd.o(i.lcd_fillRectangle) for lcd_fillRectangle
    board.o(i.Game_Update) refers to board.o(i.Generate_Safe_Point) for Generate_Safe_Point
    board.o(i.Game_Update) refers to board.o(i.Game_MoveStones) for Game_MoveStones
    board.o(i.Game_Update) refers to board.o(.data) for direction_changed_this_tick
    board.o(i.Game_Update) refers to board.o(.bss) for snake
    board.o(i.Game_Update) refers to test.o(.data) for led_flash_counter
    board.o(i.Generate_Safe_Point) refers to rand.o(.emb_text) for rand
    board.o(i.Generate_Safe_Point) refers to board.o(i.Is_Occupied) for Is_Occupied
    board.o(i.Generate_Safe_Point) refers to board.o(.data) for current_level_index
    board.o(i.Infinity_Level_Up) refers to board.o(i.Generate_Safe_Point) for Generate_Safe_Point
    board.o(i.Infinity_Level_Up) refers to board.o(.bss) for stones
    board.o(i.Infinity_Level_Up) refers to board.o(.data) for num_active_poisons
    board.o(i.Infinity_Mode_Update) refers to board.o(i.Infinity_Level_Up) for Infinity_Level_Up
    board.o(i.Infinity_Mode_Update) refers to rt_memcpy_w.o(.text) for __aeabi_memcpy4
    board.o(i.Infinity_Mode_Update) refers to board.o(.data) for score
    board.o(i.Is_Occupied) refers to board.o(.data) for current_level_index
    board.o(i.Is_Occupied) refers to board.o(.bss) for snake
    board.o(i.Is_Pos_Safe_For_Star) refers to board.o(.data) for current_state
    board.o(i.Play_Buzzer_Sound) refers to ierg3810_buzzer.o(i.Buzzer_On) for Buzzer_On
    board.o(i.Play_Buzzer_Sound) refers to board.o(i.delay_ms) for delay_ms
    board.o(i.Play_Buzzer_Sound) refers to ierg3810_buzzer.o(i.Buzzer_Off) for Buzzer_Off
    board.o(i.Starfield_Init) refers to rand.o(.emb_text) for rand
    board.o(i.Starfield_Init) refers to board.o(.bss) for stars
    board.o(i.Starfield_Refresh_Visibility) refers to board.o(i.Is_Pos_Safe_For_Star) for Is_Pos_Safe_For_Star
    board.o(i.Starfield_Refresh_Visibility) refers to board.o(.bss) for stars
    board.o(i.Starfield_Update) refers to board.o(i.Is_Pos_Safe_For_Star) for Is_Pos_Safe_For_Star
    board.o(i.Starfield_Update) refers to ierg3810_tftlcd.o(i.lcd_fillRectangle) for lcd_fillRectangle
    board.o(i.Starfield_Update) refers to rand.o(.emb_text) for rand
    board.o(i.Starfield_Update) refers to board.o(.bss) for stars
    board.o(i.TFTLCD_ShowString_Centered) refers to strlen.o(.text) for strlen
    board.o(i.TFTLCD_ShowString_Centered) refers to board.o(i.lcd_showString) for lcd_showString
    board.o(i.Update_HighScore) refers to board.o(.data) for current_level_index
    board.o(i.lcd_clear) refers to ierg3810_tftlcd.o(i.lcd_fillRectangle) for lcd_fillRectangle
    board.o(i.lcd_showString) refers to ierg3810_tftlcd.o(i.lcd_showChar) for lcd_showChar
    board.o(.constdata) refers to board.o(.conststring) for .conststring
    board.o(.data) refers to board.o(.conststring) for .conststring
    ierg3810_buzzer.o(i.Buzzer_Toggle) refers to ierg3810_buzzer.o(i.Buzzer_Off) for Buzzer_Off
    ierg3810_buzzer.o(i.Buzzer_Toggle) refers to ierg3810_buzzer.o(i.Buzzer_On) for Buzzer_On
    ierg3810_io.o(i.io_init) refers to ierg3810_led.o(i.IERG3810_LED_Init) for IERG3810_LED_Init
    ierg3810_io.o(i.io_init) refers to ierg3810_key.o(i.IERG3810_KEY_Init) for IERG3810_KEY_Init
    ierg3810_io.o(i.io_init) refers to ierg3810_buzzer.o(i.IERG3810_Buzzer_Init) for IERG3810_Buzzer_Init
    ierg3810_tftlcd.o(i.lcd_9341_setParameter) refers to ierg3810_tftlcd.o(i.lcd_wr_reg) for lcd_wr_reg
    ierg3810_tftlcd.o(i.lcd_9341_setParameter) refers to ierg3810_tftlcd.o(i.lcd_wr_data) for lcd_wr_data
    ierg3810_tftlcd.o(i.lcd_drawDot) refers to ierg3810_tftlcd.o(i.lcd_wr_reg) for lcd_wr_reg
    ierg3810_tftlcd.o(i.lcd_drawDot) refers to ierg3810_tftlcd.o(i.lcd_wr_data) for lcd_wr_data
    ierg3810_tftlcd.o(i.lcd_draw_segment_a) refers to ierg3810_tftlcd.o(i.lcd_fillRectangle) for lcd_fillRectangle
    ierg3810_tftlcd.o(i.lcd_draw_segment_b) refers to ierg3810_tftlcd.o(i.lcd_fillRectangle) for lcd_fillRectangle
    ierg3810_tftlcd.o(i.lcd_draw_segment_c) refers to ierg3810_tftlcd.o(i.lcd_fillRectangle) for lcd_fillRectangle
    ierg3810_tftlcd.o(i.lcd_draw_segment_d) refers to ierg3810_tftlcd.o(i.lcd_fillRectangle) for lcd_fillRectangle
    ierg3810_tftlcd.o(i.lcd_draw_segment_e) refers to ierg3810_tftlcd.o(i.lcd_fillRectangle) for lcd_fillRectangle
    ierg3810_tftlcd.o(i.lcd_draw_segment_f) refers to ierg3810_tftlcd.o(i.lcd_fillRectangle) for lcd_fillRectangle
    ierg3810_tftlcd.o(i.lcd_draw_segment_g) refers to ierg3810_tftlcd.o(i.lcd_fillRectangle) for lcd_fillRectangle
    ierg3810_tftlcd.o(i.lcd_fillRectangle) refers to ierg3810_tftlcd.o(i.lcd_wr_reg) for lcd_wr_reg
    ierg3810_tftlcd.o(i.lcd_fillRectangle) refers to ierg3810_tftlcd.o(i.lcd_wr_data) for lcd_wr_data
    ierg3810_tftlcd.o(i.lcd_fillRectangle) refers to ierg3810_usart.o(i.delay) for delay
    ierg3810_tftlcd.o(i.lcd_init) refers to ierg3810_tftlcd.o(i.lcd_9341_setParameter) for lcd_9341_setParameter
    ierg3810_tftlcd.o(i.lcd_init) refers to ierg3810_tftlcd.o(i.lcd_backlight_init) for lcd_backlight_init
    ierg3810_tftlcd.o(i.lcd_sevenSegment) refers to ierg3810_tftlcd.o(i.lcd_draw_segment_a) for lcd_draw_segment_a
    ierg3810_tftlcd.o(i.lcd_sevenSegment) refers to ierg3810_tftlcd.o(i.lcd_draw_segment_b) for lcd_draw_segment_b
    ierg3810_tftlcd.o(i.lcd_sevenSegment) refers to ierg3810_tftlcd.o(i.lcd_draw_segment_c) for lcd_draw_segment_c
    ierg3810_tftlcd.o(i.lcd_sevenSegment) refers to ierg3810_tftlcd.o(i.lcd_draw_segment_d) for lcd_draw_segment_d
    ierg3810_tftlcd.o(i.lcd_sevenSegment) refers to ierg3810_tftlcd.o(i.lcd_draw_segment_e) for lcd_draw_segment_e
    ierg3810_tftlcd.o(i.lcd_sevenSegment) refers to ierg3810_tftlcd.o(i.lcd_draw_segment_f) for lcd_draw_segment_f
    ierg3810_tftlcd.o(i.lcd_sevenSegment) refers to ierg3810_tftlcd.o(i.lcd_draw_segment_g) for lcd_draw_segment_g
    ierg3810_tftlcd.o(i.lcd_showChar) refers to ierg3810_tftlcd.o(i.lcd_drawDot) for lcd_drawDot
    ierg3810_tftlcd.o(i.lcd_showChar) refers to ierg3810_tftlcd.o(.constdata) for asc2_1608
    ierg3810_tftlcd.o(i.lcd_showChinChar) refers to ierg3810_tftlcd.o(i.lcd_drawDot) for lcd_drawDot
    ierg3810_tftlcd.o(i.lcd_showChinChar) refers to ierg3810_tftlcd.o(.constdata) for chi_1616
    ierg3810_usart.o(i.usart1_init) refers to fflt_clz.o(x$fpl$ffltu) for __aeabi_ui2f
    ierg3810_usart.o(i.usart1_init) refers to fdiv.o(x$fpl$fdiv) for __aeabi_fdiv
    ierg3810_usart.o(i.usart1_init) refers to ffixu.o(x$fpl$ffixu) for __aeabi_f2uiz
    ierg3810_usart.o(i.usart1_init) refers to faddsub_clz.o(x$fpl$frsb) for __aeabi_frsub
    ierg3810_usart.o(i.usart1_init) refers to fmul.o(x$fpl$fmul) for __aeabi_fmul
    ierg3810_usart.o(i.usart2_init) refers to fflt_clz.o(x$fpl$ffltu) for __aeabi_ui2f
    ierg3810_usart.o(i.usart2_init) refers to fdiv.o(x$fpl$fdiv) for __aeabi_fdiv
    ierg3810_usart.o(i.usart2_init) refers to ffixu.o(x$fpl$ffixu) for __aeabi_f2uiz
    ierg3810_usart.o(i.usart2_init) refers to faddsub_clz.o(x$fpl$frsb) for __aeabi_frsub
    ierg3810_usart.o(i.usart2_init) refers to fmul.o(x$fpl$fmul) for __aeabi_fmul
    joypad.o(i.JoyPad_Read) refers to joypad.o(i.JoyPad_Delay) for JoyPad_Delay
    __2sprintf.o(.text) refers to _printf_char_common.o(.text) for _printf_char_common
    __2sprintf.o(.text) refers to _sputc.o(.text) for _sputc
    noretval__2sprintf.o(.text) refers to _printf_char_common.o(.text) for _printf_char_common
    noretval__2sprintf.o(.text) refers to _sputc.o(.text) for _sputc
    __printf.o(.text) refers to _printf_percent.o(.ARM.Collect$$_printf_percent$$00000000) for _printf_percent
    _printf_str.o(.text) refers (Special) to _printf_char.o(.text) for _printf_cs_common
    _printf_str.o(.text) refers (Weak) to _printf_pad.o(.text) for _printf_pre_padding
    _printf_str.o(.text) refers (Weak) to _printf_pad.o(.text) for _printf_post_padding
    _printf_dec.o(.text) refers to _printf_intcommon.o(.text) for _printf_int_common
    __printf_flags.o(.text) refers to _printf_percent.o(.ARM.Collect$$_printf_percent$$00000000) for _printf_percent
    __printf_flags.o(.text) refers to __printf_flags.o(.constdata) for .constdata
    __printf_ss.o(.text) refers to _printf_percent.o(.ARM.Collect$$_printf_percent$$00000000) for _printf_percent
    __printf_flags_ss.o(.text) refers to _printf_percent.o(.ARM.Collect$$_printf_percent$$00000000) for _printf_percent
    __printf_flags_ss.o(.text) refers to __printf_flags_ss.o(.constdata) for .constdata
    __printf_wp.o(.text) refers to __printf_wp.o(i._is_digit) for _is_digit
    __printf_wp.o(.text) refers to _printf_percent.o(.ARM.Collect$$_printf_percent$$00000000) for _printf_percent
    __printf_flags_wp.o(.text) refers to __printf_wp.o(i._is_digit) for _is_digit
    __printf_flags_wp.o(.text) refers to _printf_percent.o(.ARM.Collect$$_printf_percent$$00000000) for _printf_percent
    __printf_flags_wp.o(.text) refers to __printf_flags_wp.o(.constdata) for .constdata
    __printf_ss_wp.o(.text) refers to __printf_wp.o(i._is_digit) for _is_digit
    __printf_ss_wp.o(.text) refers to _printf_percent.o(.ARM.Collect$$_printf_percent$$00000000) for _printf_percent
    __printf_flags_ss_wp.o(.text) refers to __printf_wp.o(i._is_digit) for _is_digit
    __printf_flags_ss_wp.o(.text) refers to _printf_percent.o(.ARM.Collect$$_printf_percent$$00000000) for _printf_percent
    __printf_flags_ss_wp.o(.text) refers to __printf_flags_ss_wp.o(.constdata) for .constdata
    _printf_s.o(.ARM.Collect$$_printf_percent$$00000014) refers (Weak) to _printf_char.o(.text) for _printf_string
    _printf_d.o(.ARM.Collect$$_printf_percent$$00000009) refers (Weak) to _printf_dec.o(.text) for _printf_int_dec
    _printf_percent.o(.ARM.Collect$$_printf_percent$$00000000) refers (Special) to _printf_percent_end.o(.ARM.Collect$$_printf_percent$$00000017) for _printf_percent_end
    rand.o(.emb_text) refers (Special) to libinit2.o(.ARM.Collect$$libinit$$0000000D) for __rt_lib_init_rand_2
    rand.o(.emb_text) refers to rand.o(.text) for _rand_init
    rand.o(.emb_text) refers to rand.o(.bss) for _random_number_data
    rand.o(.text) refers (Special) to libinit2.o(.ARM.Collect$$libinit$$0000000D) for __rt_lib_init_rand_2
    rand.o(.text) refers to rand.o(.bss) for .bss
    rand.o(.bss) refers (Special) to libinit2.o(.ARM.Collect$$libinit$$0000000D) for __rt_lib_init_rand_2
    __main.o(!!!main) refers to __rtentry.o(.ARM.Collect$$rtentry$$00000000) for __rt_entry
    faddsub_clz.o(x$fpl$fadd) refers (Special) to usenofp.o(x$fpl$usenofp) for __I$use$fp
    faddsub_clz.o(x$fpl$fadd) refers to faddsub_clz.o(x$fpl$fsub) for _fsub1
    faddsub_clz.o(x$fpl$fadd) refers to fretinf.o(x$fpl$fretinf) for __fpl_fretinf
    faddsub_clz.o(x$fpl$fadd) refers to fnaninf.o(x$fpl$fnaninf) for __fpl_fnaninf
    faddsub_clz.o(x$fpl$frsb) refers (Special) to usenofp.o(x$fpl$usenofp) for __I$use$fp
    faddsub_clz.o(x$fpl$frsb) refers to faddsub_clz.o(x$fpl$fadd) for _fadd1
    faddsub_clz.o(x$fpl$frsb) refers to faddsub_clz.o(x$fpl$fsub) for _fsub1
    faddsub_clz.o(x$fpl$fsub) refers (Special) to usenofp.o(x$fpl$usenofp) for __I$use$fp
    faddsub_clz.o(x$fpl$fsub) refers to faddsub_clz.o(x$fpl$fadd) for _fadd1
    faddsub_clz.o(x$fpl$fsub) refers to fnaninf.o(x$fpl$fnaninf) for __fpl_fnaninf
    fdiv.o(x$fpl$frdiv) refers (Special) to usenofp.o(x$fpl$usenofp) for __I$use$fp
    fdiv.o(x$fpl$frdiv) refers to fdiv.o(x$fpl$fdiv) for _fdiv1
    fdiv.o(x$fpl$fdiv) refers (Special) to usenofp.o(x$fpl$usenofp) for __I$use$fp
    fdiv.o(x$fpl$fdiv) refers to fretinf.o(x$fpl$fretinf) for __fpl_fretinf
    fdiv.o(x$fpl$fdiv) refers to fnaninf.o(x$fpl$fnaninf) for __fpl_fnaninf
    ffixu.o(x$fpl$ffixu) refers (Special) to usenofp.o(x$fpl$usenofp) for __I$use$fp
    ffixu.o(x$fpl$ffixu) refers to fnaninf.o(x$fpl$fnaninf) for __fpl_fnaninf
    ffixu.o(x$fpl$ffixur) refers (Special) to usenofp.o(x$fpl$usenofp) for __I$use$fp
    ffixu.o(x$fpl$ffixur) refers to fnaninf.o(x$fpl$fnaninf) for __fpl_fnaninf
    fflt_clz.o(x$fpl$ffltu) refers (Special) to usenofp.o(x$fpl$usenofp) for __I$use$fp
    fflt_clz.o(x$fpl$fflt) refers (Special) to usenofp.o(x$fpl$usenofp) for __I$use$fp
    fflt_clz.o(x$fpl$ffltn) refers (Special) to usenofp.o(x$fpl$usenofp) for __I$use$fp
    fmul.o(x$fpl$fmul) refers (Special) to usenofp.o(x$fpl$usenofp) for __I$use$fp
    fmul.o(x$fpl$fmul) refers to fretinf.o(x$fpl$fretinf) for __fpl_fretinf
    fmul.o(x$fpl$fmul) refers to fnaninf.o(x$fpl$fnaninf) for __fpl_fnaninf
    __rtentry.o(.ARM.Collect$$rtentry$$00000000) refers (Special) to __rtentry2.o(.ARM.Collect$$rtentry$$0000000A) for __rt_entry_li
    __rtentry.o(.ARM.Collect$$rtentry$$00000000) refers (Special) to __rtentry2.o(.ARM.Collect$$rtentry$$0000000D) for __rt_entry_main
    __rtentry.o(.ARM.Collect$$rtentry$$00000000) refers (Special) to __rtentry2.o(.ARM.Collect$$rtentry$$0000000C) for __rt_entry_postli_1
    __rtentry.o(.ARM.Collect$$rtentry$$00000000) refers (Special) to __rtentry2.o(.ARM.Collect$$rtentry$$00000009) for __rt_entry_postsh_1
    __rtentry.o(.ARM.Collect$$rtentry$$00000000) refers (Special) to __rtentry2.o(.ARM.Collect$$rtentry$$00000002) for __rt_entry_presh_1
    __rtentry.o(.ARM.Collect$$rtentry$$00000000) refers (Special) to __rtentry4.o(.ARM.Collect$$rtentry$$00000004) for __rt_entry_sh
    _printf_intcommon.o(.text) refers (Weak) to _printf_pad.o(.text) for _printf_pre_padding
    _printf_intcommon.o(.text) refers (Weak) to _printf_pad.o(.text) for _printf_pre_padding
    _printf_intcommon.o(.text) refers (Weak) to _printf_pad.o(.text) for _printf_post_padding
    _printf_char_common.o(.text) refers to __printf_flags_wp.o(.text) for __printf
    _printf_char.o(.text) refers (Weak) to _printf_str.o(.text) for _printf_str
    libinit2.o(.ARM.Collect$$libinit$$0000000D) refers (Weak) to rand.o(.text) for _rand_init
    libinit2.o(.ARM.Collect$$libinit$$00000010) refers to libinit2.o(.ARM.Collect$$libinit$$0000000F) for .ARM.Collect$$libinit$$0000000F
    libinit2.o(.ARM.Collect$$libinit$$00000012) refers to libinit2.o(.ARM.Collect$$libinit$$0000000F) for .ARM.Collect$$libinit$$0000000F
    libinit2.o(.ARM.Collect$$libinit$$00000014) refers to libinit2.o(.ARM.Collect$$libinit$$0000000F) for .ARM.Collect$$libinit$$0000000F
    libinit2.o(.ARM.Collect$$libinit$$00000016) refers to libinit2.o(.ARM.Collect$$libinit$$0000000F) for .ARM.Collect$$libinit$$0000000F
    libinit2.o(.ARM.Collect$$libinit$$00000018) refers to libinit2.o(.ARM.Collect$$libinit$$0000000F) for .ARM.Collect$$libinit$$0000000F
    libinit2.o(.ARM.Collect$$libinit$$00000026) refers to argv_veneer.o(.emb_text) for __ARM_argv_veneer
    libinit2.o(.ARM.Collect$$libinit$$00000027) refers to argv_veneer.o(.emb_text) for __ARM_argv_veneer
    fnaninf.o(x$fpl$fnaninf) refers (Special) to usenofp.o(x$fpl$usenofp) for __I$use$fp
    fretinf.o(x$fpl$fretinf) refers (Special) to usenofp.o(x$fpl$usenofp) for __I$use$fp
    __rtentry2.o(.ARM.Collect$$rtentry$$00000008) refers to boardinit2.o(.text) for _platform_post_stackheap_init
    __rtentry2.o(.ARM.Collect$$rtentry$$0000000A) refers to libinit.o(.ARM.Collect$$libinit$$00000000) for __rt_lib_init
    __rtentry2.o(.ARM.Collect$$rtentry$$0000000B) refers to boardinit3.o(.text) for _platform_post_lib_init
    __rtentry2.o(.ARM.Collect$$rtentry$$0000000D) refers to test.o(i.main) for main
    __rtentry2.o(.ARM.Collect$$rtentry$$0000000D) refers to exit.o(.text) for exit
    __rtentry2.o(.ARM.exidx) refers to __rtentry2.o(.ARM.Collect$$rtentry$$00000001) for .ARM.Collect$$rtentry$$00000001
    __rtentry2.o(.ARM.exidx) refers to __rtentry2.o(.ARM.Collect$$rtentry$$00000008) for .ARM.Collect$$rtentry$$00000008
    __rtentry2.o(.ARM.exidx) refers to __rtentry2.o(.ARM.Collect$$rtentry$$0000000A) for .ARM.Collect$$rtentry$$0000000A
    __rtentry2.o(.ARM.exidx) refers to __rtentry2.o(.ARM.Collect$$rtentry$$0000000B) for .ARM.Collect$$rtentry$$0000000B
    __rtentry2.o(.ARM.exidx) refers to __rtentry2.o(.ARM.Collect$$rtentry$$0000000D) for .ARM.Collect$$rtentry$$0000000D
    __rtentry4.o(.ARM.Collect$$rtentry$$00000004) refers to sys_stackheap_outer.o(.text) for __user_setup_stackheap
    __rtentry4.o(.ARM.exidx) refers to __rtentry4.o(.ARM.Collect$$rtentry$$00000004) for .ARM.Collect$$rtentry$$00000004
    argv_veneer.o(.emb_text) refers to no_argv.o(.text) for __ARM_get_argv
    sys_stackheap_outer.o(.text) refers to libspace.o(.text) for __user_perproc_libspace
    sys_stackheap_outer.o(.text) refers to startup_stm32f10x_hd.o(.text) for __user_initial_stackheap
    exit.o(.text) refers to rtexit.o(.ARM.Collect$$rtexit$$00000000) for __rt_exit
    _get_argv_nomalloc.o(.text) refers (Special) to hrguard.o(.text) for __heap_region$guard
    _get_argv_nomalloc.o(.text) refers to defsig_rtmem_outer.o(.text) for __rt_SIGRTMEM
    _get_argv_nomalloc.o(.text) refers to sys_command.o(.text) for _sys_command_string
    libinit.o(.ARM.Collect$$libinit$$00000000) refers (Special) to libinit2.o(.ARM.Collect$$libinit$$0000002E) for __rt_lib_init_alloca_1
    libinit.o(.ARM.Collect$$libinit$$00000000) refers (Special) to libinit2.o(.ARM.Collect$$libinit$$0000002C) for __rt_lib_init_argv_1
    libinit.o(.ARM.Collect$$libinit$$00000000) refers (Special) to libinit2.o(.ARM.Collect$$libinit$$0000001B) for __rt_lib_init_atexit_1
    libinit.o(.ARM.Collect$$libinit$$00000000) refers (Special) to libinit2.o(.ARM.Collect$$libinit$$00000021) for __rt_lib_init_clock_1
    libinit.o(.ARM.Collect$$libinit$$00000000) refers (Special) to libinit2.o(.ARM.Collect$$libinit$$00000032) for __rt_lib_init_cpp_1
    libinit.o(.ARM.Collect$$libinit$$00000000) refers (Special) to libinit2.o(.ARM.Collect$$libinit$$00000030) for __rt_lib_init_exceptions_1
    libinit.o(.ARM.Collect$$libinit$$00000000) refers (Special) to libinit2.o(.ARM.Collect$$libinit$$00000002) for __rt_lib_init_fp_1
    libinit.o(.ARM.Collect$$libinit$$00000000) refers (Special) to libinit2.o(.ARM.Collect$$libinit$$0000001F) for __rt_lib_init_fp_trap_1
    libinit.o(.ARM.Collect$$libinit$$00000000) refers (Special) to libinit2.o(.ARM.Collect$$libinit$$00000023) for __rt_lib_init_getenv_1
    libinit.o(.ARM.Collect$$libinit$$00000000) refers (Special) to libinit2.o(.ARM.Collect$$libinit$$0000000A) for __rt_lib_init_heap_1
    libinit.o(.ARM.Collect$$libinit$$00000000) refers (Special) to libinit2.o(.ARM.Collect$$libinit$$00000011) for __rt_lib_init_lc_collate_1
    libinit.o(.ARM.Collect$$libinit$$00000000) refers (Special) to libinit2.o(.ARM.Collect$$libinit$$00000013) for __rt_lib_init_lc_ctype_1
    libinit.o(.ARM.Collect$$libinit$$00000000) refers (Special) to libinit2.o(.ARM.Collect$$libinit$$00000015) for __rt_lib_init_lc_monetary_1
    libinit.o(.ARM.Collect$$libinit$$00000000) refers (Special) to libinit2.o(.ARM.Collect$$libinit$$00000017) for __rt_lib_init_lc_numeric_1
    libinit.o(.ARM.Collect$$libinit$$00000000) refers (Special) to libinit2.o(.ARM.Collect$$libinit$$00000019) for __rt_lib_init_lc_time_1
    libinit.o(.ARM.Collect$$libinit$$00000000) refers (Special) to libinit2.o(.ARM.Collect$$libinit$$00000004) for __rt_lib_init_preinit_1
    libinit.o(.ARM.Collect$$libinit$$00000000) refers (Special) to libinit2.o(.ARM.Collect$$libinit$$0000000E) for __rt_lib_init_rand_1
    libinit.o(.ARM.Collect$$libinit$$00000000) refers (Special) to libinit2.o(.ARM.Collect$$libinit$$00000033) for __rt_lib_init_return
    libinit.o(.ARM.Collect$$libinit$$00000000) refers (Special) to libinit2.o(.ARM.Collect$$libinit$$0000001D) for __rt_lib_init_signal_1
    libinit.o(.ARM.Collect$$libinit$$00000000) refers (Special) to libinit2.o(.ARM.Collect$$libinit$$00000025) for __rt_lib_init_stdio_1
    libinit.o(.ARM.Collect$$libinit$$00000000) refers (Special) to libinit2.o(.ARM.Collect$$libinit$$0000000C) for __rt_lib_init_user_alloc_1
    sys_command.o(.text) refers (Special) to use_no_semi.o(.text) for __I$use$semihosting
    sys_command.o(.text) refers (Special) to indicate_semi.o(.text) for __semihosting_library_function
    libspace.o(.text) refers to libspace.o(.bss) for __libspace_start
    rtexit.o(.ARM.Collect$$rtexit$$00000000) refers (Special) to rtexit2.o(.ARM.Collect$$rtexit$$00000004) for __rt_exit_exit
    rtexit.o(.ARM.Collect$$rtexit$$00000000) refers (Special) to rtexit2.o(.ARM.Collect$$rtexit$$00000003) for __rt_exit_ls
    rtexit.o(.ARM.Collect$$rtexit$$00000000) refers (Special) to rtexit2.o(.ARM.Collect$$rtexit$$00000002) for __rt_exit_prels_1
    rtexit.o(.ARM.exidx) refers (Special) to rtexit2.o(.ARM.Collect$$rtexit$$00000004) for __rt_exit_exit
    rtexit.o(.ARM.exidx) refers (Special) to rtexit2.o(.ARM.Collect$$rtexit$$00000003) for __rt_exit_ls
    rtexit.o(.ARM.exidx) refers (Special) to rtexit2.o(.ARM.Collect$$rtexit$$00000002) for __rt_exit_prels_1
    rtexit.o(.ARM.exidx) refers to rtexit.o(.ARM.Collect$$rtexit$$00000000) for .ARM.Collect$$rtexit$$00000000
    defsig_rtmem_outer.o(.text) refers to defsig_rtmem_inner.o(.text) for __rt_SIGRTMEM_inner
    defsig_rtmem_outer.o(.text) refers to defsig_exit.o(.text) for __sig_exit
    defsig_rtmem_formal.o(.text) refers to rt_raise.o(.text) for __rt_raise
    rtexit2.o(.ARM.Collect$$rtexit$$00000003) refers to libshutdown.o(.ARM.Collect$$libshutdown$$00000000) for __rt_lib_shutdown
    rtexit2.o(.ARM.Collect$$rtexit$$00000004) refers to sys_exit.o(.text) for _sys_exit
    rtexit2.o(.ARM.exidx) refers to rtexit2.o(.ARM.Collect$$rtexit$$00000001) for .ARM.Collect$$rtexit$$00000001
    rtexit2.o(.ARM.exidx) refers to rtexit2.o(.ARM.Collect$$rtexit$$00000003) for .ARM.Collect$$rtexit$$00000003
    rtexit2.o(.ARM.exidx) refers to rtexit2.o(.ARM.Collect$$rtexit$$00000004) for .ARM.Collect$$rtexit$$00000004
    rt_raise.o(.text) refers to __raise.o(.text) for __raise
    rt_raise.o(.text) refers to sys_exit.o(.text) for _sys_exit
    defsig_exit.o(.text) refers to sys_exit.o(.text) for _sys_exit
    defsig_rtmem_inner.o(.text) refers to defsig_general.o(.text) for __default_signal_display
    sys_exit.o(.text) refers (Special) to use_no_semi.o(.text) for __I$use$semihosting
    sys_exit.o(.text) refers (Special) to indicate_semi.o(.text) for __semihosting_library_function
    __raise.o(.text) refers to defsig.o(CL$$defsig) for __default_signal_handler
    defsig_general.o(.text) refers to sys_wrch.o(.text) for _ttywrch
    libshutdown.o(.ARM.Collect$$libshutdown$$00000000) refers (Special) to libshutdown2.o(.ARM.Collect$$libshutdown$$00000006) for __rt_lib_shutdown_fp_trap_1
    libshutdown.o(.ARM.Collect$$libshutdown$$00000000) refers (Special) to libshutdown2.o(.ARM.Collect$$libshutdown$$0000000E) for __rt_lib_shutdown_heap_1
    libshutdown.o(.ARM.Collect$$libshutdown$$00000000) refers (Special) to libshutdown2.o(.ARM.Collect$$libshutdown$$0000000F) for __rt_lib_shutdown_return
    libshutdown.o(.ARM.Collect$$libshutdown$$00000000) refers (Special) to libshutdown2.o(.ARM.Collect$$libshutdown$$00000009) for __rt_lib_shutdown_signal_1
    libshutdown.o(.ARM.Collect$$libshutdown$$00000000) refers (Special) to libshutdown2.o(.ARM.Collect$$libshutdown$$00000003) for __rt_lib_shutdown_stdio_1
    libshutdown.o(.ARM.Collect$$libshutdown$$00000000) refers (Special) to libshutdown2.o(.ARM.Collect$$libshutdown$$0000000B) for __rt_lib_shutdown_user_alloc_1
    sys_wrch.o(.text) refers (Special) to use_no_semi.o(.text) for __I$use$semihosting
    sys_wrch.o(.text) refers (Special) to indicate_semi.o(.text) for __semihosting_library_function
    defsig.o(CL$$defsig) refers to defsig_rtmem_inner.o(.text) for __rt_SIGRTMEM_inner
    defsig_abrt_inner.o(.text) refers to defsig_general.o(.text) for __default_signal_display
    defsig_fpe_inner.o(.text) refers to defsig_general.o(.text) for __default_signal_display
    defsig_rtred_inner.o(.text) refers to defsig_general.o(.text) for __default_signal_display
    defsig_stak_inner.o(.text) refers to defsig_general.o(.text) for __default_signal_display
    defsig_pvfn_inner.o(.text) refers to defsig_general.o(.text) for __default_signal_display
    defsig_cppl_inner.o(.text) refers to defsig_general.o(.text) for __default_signal_display
    defsig_segv_inner.o(.text) refers to defsig_general.o(.text) for __default_signal_display
    defsig_other.o(.text) refers to defsig_general.o(.text) for __default_signal_display


==============================================================================

Removing Unused input sections from the image.

    Removing core_cm3.o(.emb_text), (32 bytes).
    Removing system_stm32f10x.o(i.SystemCoreClockUpdate), (164 bytes).
    Removing system_stm32f10x.o(.data), (20 bytes).
    Removing misc.o(i.NVIC_Init), (112 bytes).
    Removing misc.o(i.NVIC_PriorityGroupConfig), (20 bytes).
    Removing misc.o(i.NVIC_SetVectorTable), (20 bytes).
    Removing misc.o(i.NVIC_SystemLPConfig), (32 bytes).
    Removing misc.o(i.SysTick_CLKSourceConfig), (40 bytes).
    Removing stm32f10x_adc.o(i.ADC_AnalogWatchdogCmd), (20 bytes).
    Removing stm32f10x_adc.o(i.ADC_AnalogWatchdogSingleChannelConfig), (16 bytes).
    Removing stm32f10x_adc.o(i.ADC_AnalogWatchdogThresholdsConfig), (6 bytes).
    Removing stm32f10x_adc.o(i.ADC_AutoInjectedConvCmd), (22 bytes).
    Removing stm32f10x_adc.o(i.ADC_ClearFlag), (6 bytes).
    Removing stm32f10x_adc.o(i.ADC_ClearITPendingBit), (10 bytes).
    Removing stm32f10x_adc.o(i.ADC_Cmd), (22 bytes).
    Removing stm32f10x_adc.o(i.ADC_DMACmd), (22 bytes).
    Removing stm32f10x_adc.o(i.ADC_DeInit), (92 bytes).
    Removing stm32f10x_adc.o(i.ADC_DiscModeChannelCountConfig), (24 bytes).
    Removing stm32f10x_adc.o(i.ADC_DiscModeCmd), (22 bytes).
    Removing stm32f10x_adc.o(i.ADC_ExternalTrigConvCmd), (22 bytes).
    Removing stm32f10x_adc.o(i.ADC_ExternalTrigInjectedConvCmd), (22 bytes).
    Removing stm32f10x_adc.o(i.ADC_ExternalTrigInjectedConvConfig), (16 bytes).
    Removing stm32f10x_adc.o(i.ADC_GetCalibrationStatus), (20 bytes).
    Removing stm32f10x_adc.o(i.ADC_GetConversionValue), (8 bytes).
    Removing stm32f10x_adc.o(i.ADC_GetDualModeConversionValue), (12 bytes).
    Removing stm32f10x_adc.o(i.ADC_GetFlagStatus), (18 bytes).
    Removing stm32f10x_adc.o(i.ADC_GetITStatus), (36 bytes).
    Removing stm32f10x_adc.o(i.ADC_GetInjectedConversionValue), (28 bytes).
    Removing stm32f10x_adc.o(i.ADC_GetResetCalibrationStatus), (20 bytes).
    Removing stm32f10x_adc.o(i.ADC_GetSoftwareStartConvStatus), (20 bytes).
    Removing stm32f10x_adc.o(i.ADC_GetSoftwareStartInjectedConvCmdStatus), (20 bytes).
    Removing stm32f10x_adc.o(i.ADC_ITConfig), (24 bytes).
    Removing stm32f10x_adc.o(i.ADC_Init), (80 bytes).
    Removing stm32f10x_adc.o(i.ADC_InjectedChannelConfig), (130 bytes).
    Removing stm32f10x_adc.o(i.ADC_InjectedDiscModeCmd), (22 bytes).
    Removing stm32f10x_adc.o(i.ADC_InjectedSequencerLengthConfig), (24 bytes).
    Removing stm32f10x_adc.o(i.ADC_RegularChannelConfig), (184 bytes).
    Removing stm32f10x_adc.o(i.ADC_ResetCalibration), (10 bytes).
    Removing stm32f10x_adc.o(i.ADC_SetInjectedOffset), (20 bytes).
    Removing stm32f10x_adc.o(i.ADC_SoftwareStartConvCmd), (22 bytes).
    Removing stm32f10x_adc.o(i.ADC_SoftwareStartInjectedConvCmd), (22 bytes).
    Removing stm32f10x_adc.o(i.ADC_StartCalibration), (10 bytes).
    Removing stm32f10x_adc.o(i.ADC_StructInit), (18 bytes).
    Removing stm32f10x_adc.o(i.ADC_TempSensorVrefintCmd), (36 bytes).
    Removing stm32f10x_bkp.o(i.BKP_ClearFlag), (20 bytes).
    Removing stm32f10x_bkp.o(i.BKP_ClearITPendingBit), (20 bytes).
    Removing stm32f10x_bkp.o(i.BKP_DeInit), (16 bytes).
    Removing stm32f10x_bkp.o(i.BKP_GetFlagStatus), (12 bytes).
    Removing stm32f10x_bkp.o(i.BKP_GetITStatus), (12 bytes).
    Removing stm32f10x_bkp.o(i.BKP_ITConfig), (12 bytes).
    Removing stm32f10x_bkp.o(i.BKP_RTCOutputConfig), (28 bytes).
    Removing stm32f10x_bkp.o(i.BKP_ReadBackupRegister), (28 bytes).
    Removing stm32f10x_bkp.o(i.BKP_SetRTCCalibrationValue), (28 bytes).
    Removing stm32f10x_bkp.o(i.BKP_TamperPinCmd), (12 bytes).
    Removing stm32f10x_bkp.o(i.BKP_TamperPinLevelConfig), (12 bytes).
    Removing stm32f10x_bkp.o(i.BKP_WriteBackupRegister), (28 bytes).
    Removing stm32f10x_can.o(i.CAN_CancelTransmit), (48 bytes).
    Removing stm32f10x_can.o(i.CAN_ClearFlag), (56 bytes).
    Removing stm32f10x_can.o(i.CAN_ClearITPendingBit), (168 bytes).
    Removing stm32f10x_can.o(i.CAN_DBGFreeze), (22 bytes).
    Removing stm32f10x_can.o(i.CAN_DeInit), (56 bytes).
    Removing stm32f10x_can.o(i.CAN_FIFORelease), (22 bytes).
    Removing stm32f10x_can.o(i.CAN_FilterInit), (264 bytes).
    Removing stm32f10x_can.o(i.CAN_GetFlagStatus), (120 bytes).
    Removing stm32f10x_can.o(i.CAN_GetITStatus), (288 bytes).
    Removing stm32f10x_can.o(i.CAN_GetLSBTransmitErrorCounter), (12 bytes).
    Removing stm32f10x_can.o(i.CAN_GetLastErrorCode), (12 bytes).
    Removing stm32f10x_can.o(i.CAN_GetReceiveErrorCounter), (10 bytes).
    Removing stm32f10x_can.o(i.CAN_ITConfig), (18 bytes).
    Removing stm32f10x_can.o(i.CAN_Init), (276 bytes).
    Removing stm32f10x_can.o(i.CAN_MessagePending), (30 bytes).
    Removing stm32f10x_can.o(i.CAN_OperatingModeRequest), (162 bytes).
    Removing stm32f10x_can.o(i.CAN_Receive), (240 bytes).
    Removing stm32f10x_can.o(i.CAN_SlaveStartBank), (52 bytes).
    Removing stm32f10x_can.o(i.CAN_Sleep), (30 bytes).
    Removing stm32f10x_can.o(i.CAN_StructInit), (32 bytes).
    Removing stm32f10x_can.o(i.CAN_TTComModeCmd), (118 bytes).
    Removing stm32f10x_can.o(i.CAN_Transmit), (294 bytes).
    Removing stm32f10x_can.o(i.CAN_TransmitStatus), (160 bytes).
    Removing stm32f10x_can.o(i.CAN_WakeUp), (48 bytes).
    Removing stm32f10x_can.o(i.CheckITStatus), (18 bytes).
    Removing stm32f10x_cec.o(i.CEC_ClearFlag), (36 bytes).
    Removing stm32f10x_cec.o(i.CEC_ClearITPendingBit), (36 bytes).
    Removing stm32f10x_cec.o(i.CEC_Cmd), (32 bytes).
    Removing stm32f10x_cec.o(i.CEC_DeInit), (22 bytes).
    Removing stm32f10x_cec.o(i.CEC_EndOfMessageCmd), (12 bytes).
    Removing stm32f10x_cec.o(i.CEC_GetFlagStatus), (48 bytes).
    Removing stm32f10x_cec.o(i.CEC_GetITStatus), (40 bytes).
    Removing stm32f10x_cec.o(i.CEC_ITConfig), (12 bytes).
    Removing stm32f10x_cec.o(i.CEC_Init), (32 bytes).
    Removing stm32f10x_cec.o(i.CEC_OwnAddressConfig), (12 bytes).
    Removing stm32f10x_cec.o(i.CEC_ReceiveDataByte), (12 bytes).
    Removing stm32f10x_cec.o(i.CEC_SendDataByte), (12 bytes).
    Removing stm32f10x_cec.o(i.CEC_SetPrescaler), (12 bytes).
    Removing stm32f10x_cec.o(i.CEC_StartOfMessage), (12 bytes).
    Removing stm32f10x_crc.o(i.CRC_CalcBlockCRC), (36 bytes).
    Removing stm32f10x_crc.o(i.CRC_CalcCRC), (16 bytes).
    Removing stm32f10x_crc.o(i.CRC_GetCRC), (12 bytes).
    Removing stm32f10x_crc.o(i.CRC_GetIDRegister), (12 bytes).
    Removing stm32f10x_crc.o(i.CRC_ResetDR), (12 bytes).
    Removing stm32f10x_crc.o(i.CRC_SetIDRegister), (12 bytes).
    Removing stm32f10x_dac.o(i.DAC_Cmd), (40 bytes).
    Removing stm32f10x_dac.o(i.DAC_DMACmd), (44 bytes).
    Removing stm32f10x_dac.o(i.DAC_DeInit), (22 bytes).
    Removing stm32f10x_dac.o(i.DAC_DualSoftwareTriggerCmd), (36 bytes).
    Removing stm32f10x_dac.o(i.DAC_GetDataOutputValue), (36 bytes).
    Removing stm32f10x_dac.o(i.DAC_Init), (52 bytes).
    Removing stm32f10x_dac.o(i.DAC_SetChannel1Data), (32 bytes).
    Removing stm32f10x_dac.o(i.DAC_SetChannel2Data), (32 bytes).
    Removing stm32f10x_dac.o(i.DAC_SetDualChannelData), (36 bytes).
    Removing stm32f10x_dac.o(i.DAC_SoftwareTriggerCmd), (44 bytes).
    Removing stm32f10x_dac.o(i.DAC_StructInit), (12 bytes).
    Removing stm32f10x_dac.o(i.DAC_WaveGenerationCmd), (40 bytes).
    Removing stm32f10x_dbgmcu.o(i.DBGMCU_Config), (32 bytes).
    Removing stm32f10x_dbgmcu.o(i.DBGMCU_GetDEVID), (16 bytes).
    Removing stm32f10x_dbgmcu.o(i.DBGMCU_GetREVID), (12 bytes).
    Removing stm32f10x_dma.o(i.DMA_ClearFlag), (28 bytes).
    Removing stm32f10x_dma.o(i.DMA_ClearITPendingBit), (28 bytes).
    Removing stm32f10x_dma.o(i.DMA_Cmd), (24 bytes).
    Removing stm32f10x_dma.o(i.DMA_DeInit), (332 bytes).
    Removing stm32f10x_dma.o(i.DMA_GetCurrDataCounter), (8 bytes).
    Removing stm32f10x_dma.o(i.DMA_GetFlagStatus), (44 bytes).
    Removing stm32f10x_dma.o(i.DMA_GetITStatus), (44 bytes).
    Removing stm32f10x_dma.o(i.DMA_ITConfig), (18 bytes).
    Removing stm32f10x_dma.o(i.DMA_Init), (60 bytes).
    Removing stm32f10x_dma.o(i.DMA_SetCurrDataCounter), (4 bytes).
    Removing stm32f10x_dma.o(i.DMA_StructInit), (26 bytes).
    Removing stm32f10x_exti.o(i.EXTI_ClearFlag), (12 bytes).
    Removing stm32f10x_exti.o(i.EXTI_ClearITPendingBit), (12 bytes).
    Removing stm32f10x_exti.o(i.EXTI_DeInit), (36 bytes).
    Removing stm32f10x_exti.o(i.EXTI_GenerateSWInterrupt), (16 bytes).
    Removing stm32f10x_exti.o(i.EXTI_GetFlagStatus), (24 bytes).
    Removing stm32f10x_exti.o(i.EXTI_GetITStatus), (40 bytes).
    Removing stm32f10x_exti.o(i.EXTI_Init), (148 bytes).
    Removing stm32f10x_exti.o(i.EXTI_StructInit), (16 bytes).
    Removing stm32f10x_flash.o(i.FLASH_ClearFlag), (12 bytes).
    Removing stm32f10x_flash.o(i.FLASH_EnableWriteProtection), (196 bytes).
    Removing stm32f10x_flash.o(i.FLASH_EraseAllBank1Pages), (72 bytes).
    Removing stm32f10x_flash.o(i.FLASH_EraseAllPages), (72 bytes).
    Removing stm32f10x_flash.o(i.FLASH_EraseOptionBytes), (168 bytes).
    Removing stm32f10x_flash.o(i.FLASH_ErasePage), (76 bytes).
    Removing stm32f10x_flash.o(i.FLASH_GetBank1Status), (52 bytes).
    Removing stm32f10x_flash.o(i.FLASH_GetFlagStatus), (48 bytes).
    Removing stm32f10x_flash.o(i.FLASH_GetPrefetchBufferStatus), (24 bytes).
    Removing stm32f10x_flash.o(i.FLASH_GetReadOutProtectionStatus), (24 bytes).
    Removing stm32f10x_flash.o(i.FLASH_GetStatus), (52 bytes).
    Removing stm32f10x_flash.o(i.FLASH_GetUserOptionByte), (12 bytes).
    Removing stm32f10x_flash.o(i.FLASH_GetWriteProtectionOptionByte), (12 bytes).
    Removing stm32f10x_flash.o(i.FLASH_HalfCycleAccessCmd), (28 bytes).
    Removing stm32f10x_flash.o(i.FLASH_ITConfig), (32 bytes).
    Removing stm32f10x_flash.o(i.FLASH_Lock), (20 bytes).
    Removing stm32f10x_flash.o(i.FLASH_LockBank1), (20 bytes).
    Removing stm32f10x_flash.o(i.FLASH_PrefetchBufferCmd), (28 bytes).
    Removing stm32f10x_flash.o(i.FLASH_ProgramHalfWord), (64 bytes).
    Removing stm32f10x_flash.o(i.FLASH_ProgramOptionByteData), (84 bytes).
    Removing stm32f10x_flash.o(i.FLASH_ProgramWord), (108 bytes).
    Removing stm32f10x_flash.o(i.FLASH_ReadOutProtection), (172 bytes).
    Removing stm32f10x_flash.o(i.FLASH_SetLatency), (24 bytes).
    Removing stm32f10x_flash.o(i.FLASH_Unlock), (24 bytes).
    Removing stm32f10x_flash.o(i.FLASH_UnlockBank1), (24 bytes).
    Removing stm32f10x_flash.o(i.FLASH_UserOptionByteConfig), (104 bytes).
    Removing stm32f10x_flash.o(i.FLASH_WaitForLastBank1Operation), (38 bytes).
    Removing stm32f10x_flash.o(i.FLASH_WaitForLastOperation), (38 bytes).
    Removing stm32f10x_fsmc.o(i.FSMC_ClearFlag), (64 bytes).
    Removing stm32f10x_fsmc.o(i.FSMC_ClearITPendingBit), (72 bytes).
    Removing stm32f10x_fsmc.o(i.FSMC_GetECC), (28 bytes).
    Removing stm32f10x_fsmc.o(i.FSMC_GetFlagStatus), (56 bytes).
    Removing stm32f10x_fsmc.o(i.FSMC_GetITStatus), (68 bytes).
    Removing stm32f10x_fsmc.o(i.FSMC_ITConfig), (128 bytes).
    Removing stm32f10x_fsmc.o(i.FSMC_NANDCmd), (92 bytes).
    Removing stm32f10x_fsmc.o(i.FSMC_NANDDeInit), (68 bytes).
    Removing stm32f10x_fsmc.o(i.FSMC_NANDECCCmd), (92 bytes).
    Removing stm32f10x_fsmc.o(i.FSMC_NANDInit), (136 bytes).
    Removing stm32f10x_fsmc.o(i.FSMC_NANDStructInit), (54 bytes).
    Removing stm32f10x_fsmc.o(i.FSMC_NORSRAMCmd), (52 bytes).
    Removing stm32f10x_fsmc.o(i.FSMC_NORSRAMDeInit), (54 bytes).
    Removing stm32f10x_fsmc.o(i.FSMC_NORSRAMInit), (230 bytes).
    Removing stm32f10x_fsmc.o(i.FSMC_NORSRAMStructInit), (114 bytes).
    Removing stm32f10x_fsmc.o(i.FSMC_PCCARDCmd), (48 bytes).
    Removing stm32f10x_fsmc.o(i.FSMC_PCCARDDeInit), (40 bytes).
    Removing stm32f10x_fsmc.o(i.FSMC_PCCARDInit), (132 bytes).
    Removing stm32f10x_fsmc.o(i.FSMC_PCCARDStructInit), (60 bytes).
    Removing stm32f10x_gpio.o(i.GPIO_AFIODeInit), (20 bytes).
    Removing stm32f10x_gpio.o(i.GPIO_DeInit), (200 bytes).
    Removing stm32f10x_gpio.o(i.GPIO_ETH_MediaInterfaceConfig), (12 bytes).
    Removing stm32f10x_gpio.o(i.GPIO_EXTILineConfig), (64 bytes).
    Removing stm32f10x_gpio.o(i.GPIO_EventOutputCmd), (12 bytes).
    Removing stm32f10x_gpio.o(i.GPIO_EventOutputConfig), (32 bytes).
    Removing stm32f10x_gpio.o(i.GPIO_Init), (278 bytes).
    Removing stm32f10x_gpio.o(i.GPIO_PinLockConfig), (18 bytes).
    Removing stm32f10x_gpio.o(i.GPIO_PinRemapConfig), (144 bytes).
    Removing stm32f10x_gpio.o(i.GPIO_ReadInputData), (8 bytes).
    Removing stm32f10x_gpio.o(i.GPIO_ReadInputDataBit), (18 bytes).
    Removing stm32f10x_gpio.o(i.GPIO_ReadOutputData), (8 bytes).
    Removing stm32f10x_gpio.o(i.GPIO_ReadOutputDataBit), (18 bytes).
    Removing stm32f10x_gpio.o(i.GPIO_ResetBits), (4 bytes).
    Removing stm32f10x_gpio.o(i.GPIO_SetBits), (4 bytes).
    Removing stm32f10x_gpio.o(i.GPIO_StructInit), (16 bytes).
    Removing stm32f10x_gpio.o(i.GPIO_Write), (4 bytes).
    Removing stm32f10x_gpio.o(i.GPIO_WriteBit), (10 bytes).
    Removing stm32f10x_i2c.o(i.I2C_ARPCmd), (24 bytes).
    Removing stm32f10x_i2c.o(i.I2C_AcknowledgeConfig), (24 bytes).
    Removing stm32f10x_i2c.o(i.I2C_CalculatePEC), (24 bytes).
    Removing stm32f10x_i2c.o(i.I2C_CheckEvent), (42 bytes).
    Removing stm32f10x_i2c.o(i.I2C_ClearFlag), (12 bytes).
    Removing stm32f10x_i2c.o(i.I2C_ClearITPendingBit), (12 bytes).
    Removing stm32f10x_i2c.o(i.I2C_Cmd), (24 bytes).
    Removing stm32f10x_i2c.o(i.I2C_DMACmd), (24 bytes).
    Removing stm32f10x_i2c.o(i.I2C_DMALastTransferCmd), (24 bytes).
    Removing stm32f10x_i2c.o(i.I2C_DeInit), (56 bytes).
    Removing stm32f10x_i2c.o(i.I2C_DualAddressCmd), (24 bytes).
    Removing stm32f10x_i2c.o(i.I2C_FastModeDutyCycleConfig), (28 bytes).
    Removing stm32f10x_i2c.o(i.I2C_GeneralCallCmd), (24 bytes).
    Removing stm32f10x_i2c.o(i.I2C_GenerateSTART), (24 bytes).
    Removing stm32f10x_i2c.o(i.I2C_GenerateSTOP), (24 bytes).
    Removing stm32f10x_i2c.o(i.I2C_GetFlagStatus), (58 bytes).
    Removing stm32f10x_i2c.o(i.I2C_GetITStatus), (38 bytes).
    Removing stm32f10x_i2c.o(i.I2C_GetLastEvent), (26 bytes).
    Removing stm32f10x_i2c.o(i.I2C_GetPEC), (8 bytes).
    Removing stm32f10x_i2c.o(i.I2C_ITConfig), (18 bytes).
    Removing stm32f10x_i2c.o(i.I2C_Init), (236 bytes).
    Removing stm32f10x_i2c.o(i.I2C_NACKPositionConfig), (28 bytes).
    Removing stm32f10x_i2c.o(i.I2C_OwnAddress2Config), (22 bytes).
    Removing stm32f10x_i2c.o(i.I2C_PECPositionConfig), (28 bytes).
    Removing stm32f10x_i2c.o(i.I2C_ReadRegister), (22 bytes).
    Removing stm32f10x_i2c.o(i.I2C_ReceiveData), (8 bytes).
    Removing stm32f10x_i2c.o(i.I2C_SMBusAlertConfig), (28 bytes).
    Removing stm32f10x_i2c.o(i.I2C_Send7bitAddress), (18 bytes).
    Removing stm32f10x_i2c.o(i.I2C_SendData), (4 bytes).
    Removing stm32f10x_i2c.o(i.I2C_SoftwareResetCmd), (22 bytes).
    Removing stm32f10x_i2c.o(i.I2C_StretchClockCmd), (24 bytes).
    Removing stm32f10x_i2c.o(i.I2C_StructInit), (30 bytes).
    Removing stm32f10x_i2c.o(i.I2C_TransmitPEC), (24 bytes).
    Removing stm32f10x_iwdg.o(i.IWDG_Enable), (16 bytes).
    Removing stm32f10x_iwdg.o(i.IWDG_GetFlagStatus), (24 bytes).
    Removing stm32f10x_iwdg.o(i.IWDG_ReloadCounter), (16 bytes).
    Removing stm32f10x_iwdg.o(i.IWDG_SetPrescaler), (12 bytes).
    Removing stm32f10x_iwdg.o(i.IWDG_SetReload), (12 bytes).
    Removing stm32f10x_iwdg.o(i.IWDG_WriteAccessCmd), (12 bytes).
    Removing stm32f10x_pwr.o(i.PWR_BackupAccessCmd), (12 bytes).
    Removing stm32f10x_pwr.o(i.PWR_ClearFlag), (20 bytes).
    Removing stm32f10x_pwr.o(i.PWR_DeInit), (22 bytes).
    Removing stm32f10x_pwr.o(i.PWR_EnterSTANDBYMode), (52 bytes).
    Removing stm32f10x_pwr.o(i.PWR_EnterSTOPMode), (64 bytes).
    Removing stm32f10x_pwr.o(i.PWR_GetFlagStatus), (24 bytes).
    Removing stm32f10x_pwr.o(i.PWR_PVDCmd), (12 bytes).
    Removing stm32f10x_pwr.o(i.PWR_PVDLevelConfig), (24 bytes).
    Removing stm32f10x_pwr.o(i.PWR_WakeUpPinCmd), (12 bytes).
    Removing stm32f10x_rcc.o(i.RCC_ADCCLKConfig), (24 bytes).
    Removing stm32f10x_rcc.o(i.RCC_AHBPeriphClockCmd), (32 bytes).
    Removing stm32f10x_rcc.o(i.RCC_APB1PeriphClockCmd), (32 bytes).
    Removing stm32f10x_rcc.o(i.RCC_APB1PeriphResetCmd), (32 bytes).
    Removing stm32f10x_rcc.o(i.RCC_APB2PeriphClockCmd), (32 bytes).
    Removing stm32f10x_rcc.o(i.RCC_APB2PeriphResetCmd), (32 bytes).
    Removing stm32f10x_rcc.o(i.RCC_AdjustHSICalibrationValue), (24 bytes).
    Removing stm32f10x_rcc.o(i.RCC_BackupResetCmd), (12 bytes).
    Removing stm32f10x_rcc.o(i.RCC_ClearFlag), (20 bytes).
    Removing stm32f10x_rcc.o(i.RCC_ClearITPendingBit), (12 bytes).
    Removing stm32f10x_rcc.o(i.RCC_ClockSecuritySystemCmd), (12 bytes).
    Removing stm32f10x_rcc.o(i.RCC_DeInit), (76 bytes).
    Removing stm32f10x_rcc.o(i.RCC_GetClocksFreq), (212 bytes).
    Removing stm32f10x_rcc.o(i.RCC_GetFlagStatus), (60 bytes).
    Removing stm32f10x_rcc.o(i.RCC_GetITStatus), (24 bytes).
    Removing stm32f10x_rcc.o(i.RCC_GetSYSCLKSource), (16 bytes).
    Removing stm32f10x_rcc.o(i.RCC_HCLKConfig), (24 bytes).
    Removing stm32f10x_rcc.o(i.RCC_HSEConfig), (76 bytes).
    Removing stm32f10x_rcc.o(i.RCC_HSICmd), (12 bytes).
    Removing stm32f10x_rcc.o(i.RCC_ITConfig), (32 bytes).
    Removing stm32f10x_rcc.o(i.RCC_LSEConfig), (52 bytes).
    Removing stm32f10x_rcc.o(i.RCC_LSICmd), (12 bytes).
    Removing stm32f10x_rcc.o(i.RCC_MCOConfig), (12 bytes).
    Removing stm32f10x_rcc.o(i.RCC_PCLK1Config), (24 bytes).
    Removing stm32f10x_rcc.o(i.RCC_PCLK2Config), (24 bytes).
    Removing stm32f10x_rcc.o(i.RCC_PLLCmd), (12 bytes).
    Removing stm32f10x_rcc.o(i.RCC_PLLConfig), (28 bytes).
    Removing stm32f10x_rcc.o(i.RCC_RTCCLKCmd), (12 bytes).
    Removing stm32f10x_rcc.o(i.RCC_RTCCLKConfig), (16 bytes).
    Removing stm32f10x_rcc.o(i.RCC_SYSCLKConfig), (24 bytes).
    Removing stm32f10x_rcc.o(i.RCC_USBCLKConfig), (12 bytes).
    Removing stm32f10x_rcc.o(i.RCC_WaitForHSEStartUp), (56 bytes).
    Removing stm32f10x_rcc.o(.data), (20 bytes).
    Removing stm32f10x_rtc.o(i.RTC_ClearFlag), (16 bytes).
    Removing stm32f10x_rtc.o(i.RTC_ClearITPendingBit), (16 bytes).
    Removing stm32f10x_rtc.o(i.RTC_EnterConfigMode), (20 bytes).
    Removing stm32f10x_rtc.o(i.RTC_ExitConfigMode), (20 bytes).
    Removing stm32f10x_rtc.o(i.RTC_GetCounter), (20 bytes).
    Removing stm32f10x_rtc.o(i.RTC_GetDivider), (24 bytes).
    Removing stm32f10x_rtc.o(i.RTC_GetFlagStatus), (24 bytes).
    Removing stm32f10x_rtc.o(i.RTC_GetITStatus), (36 bytes).
    Removing stm32f10x_rtc.o(i.RTC_ITConfig), (32 bytes).
    Removing stm32f10x_rtc.o(i.RTC_SetAlarm), (28 bytes).
    Removing stm32f10x_rtc.o(i.RTC_SetCounter), (28 bytes).
    Removing stm32f10x_rtc.o(i.RTC_SetPrescaler), (32 bytes).
    Removing stm32f10x_rtc.o(i.RTC_WaitForLastTask), (20 bytes).
    Removing stm32f10x_rtc.o(i.RTC_WaitForSynchro), (36 bytes).
    Removing stm32f10x_sdio.o(i.SDIO_CEATAITCmd), (16 bytes).
    Removing stm32f10x_sdio.o(i.SDIO_ClearFlag), (12 bytes).
    Removing stm32f10x_sdio.o(i.SDIO_ClearITPendingBit), (12 bytes).
    Removing stm32f10x_sdio.o(i.SDIO_ClockCmd), (12 bytes).
    Removing stm32f10x_sdio.o(i.SDIO_CmdStructInit), (14 bytes).
    Removing stm32f10x_sdio.o(i.SDIO_CommandCompletionCmd), (12 bytes).
    Removing stm32f10x_sdio.o(i.SDIO_DMACmd), (12 bytes).
    Removing stm32f10x_sdio.o(i.SDIO_DataConfig), (48 bytes).
    Removing stm32f10x_sdio.o(i.SDIO_DataStructInit), (20 bytes).
    Removing stm32f10x_sdio.o(i.SDIO_DeInit), (36 bytes).
    Removing stm32f10x_sdio.o(i.SDIO_GetCommandResponse), (12 bytes).
    Removing stm32f10x_sdio.o(i.SDIO_GetDataCounter), (12 bytes).
    Removing stm32f10x_sdio.o(i.SDIO_GetFIFOCount), (12 bytes).
    Removing stm32f10x_sdio.o(i.SDIO_GetFlagStatus), (24 bytes).
    Removing stm32f10x_sdio.o(i.SDIO_GetITStatus), (24 bytes).
    Removing stm32f10x_sdio.o(i.SDIO_GetPowerState), (16 bytes).
    Removing stm32f10x_sdio.o(i.SDIO_GetResponse), (24 bytes).
    Removing stm32f10x_sdio.o(i.SDIO_ITConfig), (32 bytes).
    Removing stm32f10x_sdio.o(i.SDIO_Init), (48 bytes).
    Removing stm32f10x_sdio.o(i.SDIO_ReadData), (12 bytes).
    Removing stm32f10x_sdio.o(i.SDIO_SendCEATACmd), (12 bytes).
    Removing stm32f10x_sdio.o(i.SDIO_SendCommand), (44 bytes).
    Removing stm32f10x_sdio.o(i.SDIO_SendSDIOSuspendCmd), (12 bytes).
    Removing stm32f10x_sdio.o(i.SDIO_SetPowerState), (28 bytes).
    Removing stm32f10x_sdio.o(i.SDIO_SetSDIOOperation), (12 bytes).
    Removing stm32f10x_sdio.o(i.SDIO_SetSDIOReadWaitMode), (12 bytes).
    Removing stm32f10x_sdio.o(i.SDIO_StartSDIOReadWait), (12 bytes).
    Removing stm32f10x_sdio.o(i.SDIO_StopSDIOReadWait), (12 bytes).
    Removing stm32f10x_sdio.o(i.SDIO_StructInit), (16 bytes).
    Removing stm32f10x_sdio.o(i.SDIO_WriteData), (12 bytes).
    Removing stm32f10x_spi.o(i.I2S_Cmd), (24 bytes).
    Removing stm32f10x_spi.o(i.I2S_Init), (232 bytes).
    Removing stm32f10x_spi.o(i.I2S_StructInit), (20 bytes).
    Removing stm32f10x_spi.o(i.SPI_BiDirectionalLineConfig), (28 bytes).
    Removing stm32f10x_spi.o(i.SPI_CalculateCRC), (24 bytes).
    Removing stm32f10x_spi.o(i.SPI_Cmd), (24 bytes).
    Removing stm32f10x_spi.o(i.SPI_DataSizeConfig), (18 bytes).
    Removing stm32f10x_spi.o(i.SPI_GetCRC), (16 bytes).
    Removing stm32f10x_spi.o(i.SPI_GetCRCPolynomial), (6 bytes).
    Removing stm32f10x_spi.o(i.SPI_I2S_ClearFlag), (6 bytes).
    Removing stm32f10x_spi.o(i.SPI_I2S_ClearITPendingBit), (20 bytes).
    Removing stm32f10x_spi.o(i.SPI_I2S_DMACmd), (18 bytes).
    Removing stm32f10x_spi.o(i.SPI_I2S_DeInit), (88 bytes).
    Removing stm32f10x_spi.o(i.SPI_I2S_GetFlagStatus), (18 bytes).
    Removing stm32f10x_spi.o(i.SPI_I2S_GetITStatus), (52 bytes).
    Removing stm32f10x_spi.o(i.SPI_I2S_ITConfig), (32 bytes).
    Removing stm32f10x_spi.o(i.SPI_I2S_ReceiveData), (6 bytes).
    Removing stm32f10x_spi.o(i.SPI_I2S_SendData), (4 bytes).
    Removing stm32f10x_spi.o(i.SPI_Init), (60 bytes).
    Removing stm32f10x_spi.o(i.SPI_NSSInternalSoftwareConfig), (30 bytes).
    Removing stm32f10x_spi.o(i.SPI_SSOutputCmd), (24 bytes).
    Removing stm32f10x_spi.o(i.SPI_StructInit), (24 bytes).
    Removing stm32f10x_spi.o(i.SPI_TransmitCRC), (10 bytes).
    Removing stm32f10x_tim.o(i.TI1_Config), (128 bytes).
    Removing stm32f10x_tim.o(i.TI2_Config), (152 bytes).
    Removing stm32f10x_tim.o(i.TI3_Config), (144 bytes).
    Removing stm32f10x_tim.o(i.TI4_Config), (152 bytes).
    Removing stm32f10x_tim.o(i.TIM_ARRPreloadConfig), (24 bytes).
    Removing stm32f10x_tim.o(i.TIM_BDTRConfig), (32 bytes).
    Removing stm32f10x_tim.o(i.TIM_BDTRStructInit), (18 bytes).
    Removing stm32f10x_tim.o(i.TIM_CCPreloadControl), (24 bytes).
    Removing stm32f10x_tim.o(i.TIM_CCxCmd), (30 bytes).
    Removing stm32f10x_tim.o(i.TIM_CCxNCmd), (30 bytes).
    Removing stm32f10x_tim.o(i.TIM_ClearFlag), (6 bytes).
    Removing stm32f10x_tim.o(i.TIM_ClearITPendingBit), (6 bytes).
    Removing stm32f10x_tim.o(i.TIM_ClearOC1Ref), (18 bytes).
    Removing stm32f10x_tim.o(i.TIM_ClearOC2Ref), (24 bytes).
    Removing stm32f10x_tim.o(i.TIM_ClearOC3Ref), (18 bytes).
    Removing stm32f10x_tim.o(i.TIM_ClearOC4Ref), (24 bytes).
    Removing stm32f10x_tim.o(i.TIM_Cmd), (24 bytes).
    Removing stm32f10x_tim.o(i.TIM_CounterModeConfig), (18 bytes).
    Removing stm32f10x_tim.o(i.TIM_CtrlPWMOutputs), (30 bytes).
    Removing stm32f10x_tim.o(i.TIM_DMACmd), (18 bytes).
    Removing stm32f10x_tim.o(i.TIM_DMAConfig), (10 bytes).
    Removing stm32f10x_tim.o(i.TIM_DeInit), (488 bytes).
    Removing stm32f10x_tim.o(i.TIM_ETRClockMode1Config), (54 bytes).
    Removing stm32f10x_tim.o(i.TIM_ETRClockMode2Config), (32 bytes).
    Removing stm32f10x_tim.o(i.TIM_ETRConfig), (28 bytes).
    Removing stm32f10x_tim.o(i.TIM_EncoderInterfaceConfig), (66 bytes).
    Removing stm32f10x_tim.o(i.TIM_ForcedOC1Config), (18 bytes).
    Removing stm32f10x_tim.o(i.TIM_ForcedOC2Config), (26 bytes).
    Removing stm32f10x_tim.o(i.TIM_ForcedOC3Config), (18 bytes).
    Removing stm32f10x_tim.o(i.TIM_ForcedOC4Config), (26 bytes).
    Removing stm32f10x_tim.o(i.TIM_GenerateEvent), (4 bytes).
    Removing stm32f10x_tim.o(i.TIM_GetCapture1), (6 bytes).
    Removing stm32f10x_tim.o(i.TIM_GetCapture2), (6 bytes).
    Removing stm32f10x_tim.o(i.TIM_GetCapture3), (6 bytes).
    Removing stm32f10x_tim.o(i.TIM_GetCapture4), (8 bytes).
    Removing stm32f10x_tim.o(i.TIM_GetCounter), (6 bytes).
    Removing stm32f10x_tim.o(i.TIM_GetFlagStatus), (18 bytes).
    Removing stm32f10x_tim.o(i.TIM_GetITStatus), (34 bytes).
    Removing stm32f10x_tim.o(i.TIM_GetPrescaler), (6 bytes).
    Removing stm32f10x_tim.o(i.TIM_ICInit), (172 bytes).
    Removing stm32f10x_tim.o(i.TIM_ICStructInit), (18 bytes).
    Removing stm32f10x_tim.o(i.TIM_ITConfig), (18 bytes).
    Removing stm32f10x_tim.o(i.TIM_ITRxExternalClockConfig), (24 bytes).
    Removing stm32f10x_tim.o(i.TIM_InternalClockConfig), (12 bytes).
    Removing stm32f10x_tim.o(i.TIM_OC1FastConfig), (18 bytes).
    Removing stm32f10x_tim.o(i.TIM_OC1Init), (152 bytes).
    Removing stm32f10x_tim.o(i.TIM_OC1NPolarityConfig), (18 bytes).
    Removing stm32f10x_tim.o(i.TIM_OC1PolarityConfig), (18 bytes).
    Removing stm32f10x_tim.o(i.TIM_OC1PreloadConfig), (18 bytes).
    Removing stm32f10x_tim.o(i.TIM_OC2FastConfig), (26 bytes).
    Removing stm32f10x_tim.o(i.TIM_OC2Init), (164 bytes).
    Removing stm32f10x_tim.o(i.TIM_OC2NPolarityConfig), (26 bytes).
    Removing stm32f10x_tim.o(i.TIM_OC2PolarityConfig), (26 bytes).
    Removing stm32f10x_tim.o(i.TIM_OC2PreloadConfig), (26 bytes).
    Removing stm32f10x_tim.o(i.TIM_OC3FastConfig), (18 bytes).
    Removing stm32f10x_tim.o(i.TIM_OC3Init), (160 bytes).
    Removing stm32f10x_tim.o(i.TIM_OC3NPolarityConfig), (26 bytes).
    Removing stm32f10x_tim.o(i.TIM_OC3PolarityConfig), (26 bytes).
    Removing stm32f10x_tim.o(i.TIM_OC3PreloadConfig), (18 bytes).
    Removing stm32f10x_tim.o(i.TIM_OC4FastConfig), (26 bytes).
    Removing stm32f10x_tim.o(i.TIM_OC4Init), (124 bytes).
    Removing stm32f10x_tim.o(i.TIM_OC4PolarityConfig), (26 bytes).
    Removing stm32f10x_tim.o(i.TIM_OC4PreloadConfig), (26 bytes).
    Removing stm32f10x_tim.o(i.TIM_OCStructInit), (20 bytes).
    Removing stm32f10x_tim.o(i.TIM_PWMIConfig), (124 bytes).
    Removing stm32f10x_tim.o(i.TIM_PrescalerConfig), (6 bytes).
    Removing stm32f10x_tim.o(i.TIM_SelectCCDMA), (24 bytes).
    Removing stm32f10x_tim.o(i.TIM_SelectCOM), (24 bytes).
    Removing stm32f10x_tim.o(i.TIM_SelectHallSensor), (24 bytes).
    Removing stm32f10x_tim.o(i.TIM_SelectInputTrigger), (18 bytes).
    Removing stm32f10x_tim.o(i.TIM_SelectMasterSlaveMode), (18 bytes).
    Removing stm32f10x_tim.o(i.TIM_SelectOCxM), (82 bytes).
    Removing stm32f10x_tim.o(i.TIM_SelectOnePulseMode), (18 bytes).
    Removing stm32f10x_tim.o(i.TIM_SelectOutputTrigger), (18 bytes).
    Removing stm32f10x_tim.o(i.TIM_SelectSlaveMode), (18 bytes).
    Removing stm32f10x_tim.o(i.TIM_SetAutoreload), (4 bytes).
    Removing stm32f10x_tim.o(i.TIM_SetClockDivision), (18 bytes).
    Removing stm32f10x_tim.o(i.TIM_SetCompare1), (4 bytes).
    Removing stm32f10x_tim.o(i.TIM_SetCompare2), (4 bytes).
    Removing stm32f10x_tim.o(i.TIM_SetCompare3), (4 bytes).
    Removing stm32f10x_tim.o(i.TIM_SetCompare4), (6 bytes).
    Removing stm32f10x_tim.o(i.TIM_SetCounter), (4 bytes).
    Removing stm32f10x_tim.o(i.TIM_SetIC1Prescaler), (18 bytes).
    Removing stm32f10x_tim.o(i.TIM_SetIC2Prescaler), (26 bytes).
    Removing stm32f10x_tim.o(i.TIM_SetIC3Prescaler), (18 bytes).
    Removing stm32f10x_tim.o(i.TIM_SetIC4Prescaler), (26 bytes).
    Removing stm32f10x_tim.o(i.TIM_TIxExternalClockConfig), (62 bytes).
    Removing stm32f10x_tim.o(i.TIM_TimeBaseInit), (164 bytes).
    Removing stm32f10x_tim.o(i.TIM_TimeBaseStructInit), (18 bytes).
    Removing stm32f10x_tim.o(i.TIM_UpdateDisableConfig), (24 bytes).
    Removing stm32f10x_tim.o(i.TIM_UpdateRequestConfig), (24 bytes).
    Removing stm32f10x_usart.o(i.USART_ClearFlag), (18 bytes).
    Removing stm32f10x_usart.o(i.USART_ClearITPendingBit), (30 bytes).
    Removing stm32f10x_usart.o(i.USART_ClockInit), (34 bytes).
    Removing stm32f10x_usart.o(i.USART_ClockStructInit), (12 bytes).
    Removing stm32f10x_usart.o(i.USART_Cmd), (24 bytes).
    Removing stm32f10x_usart.o(i.USART_DMACmd), (18 bytes).
    Removing stm32f10x_usart.o(i.USART_DeInit), (156 bytes).
    Removing stm32f10x_usart.o(i.USART_GetFlagStatus), (26 bytes).
    Removing stm32f10x_usart.o(i.USART_GetITStatus), (84 bytes).
    Removing stm32f10x_usart.o(i.USART_HalfDuplexCmd), (24 bytes).
    Removing stm32f10x_usart.o(i.USART_ITConfig), (74 bytes).
    Removing stm32f10x_usart.o(i.USART_Init), (216 bytes).
    Removing stm32f10x_usart.o(i.USART_IrDACmd), (24 bytes).
    Removing stm32f10x_usart.o(i.USART_IrDAConfig), (18 bytes).
    Removing stm32f10x_usart.o(i.USART_LINBreakDetectLengthConfig), (18 bytes).
    Removing stm32f10x_usart.o(i.USART_LINCmd), (24 bytes).
    Removing stm32f10x_usart.o(i.USART_OneBitMethodCmd), (24 bytes).
    Removing stm32f10x_usart.o(i.USART_OverSampling8Cmd), (22 bytes).
    Removing stm32f10x_usart.o(i.USART_ReceiveData), (10 bytes).
    Removing stm32f10x_usart.o(i.USART_ReceiverWakeUpCmd), (24 bytes).
    Removing stm32f10x_usart.o(i.USART_SendBreak), (10 bytes).
    Removing stm32f10x_usart.o(i.USART_SendData), (8 bytes).
    Removing stm32f10x_usart.o(i.USART_SetAddress), (18 bytes).
    Removing stm32f10x_usart.o(i.USART_SetGuardTime), (16 bytes).
    Removing stm32f10x_usart.o(i.USART_SetPrescaler), (16 bytes).
    Removing stm32f10x_usart.o(i.USART_SmartCardCmd), (24 bytes).
    Removing stm32f10x_usart.o(i.USART_SmartCardNACKCmd), (24 bytes).
    Removing stm32f10x_usart.o(i.USART_StructInit), (24 bytes).
    Removing stm32f10x_usart.o(i.USART_WakeUpConfig), (18 bytes).
    Removing stm32f10x_wwdg.o(i.WWDG_ClearFlag), (12 bytes).
    Removing stm32f10x_wwdg.o(i.WWDG_DeInit), (22 bytes).
    Removing stm32f10x_wwdg.o(i.WWDG_Enable), (16 bytes).
    Removing stm32f10x_wwdg.o(i.WWDG_EnableIT), (12 bytes).
    Removing stm32f10x_wwdg.o(i.WWDG_GetFlagStatus), (12 bytes).
    Removing stm32f10x_wwdg.o(i.WWDG_SetCounter), (16 bytes).
    Removing stm32f10x_wwdg.o(i.WWDG_SetPrescaler), (24 bytes).
    Removing stm32f10x_wwdg.o(i.WWDG_SetWindowValue), (40 bytes).
    Removing ierg3810_buzzer.o(i.Buzzer_Toggle), (28 bytes).
    Removing ierg3810_key.o(i.KEY1_Read), (24 bytes).
    Removing ierg3810_key.o(i.KEY2_Read), (24 bytes).
    Removing ierg3810_key.o(i.KEYUP_Read), (24 bytes).
    Removing ierg3810_led.o(i.DS0_On), (12 bytes).
    Removing ierg3810_tftlcd.o(i.lcd_draw_segment_a), (34 bytes).
    Removing ierg3810_tftlcd.o(i.lcd_draw_segment_b), (34 bytes).
    Removing ierg3810_tftlcd.o(i.lcd_draw_segment_c), (34 bytes).
    Removing ierg3810_tftlcd.o(i.lcd_draw_segment_d), (34 bytes).
    Removing ierg3810_tftlcd.o(i.lcd_draw_segment_e), (30 bytes).
    Removing ierg3810_tftlcd.o(i.lcd_draw_segment_f), (30 bytes).
    Removing ierg3810_tftlcd.o(i.lcd_draw_segment_g), (34 bytes).
    Removing ierg3810_tftlcd.o(i.lcd_sevenSegment), (550 bytes).
    Removing ierg3810_usart.o(i.usart1_init), (196 bytes).
    Removing ierg3810_usart.o(i.usart2_init), (196 bytes).
    Removing ierg3810_usart.o(i.usart_print_txe), (88 bytes).

492 unused section(s) (total 20784 bytes) removed from the image.

==============================================================================

Memory Map of the image

  Image Entry point : 0x00000000

  Load Region LR_1 (Base: 0x08000000, Size: 0x00003b14, Max: 0xffffffff, ABSOLUTE)

    Execution Region ER_RO (Base: 0x08000000, Size: 0x0000397c, Max: 0xffffffff, ABSOLUTE)

    Base Addr    Size         Type   Attr      Idx    E Section Name        Object

    0x08000000   0x00000130   Data   RO          292    RESET               startup_stm32f10x_hd.o
    0x08000130   0x00000008   Code   RO         3812  * !!!main             c_w.l(__main.o)
    0x08000138   0x00000000   Code   RO         3800    .ARM.Collect$$_printf_percent$$00000000  c_w.l(_printf_percent.o)
    0x08000138   0x00000006   Code   RO         3799    .ARM.Collect$$_printf_percent$$00000009  c_w.l(_printf_d.o)
    0x0800013e   0x00000006   Code   RO         3798    .ARM.Collect$$_printf_percent$$00000014  c_w.l(_printf_s.o)
    0x08000144   0x00000004   Code   RO         3845    .ARM.Collect$$_printf_percent$$00000017  c_w.l(_printf_percent_end.o)
    0x08000148   0x00000002   Code   RO         3930    .ARM.Collect$$libinit$$00000000  c_w.l(libinit.o)
    0x0800014a   0x00000000   Code   RO         3847    .ARM.Collect$$libinit$$00000002  c_w.l(libinit2.o)
    0x0800014a   0x00000000   Code   RO         3849    .ARM.Collect$$libinit$$00000004  c_w.l(libinit2.o)
    0x0800014a   0x00000000   Code   RO         3852    .ARM.Collect$$libinit$$0000000A  c_w.l(libinit2.o)
    0x0800014a   0x00000000   Code   RO         3854    .ARM.Collect$$libinit$$0000000C  c_w.l(libinit2.o)
    0x0800014a   0x00000004   Code   RO         3855    .ARM.Collect$$libinit$$0000000D  c_w.l(libinit2.o)
    0x0800014e   0x00000000   Code   RO         3856    .ARM.Collect$$libinit$$0000000E  c_w.l(libinit2.o)
    0x0800014e   0x00000000   Code   RO         3859    .ARM.Collect$$libinit$$00000011  c_w.l(libinit2.o)
    0x0800014e   0x00000000   Code   RO         3861    .ARM.Collect$$libinit$$00000013  c_w.l(libinit2.o)
    0x0800014e   0x00000000   Code   RO         3863    .ARM.Collect$$libinit$$00000015  c_w.l(libinit2.o)
    0x0800014e   0x00000000   Code   RO         3865    .ARM.Collect$$libinit$$00000017  c_w.l(libinit2.o)
    0x0800014e   0x00000000   Code   RO         3867    .ARM.Collect$$libinit$$00000019  c_w.l(libinit2.o)
    0x0800014e   0x00000000   Code   RO         3869    .ARM.Collect$$libinit$$0000001B  c_w.l(libinit2.o)
    0x0800014e   0x00000000   Code   RO         3871    .ARM.Collect$$libinit$$0000001D  c_w.l(libinit2.o)
    0x0800014e   0x00000000   Code   RO         3873    .ARM.Collect$$libinit$$0000001F  c_w.l(libinit2.o)
    0x0800014e   0x00000000   Code   RO         3875    .ARM.Collect$$libinit$$00000021  c_w.l(libinit2.o)
    0x0800014e   0x00000000   Code   RO         3877    .ARM.Collect$$libinit$$00000023  c_w.l(libinit2.o)
    0x0800014e   0x00000000   Code   RO         3879    .ARM.Collect$$libinit$$00000025  c_w.l(libinit2.o)
    0x0800014e   0x00000000   Code   RO         3883    .ARM.Collect$$libinit$$0000002C  c_w.l(libinit2.o)
    0x0800014e   0x00000000   Code   RO         3885    .ARM.Collect$$libinit$$0000002E  c_w.l(libinit2.o)
    0x0800014e   0x00000000   Code   RO         3887    .ARM.Collect$$libinit$$00000030  c_w.l(libinit2.o)
    0x0800014e   0x00000000   Code   RO         3889    .ARM.Collect$$libinit$$00000032  c_w.l(libinit2.o)
    0x0800014e   0x00000002   Code   RO         3890    .ARM.Collect$$libinit$$00000033  c_w.l(libinit2.o)
    0x08000150   0x00000002   Code   RO         3968    .ARM.Collect$$libshutdown$$00000000  c_w.l(libshutdown.o)
    0x08000152   0x00000000   Code   RO         3975    .ARM.Collect$$libshutdown$$00000003  c_w.l(libshutdown2.o)
    0x08000152   0x00000000   Code   RO         3978    .ARM.Collect$$libshutdown$$00000006  c_w.l(libshutdown2.o)
    0x08000152   0x00000000   Code   RO         3981    .ARM.Collect$$libshutdown$$00000009  c_w.l(libshutdown2.o)
    0x08000152   0x00000000   Code   RO         3983    .ARM.Collect$$libshutdown$$0000000B  c_w.l(libshutdown2.o)
    0x08000152   0x00000000   Code   RO         3986    .ARM.Collect$$libshutdown$$0000000E  c_w.l(libshutdown2.o)
    0x08000152   0x00000002   Code   RO         3987    .ARM.Collect$$libshutdown$$0000000F  c_w.l(libshutdown2.o)
    0x08000154   0x00000000   Code   RO         3836    .ARM.Collect$$rtentry$$00000000  c_w.l(__rtentry.o)
    0x08000154   0x00000000   Code   RO         3897    .ARM.Collect$$rtentry$$00000002  c_w.l(__rtentry2.o)
    0x08000154   0x00000006   Code   RO         3909    .ARM.Collect$$rtentry$$00000004  c_w.l(__rtentry4.o)
    0x0800015a   0x00000000   Code   RO         3899    .ARM.Collect$$rtentry$$00000009  c_w.l(__rtentry2.o)
    0x0800015a   0x00000004   Code   RO         3900    .ARM.Collect$$rtentry$$0000000A  c_w.l(__rtentry2.o)
    0x0800015e   0x00000000   Code   RO         3902    .ARM.Collect$$rtentry$$0000000C  c_w.l(__rtentry2.o)
    0x0800015e   0x00000008   Code   RO         3903    .ARM.Collect$$rtentry$$0000000D  c_w.l(__rtentry2.o)
    0x08000166   0x00000002   Code   RO         3936    .ARM.Collect$$rtexit$$00000000  c_w.l(rtexit.o)
    0x08000168   0x00000000   Code   RO         3948    .ARM.Collect$$rtexit$$00000002  c_w.l(rtexit2.o)
    0x08000168   0x00000004   Code   RO         3949    .ARM.Collect$$rtexit$$00000003  c_w.l(rtexit2.o)
    0x0800016c   0x00000006   Code   RO         3950    .ARM.Collect$$rtexit$$00000004  c_w.l(rtexit2.o)
    0x08000172   0x00000002   PAD
    0x08000174   0x00000034   Code   RO         3801    .emb_text           c_w.l(rand.o)
    0x080001a8   0x00000040   Code   RO          293  * .text               startup_stm32f10x_hd.o
    0x080001e8   0x00000028   Code   RO         3768    .text               c_w.l(noretval__2sprintf.o)
    0x08000210   0x0000004e   Code   RO         3772    .text               c_w.l(_printf_pad.o)
    0x0800025e   0x00000052   Code   RO         3774    .text               c_w.l(_printf_str.o)
    0x080002b0   0x00000078   Code   RO         3776    .text               c_w.l(_printf_dec.o)
    0x08000328   0x00000138   Code   RO         3790    .text               c_w.l(__printf_flags_wp.o)
    0x08000460   0x0000003c   Code   RO         3802    .text               c_w.l(rand.o)
    0x0800049c   0x0000003e   Code   RO         3806    .text               c_w.l(strlen.o)
    0x080004da   0x00000064   Code   RO         3808    .text               c_w.l(rt_memcpy_w.o)
    0x0800053e   0x00000006   Code   RO         3810    .text               c_w.l(heapauxi.o)
    0x08000544   0x000000b2   Code   RO         3837    .text               c_w.l(_printf_intcommon.o)
    0x080005f6   0x00000002   PAD
    0x080005f8   0x00000030   Code   RO         3839    .text               c_w.l(_printf_char_common.o)
    0x08000628   0x0000000a   Code   RO         3841    .text               c_w.l(_sputc.o)
    0x08000632   0x0000002c   Code   RO         3843    .text               c_w.l(_printf_char.o)
    0x0800065e   0x0000004a   Code   RO         3917    .text               c_w.l(sys_stackheap_outer.o)
    0x080006a8   0x0000000c   Code   RO         3919    .text               c_w.l(exit.o)
    0x080006b4   0x00000008   Code   RO         3933    .text               c_w.l(libspace.o)
    0x080006bc   0x00000002   Code   RO         3944    .text               c_w.l(use_no_semi.o)
    0x080006be   0x00000000   Code   RO         3946    .text               c_w.l(indicate_semi.o)
    0x080006be   0x00000002   PAD
    0x080006c0   0x0000000c   Code   RO         3960    .text               c_w.l(sys_exit.o)
    0x080006cc   0x00000004   Code   RO            1    i.BusFault_Handler  stm32f10x_it.o
    0x080006d0   0x00000010   Code   RO         3473    i.Buzzer_Off        ierg3810_buzzer.o
    0x080006e0   0x00000010   Code   RO         3474    i.Buzzer_On         ierg3810_buzzer.o
    0x080006f0   0x0000000c   Code   RO         3566    i.DS0_Off           ierg3810_led.o
    0x080006fc   0x0000000c   Code   RO         3568    i.DS1_Off           ierg3810_led.o
    0x08000708   0x0000000c   Code   RO         3569    i.DS1_On            ierg3810_led.o
    0x08000714   0x00000002   Code   RO            2    i.DebugMon_Handler  stm32f10x_it.o
    0x08000716   0x00000002   PAD
    0x08000718   0x00000230   Code   RO         3264    i.Game_Draw         board.o
    0x08000948   0x00000098   Code   RO         3265    i.Game_DrawApple    board.o
    0x080009e0   0x00000094   Code   RO         3266    i.Game_DrawBoard    board.o
    0x08000a74   0x000000c0   Code   RO         3267    i.Game_DrawGameOverScreen  board.o
    0x08000b34   0x0000007c   Code   RO         3268    i.Game_DrawGameWonScreen  board.o
    0x08000bb0   0x00000144   Code   RO         3269    i.Game_DrawInstructions  board.o
    0x08000cf4   0x00000058   Code   RO         3270    i.Game_DrawMenu     board.o
    0x08000d4c   0x00000078   Code   RO         3271    i.Game_DrawMenuList  board.o
    0x08000dc4   0x000000bc   Code   RO         3272    i.Game_DrawPauseMenu  board.o
    0x08000e80   0x000000bc   Code   RO         3273    i.Game_DrawSnakeArt  board.o
    0x08000f3c   0x00000158   Code   RO         3274    i.Game_DrawStartScreen  board.o
    0x08001094   0x00000110   Code   RO          152    i.Game_HandleInput  test.o
    0x080011a4   0x0000015c   Code   RO         3275    i.Game_Init         board.o
    0x08001300   0x000000f8   Code   RO         3276    i.Game_MoveStones   board.o
    0x080013f8   0x00000094   Code   RO         3277    i.Game_RedrawScreen  board.o
    0x0800148c   0x00000374   Code   RO         3278    i.Game_Update       board.o
    0x08001800   0x000000c4   Code   RO         3279    i.Generate_Safe_Point  board.o
    0x080018c4   0x00000004   Code   RO            3    i.HardFault_Handler  stm32f10x_it.o
    0x080018c8   0x00000038   Code   RO          153    i.Hardware_Init     test.o
    0x08001900   0x00000034   Code   RO         3476    i.IERG3810_Buzzer_Init  ierg3810_buzzer.o
    0x08001934   0x0000008c   Code   RO         3536    i.IERG3810_KEY_Init  ierg3810_key.o
    0x080019c0   0x00000054   Code   RO         3570    i.IERG3810_LED_Init  ierg3810_led.o
    0x08001a14   0x00000078   Code   RO         3280    i.Infinity_Level_Up  board.o
    0x08001a8c   0x000000b8   Code   RO         3281    i.Infinity_Mode_Update  board.o
    0x08001b44   0x00000108   Code   RO         3282    i.Is_Occupied       board.o
    0x08001c4c   0x00000070   Code   RO         3283    i.Is_Pos_Safe_For_Star  board.o
    0x08001cbc   0x00000010   Code   RO         3741    i.JoyPad_Delay      joypad.o
    0x08001ccc   0x0000004c   Code   RO         3742    i.JoyPad_Init       joypad.o
    0x08001d18   0x00000030   Code   RO          154    i.JoyPad_Poll       test.o
    0x08001d48   0x00000074   Code   RO         3743    i.JoyPad_Read       joypad.o
    0x08001dbc   0x00000004   Code   RO            4    i.MemManage_Handler  stm32f10x_it.o
    0x08001dc0   0x00000002   Code   RO            5    i.NMI_Handler       stm32f10x_it.o
    0x08001dc2   0x00000002   Code   RO            6    i.PendSV_Handler    stm32f10x_it.o
    0x08001dc4   0x00000014   Code   RO         3284    i.Play_Buzzer_Sound  board.o
    0x08001dd8   0x00000002   Code   RO            7    i.SVC_Handler       stm32f10x_it.o
    0x08001dda   0x00000008   Code   RO          237    i.SetSysClock       system_stm32f10x.o
    0x08001de2   0x00000002   PAD
    0x08001de4   0x000000e0   Code   RO          238    i.SetSysClockTo72   system_stm32f10x.o
    0x08001ec4   0x00000064   Code   RO         3285    i.Starfield_Init    board.o
    0x08001f28   0x00000034   Code   RO         3286    i.Starfield_Refresh_Visibility  board.o
    0x08001f5c   0x00000104   Code   RO         3287    i.Starfield_Update  board.o
    0x08002060   0x00000002   Code   RO            8    i.SysTick_Handler   stm32f10x_it.o
    0x08002062   0x00000002   PAD
    0x08002064   0x00000060   Code   RO          240    i.SystemInit        system_stm32f10x.o
    0x080020c4   0x00000036   Code   RO         3288    i.TFTLCD_ShowString_Centered  board.o
    0x080020fa   0x00000002   PAD
    0x080020fc   0x00000100   Code   RO          155    i.TIM3_IRQHandler   test.o
    0x080021fc   0x00000084   Code   RO          156    i.Timer_Init        test.o
    0x08002280   0x0000002c   Code   RO         3289    i.Update_HighScore  board.o
    0x080022ac   0x00000004   Code   RO            9    i.UsageFault_Handler  stm32f10x_it.o
    0x080022b0   0x0000000e   Code   RO         3788    i._is_digit         c_w.l(__printf_wp.o)
    0x080022be   0x00000002   PAD
    0x080022c0   0x00000090   Code   RO         3503    i.clocktree_init    ierg3810_clock.o
    0x08002350   0x0000000c   Code   RO         3708    i.delay             ierg3810_usart.o
    0x0800235c   0x00000014   Code   RO         3290    i.delay_ms          board.o
    0x08002370   0x00000010   Code   RO         3518    i.io_init           ierg3810_io.o
    0x08002380   0x0000002e   Code   RO         3602    i.lcd_9341_setParameter  ierg3810_tftlcd.o
    0x080023ae   0x00000002   Code   RO         3603    i.lcd_backlight_init  ierg3810_tftlcd.o
    0x080023b0   0x00000018   Code   RO         3291    i.lcd_clear         board.o
    0x080023c8   0x00000052   Code   RO         3604    i.lcd_drawDot       ierg3810_tftlcd.o
    0x0800241a   0x00000088   Code   RO         3612    i.lcd_fillRectangle  ierg3810_tftlcd.o
    0x080024a2   0x00000002   PAD
    0x080024a4   0x0000017c   Code   RO         3613    i.lcd_init          ierg3810_tftlcd.o
    0x08002620   0x000000ac   Code   RO         3615    i.lcd_showChar      ierg3810_tftlcd.o
    0x080026cc   0x000000bc   Code   RO         3616    i.lcd_showChinChar  ierg3810_tftlcd.o
    0x08002788   0x0000004a   Code   RO         3292    i.lcd_showString    board.o
    0x080027d2   0x00000002   PAD
    0x080027d4   0x0000000c   Code   RO         3617    i.lcd_wr_data       ierg3810_tftlcd.o
    0x080027e0   0x0000000c   Code   RO         3618    i.lcd_wr_reg        ierg3810_tftlcd.o
    0x080027ec   0x0000029c   Code   RO          157    i.main              test.o
    0x08002a88   0x0000011c   Data   RO         3294    .constdata          board.o
    0x08002ba4   0x00000730   Data   RO         3619    .constdata          ierg3810_tftlcd.o
    0x080032d4   0x00000011   Data   RO         3791    .constdata          c_w.l(__printf_flags_wp.o)
    0x080032e5   0x00000003   PAD
    0x080032e8   0x00000692   Data   RO         3295    .conststring        board.o
    0x0800397a   0x00000002   PAD
    0x0800397c   0x00000000   Data   RO         4004    Region$$Table       anon$$obj.o


    Execution Region ER_RW (Base: 0x20000000, Size: 0x00000198, Max: 0xffffffff, ABSOLUTE)

    Base Addr    Size         Type   Attr      Idx    E Section Name        Object

    0x20000000   0x00000024   Data   RW          158    .data               test.o
    0x20000024   0x00000174   Data   RW         3296    .data               board.o


    Execution Region ER_ZI (Base: 0x20000198, Size: 0x00000e68, Max: 0xffffffff, ABSOLUTE)

    Base Addr    Size         Type   Attr      Idx    E Section Name        Object

    0x20000198   0x00000724   Zero   RW         3293    .bss                board.o
    0x200008bc   0x000000e4   Zero   RW         3803    .bss                c_w.l(rand.o)
    0x200009a0   0x00000060   Zero   RW         3934    .bss                c_w.l(libspace.o)
    0x20000a00   0x00000200   Zero   RW          291    HEAP                startup_stm32f10x_hd.o
    0x20000c00   0x00000400   Zero   RW          290    STACK               startup_stm32f10x_hd.o

