Component: ARM Compiler 5.05 update 2 (build 169) Tool: armlink [4d0f33]

==============================================================================

Section Cross References

    test.o(i.Game_HandleInput) refers to board.o(i.Play_Buzzer_Sound) for Play_Buzzer_Sound
    test.o(i.Game_HandleInput) refers to test.o(.data) for joypad_current
    test.o(i.Game_HandleInput) refers to board.o(.data) for direction_changed_this_tick
    test.o(i.Game_HandleInput) refers to board.o(.bss) for snake
    test.o(i.Hardware_Init) refers to ierg3810_clock.o(i.clocktree_init) for clocktree_init
    test.o(i.Hardware_Init) refers to ierg3810_io.o(i.io_init) for io_init
    test.o(i.Hardware_Init) refers to ierg3810_tftlcd.o(i.lcd_init) for lcd_init
    test.o(i.Hardware_Init) refers to joypad.o(i.JoyPad_Init) for JoyPad_Init
    test.o(i.Hardware_Init) refers to ierg3810_buzzer.o(i.IERG3810_Buzzer_Init) for IERG3810_Buzzer_Init
    test.o(i.Hardware_Init) refers to test.o(i.Timer_Init) for Timer_Init
    test.o(i.Hardware_Init) refers to rand.o(.text) for srand
    test.o(i.JoyPad_Poll) refers to joypad.o(i.JoyPad_Read) for JoyPad_Read
    test.o(i.JoyPad_Poll) refers to test.o(.data) for joypad_current
    test.o(i.TIM3_IRQHandler) refers to ierg3810_led.o(i.DS1_On) for DS1_On
    test.o(i.TIM3_IRQHandler) refers to ierg3810_led.o(i.DS1_Off) for DS1_Off
    test.o(i.TIM3_IRQHandler) refers to ierg3810_led.o(i.DS0_Off) for DS0_Off
    test.o(i.TIM3_IRQHandler) refers to test.o(.data) for led_flash_counter
    test.o(i.TIM3_IRQHandler) refers to board.o(.data) for current_state
    test.o(i.main) refers to test.o(i.Hardware_Init) for Hardware_Init
    test.o(i.main) refers to board.o(i.Starfield_Init) for Starfield_Init
    test.o(i.main) refers to test.o(i.JoyPad_Poll) for JoyPad_Poll
    test.o(i.main) refers to board.o(i.Starfield_Update) for Starfield_Update
    test.o(i.main) refers to test.o(i.Game_HandleInput) for Game_HandleInput
    test.o(i.main) refers to board.o(i.Game_DrawStartScreen) for Game_DrawStartScreen
    test.o(i.main) refers to board.o(i.delay_ms) for delay_ms
    test.o(i.main) refers to board.o(i.Game_DrawInstructions) for Game_DrawInstructions
    test.o(i.main) refers to board.o(i.Game_DrawMenu) for Game_DrawMenu
    test.o(i.main) refers to board.o(i.Game_DrawMenuList) for Game_DrawMenuList
    test.o(i.main) refers to board.o(i.Game_Init) for Game_Init
    test.o(i.main) refers to board.o(i.Game_RedrawScreen) for Game_RedrawScreen
    test.o(i.main) refers to board.o(i.Game_Update) for Game_Update
    test.o(i.main) refers to board.o(i.Game_Draw) for Game_Draw
    test.o(i.main) refers to board.o(i.Game_DrawPauseMenu) for Game_DrawPauseMenu
    test.o(i.main) refers to board.o(i.Play_Buzzer_Sound) for Play_Buzzer_Sound
    test.o(i.main) refers to board.o(i.Update_HighScore) for Update_HighScore
    test.o(i.main) refers to board.o(i.Game_DrawGameOverScreen) for Game_DrawGameOverScreen
    test.o(i.main) refers to board.o(i.Game_DrawGameWonScreen) for Game_DrawGameWonScreen
    test.o(i.main) refers to board.o(.data) for current_state
    test.o(i.main) refers to test.o(.data) for joypad_pressed
    system_stm32f10x.o(i.SetSysClock) refers to system_stm32f10x.o(i.SetSysClockTo72) for SetSysClockTo72
    system_stm32f10x.o(i.SystemCoreClockUpdate) refers to system_stm32f10x.o(.data) for SystemCoreClock
    system_stm32f10x.o(i.SystemInit) refers to system_stm32f10x.o(i.SetSysClock) for SetSysClock
    startup_stm32f10x_hd.o(STACK) refers (Special) to heapauxi.o(.text) for __use_two_region_memory
    startup_stm32f10x_hd.o(HEAP) refers (Special) to heapauxi.o(.text) for __use_two_region_memory
    startup_stm32f10x_hd.o(RESET) refers (Special) to heapauxi.o(.text) for __use_two_region_memory
    startup_stm32f10x_hd.o(RESET) refers to startup_stm32f10x_hd.o(STACK) for __initial_sp
    startup_stm32f10x_hd.o(RESET) refers to startup_stm32f10x_hd.o(.text) for Reset_Handler
    startup_stm32f10x_hd.o(RESET) refers to stm32f10x_it.o(i.NMI_Handler) for NMI_Handler
    startup_stm32f10x_hd.o(RESET) refers to stm32f10x_it.o(i.HardFault_Handler) for HardFault_Handler
    startup_stm32f10x_hd.o(RESET) refers to stm32f10x_it.o(i.MemManage_Handler) for MemManage_Handler
    startup_stm32f10x_hd.o(RESET) refers to stm32f10x_it.o(i.BusFault_Handler) for BusFault_Handler
    startup_stm32f10x_hd.o(RESET) refers to stm32f10x_it.o(i.UsageFault_Handler) for UsageFault_Handler
    startup_stm32f10x_hd.o(RESET) refers to stm32f10x_it.o(i.SVC_Handler) for SVC_Handler
    startup_stm32f10x_hd.o(RESET) refers to stm32f10x_it.o(i.DebugMon_Handler) for DebugMon_Handler
    startup_stm32f10x_hd.o(RESET) refers to stm32f10x_it.o(i.PendSV_Handler) for PendSV_Handler
    startup_stm32f10x_hd.o(RESET) refers to stm32f10x_it.o(i.SysTick_Handler) for SysTick_Handler
    startup_stm32f10x_hd.o(RESET) refers to test.o(i.TIM3_IRQHandler) for TIM3_IRQHandler
[...]
    Removing stm32f10x_rtc.o(i.RTC_WaitForLastTask), (20 bytes).
    Removing stm32f10x_rtc.o(i.RTC_WaitForSynchro), (36 bytes).
    Removing stm32f10x_sdio.o(i.SDIO_CEATAITCmd), (16 bytes).
    Removing stm32f10x_sdio.o(i.SDIO_ClearFlag), (12 bytes).
    Removing stm32f10x_sdio.o(i.SDIO_ClearITPendingBit), (12 bytes).
    Removing stm32f10x_sdio.o(i.SDIO_ClockCmd), (12 bytes).
    Removing stm32f10x_sdio.o(i.SDIO_CmdStructInit), (14 bytes).
    Removing stm32f10x_sdio.o(i.SDIO_CommandCompletionCmd), (12 bytes).
    Removing stm32f10x_sdio.o(i.SDIO_DMACmd), (12 bytes).
    Removing stm32f10x_sdio.o(i.SDIO_DataConfig), (48 bytes).
    Removing stm32f10x_sdio.o(i.SDIO_DataStructInit), (20 bytes).
    Removing stm32f10x_sdio.o(i.SDIO_DeInit), (36 bytes).
    Removing stm32f10x_sdio.o(i.SDIO_GetCommandResponse), (12 bytes).
    Removing stm32f10x_sdio.o(i.SDIO_GetDataCounter), (12 bytes).
    Removing stm32f10x_sdio.o(i.SDIO_GetFIFOCount), (12 bytes).
    Removing stm32f10x_sdio.o(i.SDIO_GetFlagStatus), (24 bytes).
    Removing stm32f10x_sdio.o(i.SDIO_GetITStatus), (24 bytes).
    Removing stm32f10x_sdio.o(i.SDIO_GetPowerState), (16 bytes).
    Removing stm32f10x_sdio.o(i.SDIO_GetResponse), (24 bytes).
    Removing stm32f10x_sdio.o(i.SDIO_ITConfig), (32 bytes).
    Removing stm32f10x_sdio.o(i.SDIO_Init), (48 bytes).
    Removing stm32f10x_sdio.o(i.SDIO_ReadData), (12 bytes).
    Removing stm32f10x_sdio.o(i.SDIO_SendCEATACmd), (12 bytes).
    Removing stm32f10x_sdio.o(i.SDIO_SendCommand), (44 bytes).
    Removing stm32f10x_sdio.o(i.SDIO_SendSDIOSuspendCmd), (12 bytes).
    Removing stm32f10x_sdio.o(i.SDIO_SetPowerState), (28 bytes).
    Removing stm32f10x_sdio.o(i.SDIO_SetSDIOOperation), (12 bytes).
    Removing stm32f10x_sdio.o(i.SDIO_SetSDIOReadWaitMode), (12 bytes).
    Removing stm32f10x_sdio.o(i.SDIO_StartSDIOReadWait), (12 bytes).
    Removing stm32f10x_sdio.o(i.SDIO_StopSDIOReadWait), (12 bytes).
    Removing stm32f10x_sdio.o(i.SDIO_StructInit), (16 bytes).
    Removing stm32f10x_sdio.o(i.SDIO_WriteData), (12 bytes).
    Removing stm32f10x_spi.o(i.I2S_Cmd), (24 bytes).
    Removing stm32f10x_spi.o(i.I2S_Init), (232 bytes).
    Removing stm32f10x_spi.o(i.I2S_StructInit), (20 bytes).
    Removing stm32f10x_spi.o(i.SPI_BiDirectionalLineConfig), (28 bytes).
    Removing stm32f10x_spi.o(i.SPI_CalculateCRC), (24 bytes).
    Removing stm32f10x_spi.o(i.SPI_Cmd), (24 bytes).
    Removing stm32f10x_spi.o(i.SPI_DataSizeConfig), (18 bytes).
    Removing stm32f10x_spi.o(i.SPI_GetCRC), (16 bytes).
    Removing stm32f10x_spi.o(i.SPI_GetCRCPolynomial), (6 bytes).
    Removing stm32f10x_spi.o(i.SPI_I2S_ClearFlag), (6 bytes).
    Removing stm32f10x_spi.o(i.SPI_I2S_ClearITPendingBit), (20 bytes).
    Removing stm32f10x_spi.o(i.SPI_I2S_DMACmd), (18 bytes).
    Removing stm32f10x_spi.o(i.SPI_I2S_DeInit), (88 bytes).
    Removing stm32f10x_spi.o(i.SPI_I2S_GetFlagStatus), (18 bytes).
    Removing stm32f10x_spi.o(i.SPI_I2S_GetITStatus), (52 bytes).
    Removing stm32f10x_spi.o(i.SPI_I2S_ITConfig), (32 bytes).
    Removing stm32f10x_spi.o(i.SPI_I2S_ReceiveData), (6 bytes).
    Removing stm32f10x_spi.o(i.SPI_I2S_SendData), (4 bytes).
    Removing stm32f10x_spi.o(i.SPI_Init), (60 bytes).
    Removing stm32f10x_spi.o(i.SPI_NSSInternalSoftwareConfig), (30 bytes).
    Removing stm32f10x_spi.o(i.SPI_SSOutputCmd), (24 bytes).
    Removing stm32f10x_spi.o(i.SPI_StructInit), (24 bytes).
    Removing stm32f10x_spi.o(i.SPI_TransmitCRC), (10 bytes).
    Removing stm32f10x_tim.o(i.TI1_Config), (128 bytes).
    Removing stm32f10x_tim.o(i.TI2_Config), (152 bytes).
    Removing stm32f10x_tim.o(i.TI3_Config), (144 bytes).
    Removing stm32f10x_tim.o(i.TI4_Config), (152 bytes).
    Removing stm32f10x_tim.o(i.TIM_ARRPreloadConfig), (24 bytes).
    Removing stm32f10x_tim.o(i.TIM_BDTRConfig), (32 bytes).
    Removing stm32f10x_tim.o(i.TIM_BDTRStructInit), (18 bytes).
    Removing stm32f10x_tim.o(i.TIM_CCPreloadControl), (24 bytes).
    Removing stm32f10x_tim.o(i.TIM_CCxCmd), (30 bytes).
    Removing stm32f10x_tim.o(i.TIM_CCxNCmd), (30 bytes).
    Removing stm32f10x_tim.o(i.TIM_ClearFlag), (6 bytes).
    Removing stm32f10x_tim.o(i.TIM_ClearITPendingBit), (6 bytes).
    Removing stm32f10x_tim.o(i.TIM_ClearOC1Ref), (18 bytes).
    Removing stm32f10x_tim.o(i.TIM_ClearOC2Ref), (24 bytes).
    Removing stm32f10x_tim.o(i.TIM_ClearOC3Ref), (18 bytes).
    Removing stm32f10x_tim.o(i.TIM_ClearOC4Ref), (24 bytes).
    Removing stm32f10x_tim.o(i.TIM_Cmd), (24 bytes).
    Removing stm32f10x_tim.o(i.TIM_CounterModeConfig), (18 bytes).
    Removing stm32f10x_tim.o(i.TIM_CtrlPWMOutputs), (30 bytes).
    Removing stm32f10x_tim.o(i.TIM_DMACmd), (18 bytes).
    Removing stm32f10x_tim.o(i.TIM_DMAConfig), (10 bytes).
    Removing stm32f10x_tim.o(i.TIM_DeInit), (488 bytes).
    Removing stm32f10x_tim.o(i.TIM_ETRClockMode1Config), (54 bytes).
    Removing stm32f10x_tim.o(i.TIM_ETRClockMode2Config), (32 bytes).
    Removing stm32f10x_tim.o(i.TIM_ETRConfig), (28 bytes).
    Removing stm32f10x_tim.o(i.TIM_EncoderInterfaceConfig), (66 bytes).
    Removing stm32f10x_tim.o(i.TIM_ForcedOC1Config), (18 bytes).
    Removing stm32f10x_tim.o(i.TIM_ForcedOC2Config), (26 bytes).
    Removing stm32f10x_tim.o(i.TIM_ForcedOC3Config), (18 bytes).
    Removing stm32f10x_tim.o(i.TIM_ForcedOC4Config), (26 bytes).
    Removing stm32f10x_tim.o(i.TIM_GenerateEvent), (4 bytes).
    Removing stm32f10x_tim.o(i.TIM_GetCapture1), (6 bytes).
    Removing stm32f10x_tim.o(i.TIM_GetCapture2), (6 bytes).
    Removing stm32f10x_tim.o(i.TIM_GetCapture3), (6 bytes).
    Removing stm32f10x_tim.o(i.TIM_GetCapture4), (8 bytes).
    Removing stm32f10x_tim.o(i.TIM_GetCounter), (6 bytes).
    Removing stm32f10x_tim.o(i.TIM_GetFlagStatus), (18 bytes).
    Removing stm32f10x_tim.o(i.TIM_GetITStatus), (34 bytes).
    Removing stm32f10x_tim.o(i.TIM_GetPrescaler), (6 bytes).
    Removing stm32f10x_tim.o(i.TIM_ICInit), (172 bytes).
    Removing stm32f10x_tim.o(i.TIM_ICStructInit), (18 bytes).
    Removing stm32f10x_tim.o(i.TIM_ITConfig), (18 bytes).
    Removing stm32f10x_tim.o(i.TIM_ITRxExternalClockConfig), (24 bytes).
    Removing stm32f10x_tim.o(i.TIM_InternalClockConfig), (12 bytes).
    Removing stm32f10x_tim.o(i.TIM_OC1FastConfig), (18 bytes).
    Removing stm32f10x_tim.o(i.TIM_OC1Init), (152 bytes).
    Removing stm32f10x_tim.o(i.TIM_OC1NPolarityConfig), (18 bytes).
    Removing stm32f10x_tim.o(i.TIM_OC1PolarityConfig), (18 bytes).
    Removing stm32f10x_tim.o(i.TIM_OC1PreloadConfig), (18 bytes).
    Removing stm32f10x_tim.o(i.TIM_OC2FastConfig), (26 bytes).
    Removing stm32f10x_tim.o(i.TIM_OC2Init), (164 bytes).
    Removing stm32f10x_tim.o(i.TIM_OC2NPolarityConfig), (26 bytes).
    Removing stm32f10x_tim.o(i.TIM_OC2PolarityConfig), (26 bytes).
    Removing stm32f10x_tim.o(i.TIM_OC2PreloadConfig), (26 bytes).
    Removing stm32f10x_tim.o(i.TIM_OC3FastConfig), (18 bytes).
    Removing stm32f10x_tim.o(i.TIM_OC3Init), (160 bytes).
    Removing stm32f10x_tim.o(i.TIM_OC3NPolarityConfig), (26 bytes).
    Removing stm32f10x_tim.o(i.TIM_OC3PolarityConfig), (26 bytes).
    Removing stm32f10x_tim.o(i.TIM_OC3PreloadConfig), (18 bytes).
    Removing stm32f10x_tim.o(i.TIM_OC4FastConfig), (26 bytes).
    Removing stm32f10x_tim.o(i.TIM_OC4Init), (124 bytes).
    Removing stm32f10x_tim.o(i.TIM_OC4PolarityConfig), (26 bytes).
    Removing stm32f10x_tim.o(i.TIM_OC4PreloadConfig), (26 bytes).
    Removing stm32f10x_tim.o(i.TIM_OCStructInit), (20 bytes).
    Removing stm32f10x_tim.o(i.TIM_PWMIConfig), (124 bytes).
    Removing stm32f10x_tim.o(i.TIM_PrescalerConfig), (6 bytes).
    Removing stm32f10x_tim.o(i.TIM_SelectCCDMA), (24 bytes).
    Removing stm32f10x_tim.o(i.TIM_SelectCOM), (24 bytes).
    Removing stm32f10x_tim.o(i.TIM_SelectHallSensor), (24 bytes).
    Removing stm32f10x_tim.o(i.TIM_SelectInputTrigger), (18 bytes).
    Removing stm32f10x_tim.o(i.TIM_SelectMasterSlaveMode), (18 bytes).
    Removing stm32f10x_tim.o(i.TIM_SelectOCxM), (82 bytes).
    Removing stm32f10x_tim.o(i.TIM_SelectOnePulseMode), (18 bytes).
    Removing stm32f10x_tim.o(i.TIM_SelectOutputTrigger), (18 bytes).
    Removing stm32f10x_tim.o(i.TIM_SelectSlaveMode), (18 bytes).
    Removing stm32f10x_tim.o(i.TIM_SetAutoreload), (4 bytes).
    Removing stm32f10x_tim.o(i.TIM_SetClockDivision), (18 bytes).
    Removing stm32f10x_tim.o(i.TIM_SetCompare1), (4 bytes).
    Removing stm32f10x_tim.o(i.TIM_SetCompare2), (4 bytes).
    Removing stm32f10x_tim.o(i.TIM_SetCompare3), (4 bytes).
    Removing stm32f10x_tim.o(i.TIM_SetCompare4), (6 bytes).
    Removing stm32f10x_tim.o(i.TIM_SetCounter), (4 bytes).
    Removing stm32f10x_tim.o(i.TIM_SetIC1Prescaler), (18 bytes).
    Removing stm32f10x_tim.o(i.TIM_SetIC2Prescaler), (26 bytes).
    Removing stm32f10x_tim.o(i.TIM_SetIC3Prescaler), (18 bytes).
    Removing stm32f10x_tim.o(i.TIM_SetIC4Prescaler), (26 bytes).
    Removing stm32f10x_tim.o(i.TIM_TIxExternalClockConfig), (62 bytes).
    Removing stm32f10x_tim.o(i.TIM_TimeBaseInit), (164 bytes).
    Removing stm32f10x_tim.o(i.TIM_TimeBaseStructInit), (18 bytes).
    Removing stm32f10x_tim.o(i.TIM_UpdateDisableConfig), (24 bytes).
    Removing stm32f10x_tim.o(i.TIM_UpdateRequestConfig), (24 bytes).
    Removing stm32f10x_usart.o(i.USART_ClearFlag), (18 bytes).
    Removing stm32f10x_usart.o(i.USART_ClearITPendingBit), (30 bytes).
    Removing stm32f10x_usart.o(i.USART_ClockInit), (34 bytes).
    Removing stm32f10x_usart.o(i.USART_ClockStructInit), (12 bytes).
    Removing stm32f10x_usart.o(i.USART_Cmd), (24 bytes).
    Removing stm32f10x_usart.o(i.USART_DMACmd), (18 bytes).
    Removing stm32f10x_usart.o(i.USART_DeInit), (156 bytes).
    Removing stm32f10x_usart.o(i.USART_GetFlagStatus), (26 bytes).
    Removing stm32f10x_usart.o(i.USART_GetITStatus), (84 bytes).
    Removing stm32f10x_usart.o(i.USART_HalfDuplexCmd), (24 bytes).
    Removing stm32f10x_usart.o(i.USART_ITConfig), (74 bytes).
    Removing stm32f10x_usart.o(i.USART_Init), (216 bytes).
    Removing stm32f10x_usart.o(i.USART_IrDACmd), (24 bytes).
    Removing stm32f10x_usart.o(i.USART_IrDAConfig), (18 bytes).
    Removing stm32f10x_usart.o(i.USART_LINBreakDetectLengthConfig), (18 bytes).
    Removing stm32f10x_usart.o(i.USART_LINCmd), (24 bytes).
    Removing stm32f10x_usart.o(i.USART_OneBitMethodCmd), (24 bytes).
    Removing stm32f10x_usart.o(i.USART_OverSampling8Cmd), (22 bytes).
    Removing stm32f10x_usart.o(i.USART_ReceiveData), (10 bytes).
    Removing stm32f10x_usart.o(i.USART_ReceiverWakeUpCmd), (24 bytes).
    Removing stm32f10x_usart.o(i.USART_SendBreak), (10 bytes).
    Removing stm32f10x_usart.o(i.USART_SendData), (8 bytes).
    Removing stm32f10x_usart.o(i.USART_SetAddress), (18 bytes).
    Removing stm32f10x_usart.o(i.USART_SetGuardTime), (16 bytes).
    Removing stm32f10x_usart.o(i.USART_SetPrescaler), (16 bytes).
    Removing stm32f10x_usart.o(i.USART_SmartCardCmd), (24 bytes).
    Removing stm32f10x_usart.o(i.USART_SmartCardNACKCmd), (24 bytes).
    Removing stm32f10x_usart.o(i.USART_StructInit), (24 bytes).
    Removing stm32f10x_usart.o(i.USART_WakeUpConfig), (18 bytes).
    Removing stm32f10x_wwdg.o(i.WWDG_ClearFlag), (12 bytes).
    Removing stm32f10x_wwdg.o(i.WWDG_DeInit), (22 bytes).
    Removing stm32f10x_wwdg.o(i.WWDG_Enable), (16 bytes).
    Removing stm32f10x_wwdg.o(i.WWDG_EnableIT), (12 bytes).
    Removing stm32f10x_wwdg.o(i.WWDG_GetFlagStatus), (12 bytes).
    Removing stm32f10x_wwdg.o(i.WWDG_SetCounter), (16 bytes).
    Removing stm32f10x_wwdg.o(i.WWDG_SetPrescaler), (24 bytes).
    Removing stm32f10x_wwdg.o(i.WWDG_SetWindowValue), (40 bytes).
    Removing ierg3810_buzzer.o(i.Buzzer_Toggle), (28 bytes).
    Removing ierg3810_key.o(i.KEY1_Read), (24 bytes).
    Removing ierg3810_key.o(i.KEY2_Read), (24 bytes).
    Removing ierg3810_key.o(i.KEYUP_Read), (24 bytes).
    Removing ierg3810_led.o(i.DS0_On), (12 bytes).
    Removing ierg3810_tftlcd.o(i.lcd_sevenSegment), (2 bytes).
    Removing ierg3810_usart.o(i.usart1_init), (196 bytes).
    Removing ierg3810_usart.o(i.usart2_init), (196 bytes).
    Removing ierg3810_usart.o(i.usart_print_txe), (88 bytes).

485 unused section(s) (total 20006 bytes) removed from the image.

==============================================================================

Image Symbol Table

    Local Symbols

    Symbol Name                              Value     Ov Type        Size  Object(Section)

    ../clib/angel/boardlib.s                 0x00000000   Number         0  boardshut.o ABSOLUTE
    ../clib/angel/boardlib.s                 0x00000000   Number         0  boardinit3.o ABSOLUTE
    ../clib/angel/boardlib.s                 0x00000000   Number         0  boardinit2.o ABSOLUTE
    ../clib/angel/boardlib.s                 0x00000000   Number         0  boardinit1.o ABSOLUTE
    ../clib/angel/dczerorl2.s                0x00000000   Number         0  __dczerorl2.o ABSOLUTE
    ../clib/angel/handlers.s                 0x00000000   Number         0  __scatter_zi.o ABSOLUTE
    ../clib/angel/kernel.s                   0x00000000   Number         0  __rtentry.o ABSOLUTE
    ../clib/angel/kernel.s                   0x00000000   Number         0  rtexit.o ABSOLUTE
    ../clib/angel/kernel.s                   0x00000000   Number         0  rtexit2.o ABSOLUTE
    ../clib/angel/kernel.s                   0x00000000   Number         0  __rtentry2.o ABSOLUTE
    ../clib/angel/kernel.s                   0x00000000   Number         0  __rtentry4.o ABSOLUTE
    ../clib/angel/rt.s                       0x00000000   Number         0  rt_raise.o ABSOLUTE
    ../clib/angel/scatter.s                  0x00000000   Number         0  __scatter.o ABSOLUTE
    ../clib/angel/startup.s                  0x00000000   Number         0  __main.o ABSOLUTE
    ../clib/angel/sys.s                      0x00000000   Number         0  libspace.o ABSOLUTE
    ../clib/angel/sys.s                      0x00000000   Number         0  indicate_semi.o ABSOLUTE
    ../clib/angel/sys.s                      0x00000000   Number         0  use_no_semi.o ABSOLUTE
    ../clib/angel/sys.s                      0x00000000   Number         0  sys_stackheap_outer.o ABSOLUTE
    ../clib/angel/sysapp.c                   0x00000000   Number         0  sys_exit.o ABSOLUTE
    ../clib/angel/sysapp.c                   0x00000000   Number         0  sys_command.o ABSOLUTE
    ../clib/angel/sysapp.c                   0x00000000   Number         0  sys_wrch.o ABSOLUTE
    ../clib/armsys.c                         0x00000000   Number         0  no_argv.o ABSOLUTE
    ../clib/armsys.c                         0x00000000   Number         0  _get_argv_nomalloc.o ABSOLUTE
    ../clib/armsys.c                         0x00000000   Number         0  argv_veneer.o ABSOLUTE
    ../clib/armsys.c                         0x00000000   Number         0  argv_veneer.o ABSOLUTE
    ../clib/heapalloc.c                      0x00000000   Number         0  hrguard.o ABSOLUTE
    ../clib/heapaux.c                        0x00000000   Number         0  heapauxi.o ABSOLUTE
    ../clib/libinit.s                        0x00000000   Number         0  libinit2.o ABSOLUTE
    ../clib/libinit.s                        0x00000000   Number         0  libshutdown.o ABSOLUTE
    ../clib/libinit.s                        0x00000000   Number         0  libshutdown2.o ABSOLUTE
    ../clib/libinit.s                        0x00000000   Number         0  libinit.o ABSOLUTE
    ../clib/memcpset.s                       0x00000000   Number         0  rt_memcpy_w.o ABSOLUTE
    ../clib/misc.s                           0x00000000   Number         0  printf_stubs.o ABSOLUTE
    ../clib/printf.c                         0x00000000   Number         0  _printf_dec.o ABSOLUTE
    ../clib/printf.c                         0x00000000   Number         0  __printf_ss_wp.o ABSOLUTE
    ../clib/printf.c                         0x00000000   Number         0  __printf_flags.o ABSOLUTE
    ../clib/printf.c                         0x00000000   Number         0  _printf_str.o ABSOLUTE
    ../clib/printf.c                         0x00000000   Number         0  __printf_nopercent.o ABSOLUTE
    ../clib/printf.c                         0x00000000   Number         0  __printf_wp.o ABSOLUTE
    ../clib/printf.c                         0x00000000   Number         0  __printf_flags_ss_wp.o ABSOLUTE
    ../clib/printf.c                         0x00000000   Number         0  _printf_pad.o ABSOLUTE
    ../clib/printf.c                         0x00000000   Number         0  __printf.o ABSOLUTE
    ../clib/printf.c                         0x00000000   Number         0  __printf_ss.o ABSOLUTE
    ../clib/printf.c                         0x00000000   Number         0  __2sprintf.o ABSOLUTE
    ../clib/printf.c                         0x00000000   Number         0  __printf_flags_ss.o ABSOLUTE
    ../clib/printf.c                         0x00000000   Number         0  __printf_flags_wp.o ABSOLUTE
    ../clib/printf.c                         0x00000000   Number         0  noretval__2sprintf.o ABSOLUTE
    ../clib/printf.c                         0x00000000   Number         0  _printf_char.o ABSOLUTE
    ../clib/printf.c                         0x00000000   Number         0  _sputc.o ABSOLUTE
    ../clib/printf.c                         0x00000000   Number         0  _printf_char_common.o ABSOLUTE
    ../clib/printf.c                         0x00000000   Number         0  _printf_intcommon.o ABSOLUTE
    ../clib/printf_percent.s                 0x00000000   Number         0  _printf_percent_end.o ABSOLUTE
    ../clib/printf_percent.s                 0x00000000   Number         0  _printf_s.o ABSOLUTE
    ../clib/printf_percent.s                 0x00000000   Number         0  _printf_d.o ABSOLUTE
    ../clib/printf_percent.s                 0x00000000   Number         0  _printf_percent.o ABSOLUTE
    ../clib/signal.c                         0x00000000   Number         0  defsig_rtmem_outer.o ABSOLUTE
    ../clib/signal.c                         0x00000000   Number         0  defsig_other.o ABSOLUTE
    ../clib/signal.c                         0x00000000   Number         0  defsig_segv_inner.o ABSOLUTE
    ../clib/signal.c                         0x00000000   Number         0  defsig_cppl_inner.o ABSOLUTE
    ../clib/signal.c                         0x00000000   Number         0  defsig_rtmem_inner.o ABSOLUTE
    ../clib/signal.c                         0x00000000   Number         0  defsig_pvfn_inner.o ABSOLUTE
    ../clib/signal.c                         0x00000000   Number         0  defsig_stak_inner.o ABSOLUTE
    ../clib/signal.c                         0x00000000   Number         0  defsig_rtred_inner.o ABSOLUTE
    ../clib/signal.c                         0x00000000   Number         0  defsig_fpe_inner.o ABSOLUTE
    ../clib/signal.c                         0x00000000   Number         0  defsig_abrt_inner.o ABSOLUTE
    ../clib/signal.c                         0x00000000   Number         0  defsig_general.o ABSOLUTE
    ../clib/signal.c                         0x00000000   Number         0  __raise.o ABSOLUTE
    ../clib/signal.c                         0x00000000   Number         0  defsig_exit.o ABSOLUTE
    ../clib/signal.c                         0x00000000   Number         0  defsig_rtmem_formal.o ABSOLUTE
    ../clib/signal.s                         0x00000000   Number         0  defsig.o ABSOLUTE
    ../clib/stdlib.c                         0x00000000   Number         0  rand.o ABSOLUTE
    ../clib/stdlib.c                         0x00000000   Number         0  rand.o ABSOLUTE
    ../clib/stdlib.c                         0x00000000   Number         0  exit.o ABSOLUTE
    ../clib/string.c                         0x00000000   Number         0  strlen.o ABSOLUTE
    ../fplib/faddsub.s                       0x00000000   Number         0  faddsub_clz.o ABSOLUTE
    ../fplib/fdiv.s                          0x00000000   Number         0  fdiv.o ABSOLUTE
    ../fplib/ffixu.s                         0x00000000   Number         0  ffixu.o ABSOLUTE
    ../fplib/fflt.s                          0x00000000   Number         0  fflt_clz.o ABSOLUTE
    ../fplib/fmul.s                          0x00000000   Number         0  fmul.o ABSOLUTE
    ../fplib/fnaninf.s                       0x00000000   Number         0  fnaninf.o ABSOLUTE
    ../fplib/fpinit.s                        0x00000000   Number         0  fpinit.o ABSOLUTE
    ../fplib/fretinf.s                       0x00000000   Number         0  fretinf.o ABSOLUTE
    ../fplib/usenofp.s                       0x00000000   Number         0  usenofp.o ABSOLUTE
    Board\Board.c                            0x00000000   Number         0  board.o ABSOLUTE
    Board\IERG3810_Buzzer.c                  0x00000000   Number         0  ierg3810_buzzer.o ABSOLUTE
    Board\IERG3810_Clock.c                   0x00000000   Number         0  ierg3810_clock.o ABSOLUTE
    Board\IERG3810_KEY.c                     0x00000000   Number         0  ierg3810_key.o ABSOLUTE
    Board\IERG3810_LED.c                     0x00000000   Number         0  ierg3810_led.o ABSOLUTE
    Board\IERG3810_TFTLCD.c                  0x00000000   Number         0  ierg3810_tftlcd.o ABSOLUTE
    Board\IERG3810_USART.c                   0x00000000   Number         0  ierg3810_usart.o ABSOLUTE
    Board\IERG3810_io.c                      0x00000000   Number         0  ierg3810_io.o ABSOLUTE
    Board\JoyPad.c                           0x00000000   Number         0  joypad.o ABSOLUTE
    Core\\core_cm3.c                         0x00000000   Number         0  core_cm3.o ABSOLUTE
    Core\core_cm3.c                          0x00000000   Number         0  core_cm3.o ABSOLUTE
    Core\startup_stm32f10x_hd.s              0x00000000   Number         0  startup_stm32f10x_hd.o ABSOLUTE
    Core\system_stm32f10x.c                  0x00000000   Number         0  system_stm32f10x.o ABSOLUTE
    Fw_lib\src\misc.c                        0x00000000   Number         0  misc.o ABSOLUTE
    Fw_lib\src\stm32f10x_adc.c               0x00000000   Number         0  stm32f10x_adc.o ABSOLUTE
    Fw_lib\src\stm32f10x_bkp.c               0x00000000   Number         0  stm32f10x_bkp.o ABSOLUTE
    Fw_lib\src\stm32f10x_can.c               0x00000000   Number         0  stm32f10x_can.o ABSOLUTE
    Fw_lib\src\stm32f10x_cec.c               0x00000000   Number         0  stm32f10x_cec.o ABSOLUTE
    Fw_lib\src\stm32f10x_crc.c               0x00000000   Number         0  stm32f10x_crc.o ABSOLUTE
    Fw_lib\src\stm32f10x_dac.c               0x00000000   Number         0  stm32f10x_dac.o ABSOLUTE
    Fw_lib\src\stm32f10x_dbgmcu.c            0x00000000   Number         0  stm32f10x_dbgmcu.o ABSOLUTE
    Fw_lib\src\stm32f10x_dma.c               0x00000000   Number         0  stm32f10x_dma.o ABSOLUTE
    Fw_lib\src\stm32f10x_exti.c              0x00000000   Number         0  stm32f10x_exti.o ABSOLUTE
    Fw_lib\src\stm32f10x_flash.c             0x00000000   Number         0  stm32f10x_flash.o ABSOLUTE
    Fw_lib\src\stm32f10x_fsmc.c              0x00000000   Number         0  stm32f10x_fsmc.o ABSOLUTE
    Fw_lib\src\stm32f10x_gpio.c              0x00000000   Number         0  stm32f10x_gpio.o ABSOLUTE
    Fw_lib\src\stm32f10x_i2c.c               0x00000000   Number         0  stm32f10x_i2c.o ABSOLUTE
    Fw_lib\src\stm32f10x_iwdg.c              0x00000000   Number         0  stm32f10x_iwdg.o ABSOLUTE
    Fw_lib\src\stm32f10x_pwr.c               0x00000000   Number         0  stm32f10x_pwr.o ABSOLUTE
    Fw_lib\src\stm32f10x_rcc.c               0x00000000   Number         0  stm32f10x_rcc.o ABSOLUTE
    Fw_lib\src\stm32f10x_rtc.c               0x00000000   Number         0  stm32f10x_rtc.o ABSOLUTE
    Fw_lib\src\stm32f10x_sdio.c              0x00000000   Number         0  stm32f10x_sdio.o ABSOLUTE
    Fw_lib\src\stm32f10x_spi.c               0x00000000   Number         0  stm32f10x_spi.o ABSOLUTE
    Fw_lib\src\stm32f10x_tim.c               0x00000000   Number         0  stm32f10x_tim.o ABSOLUTE
    Fw_lib\src\stm32f10x_usart.c             0x00000000   Number         0  stm32f10x_usart.o ABSOLUTE
    Fw_lib\src\stm32f10x_wwdg.c              0x00000000   Number         0  stm32f10x_wwdg.o ABSOLUTE
    User\stm32f10x_it.c                      0x00000000   Number         0  stm32f10x_it.o ABSOLUTE
    User\test.c                              0x00000000   Number         0  test.o ABSOLUTE
    dc.s                                     0x00000000   Number         0  dc.o ABSOLUTE
    RESET                                    0x08000000   Section      304  startup_stm32f10x_hd.o(RESET)
    !!!main                                  0x08000130   Section        8  __main.o(!!!main)
    !!!scatter                               0x08000138   Section       52  __scatter.o(!!!scatter)
    !!dczerorl2                              0x0800016c   Section       90  __dczerorl2.o(!!dczerorl2)
    !!handler_zi                             0x080001c8   Section       28  __scatter_zi.o(!!handler_zi)
    .ARM.Collect$$_printf_percent$$00000000  0x080001e4   Section        0  _printf_percent.o(.ARM.Collect$$_printf_percent$$00000000)
    .ARM.Collect$$_printf_percent$$00000009  0x080001e4   Section        6  _printf_d.o(.ARM.Collect$$_printf_percent$$00000009)
    .ARM.Collect$$_printf_percent$$00000014  0x080001ea   Section        6  _printf_s.o(.ARM.Collect$$_printf_percent$$00000014)
    .ARM.Collect$$_printf_percent$$00000017  0x080001f0   Section        4  _printf_percent_end.o(.ARM.Collect$$_printf_percent$$00000017)
    .ARM.Collect$$libinit$$00000000          0x080001f4   Section        2  libinit.o(.ARM.Collect$$libinit$$00000000)
    .ARM.Collect$$libinit$$00000002          0x080001f6   Section        0  libinit2.o(.ARM.Collect$$libinit$$00000002)
    .ARM.Collect$$libinit$$00000004          0x080001f6   Section        0  libinit2.o(.ARM.Collect$$libinit$$00000004)
    .ARM.Collect$$libinit$$0000000A          0x080001f6   Section        0  libinit2.o(.ARM.Collect$$libinit$$0000000A)
    .ARM.Collect$$libinit$$0000000C          0x080001f6   Section        0  libinit2.o(.ARM.Collect$$libinit$$0000000C)
    .ARM.Collect$$libinit$$0000000D          0x080001f6   Section        4  libinit2.o(.ARM.Collect$$libinit$$0000000D)
    .ARM.Collect$$libinit$$0000000E          0x080001fa   Section        0  libinit2.o(.ARM.Collect$$libinit$$0000000E)
    .ARM.Collect$$libinit$$00000011          0x080001fa   Section        0  libinit2.o(.ARM.Collect$$libinit$$00000011)
    .ARM.Collect$$libinit$$00000013          0x080001fa   Section        0  libinit2.o(.ARM.Collect$$libinit$$00000013)
    .ARM.Collect$$libinit$$00000015          0x080001fa   Section        0  libinit2.o(.ARM.Collect$$libinit$$00000015)
    .ARM.Collect$$libinit$$00000017          0x080001fa   Section        0  libinit2.o(.ARM.Collect$$libinit$$00000017)
    .ARM.Collect$$libinit$$00000019          0x080001fa   Section        0  libinit2.o(.ARM.Collect$$libinit$$00000019)
    .ARM.Collect$$libinit$$0000001B          0x080001fa   Section        0  libinit2.o(.ARM.Collect$$libinit$$0000001B)
    .ARM.Collect$$libinit$$0000001D          0x080001fa   Section        0  libinit2.o(.ARM.Collect$$libinit$$0000001D)
    .ARM.Collect$$libinit$$0000001F          0x080001fa   Section        0  libinit2.o(.ARM.Collect$$libinit$$0000001F)
    .ARM.Collect$$libinit$$00000021          0x080001fa   Section        0  libinit2.o(.ARM.Collect$$libinit$$00000021)
    .ARM.Collect$$libinit$$00000023          0x080001fa   Section        0  libinit2.o(.ARM.Collect$$libinit$$00000023)
    .ARM.Collect$$libinit$$00000025          0x080001fa   Section        0  libinit2.o(.ARM.Collect$$libinit$$00000025)
    .ARM.Collect$$libinit$$0000002C          0x080001fa   Section        0  libinit2.o(.ARM.Collect$$libinit$$0000002C)
    .ARM.Collect$$libinit$$0000002E          0x080001fa   Section        0  libinit2.o(.ARM.Collect$$libinit$$0000002E)
    .ARM.Collect$$libinit$$00000030          0x080001fa   Section        0  libinit2.o(.ARM.Collect$$libinit$$00000030)
    .ARM.Collect$$libinit$$00000032          0x080001fa   Section        0  libinit2.o(.ARM.Collect$$libinit$$00000032)
    .ARM.Collect$$libinit$$00000033          0x080001fa   Section        2  libinit2.o(.ARM.Collect$$libinit$$00000033)
    .ARM.Collect$$libshutdown$$00000000      0x080001fc   Section        2  libshutdown.o(.ARM.Collect$$libshutdown$$00000000)
    .ARM.Collect$$libshutdown$$00000003      0x080001fe   Section        0  libshutdown2.o(.ARM.Collect$$libshutdown$$00000003)
    .ARM.Collect$$libshutdown$$00000006      0x080001fe   Section        0  libshutdown2.o(.ARM.Collect$$libshutdown$$00000006)
    .ARM.Collect$$libshutdown$$00000009      0x080001fe   Section        0  libshutdown2.o(.ARM.Collect$$libshutdown$$00000009)
    .ARM.Collect$$libshutdown$$0000000B      0x080001fe   Section        0  libshutdown2.o(.ARM.Collect$$libshutdown$$0000000B)
    .ARM.Collect$$libshutdown$$0000000E      0x080001fe   Section        0  libshutdown2.o(.ARM.Collect$$libshutdown$$0000000E)
    .ARM.Collect$$libshutdown$$0000000F      0x080001fe   Section        2  libshutdown2.o(.ARM.Collect$$libshutdown$$0000000F)
    .ARM.Collect$$rtentry$$00000000          0x08000200   Section        0  __rtentry.o(.ARM.Collect$$rtentry$$00000000)
    .ARM.Collect$$rtentry$$00000002          0x08000200   Section        0  __rtentry2.o(.ARM.Collect$$rtentry$$00000002)
    .ARM.Collect$$rtentry$$00000004          0x08000200   Section        6  __rtentry4.o(.ARM.Collect$$rtentry$$00000004)
    .ARM.Collect$$rtentry$$00000009          0x08000206   Section        0  __rtentry2.o(.ARM.Collect$$rtentry$$00000009)
    .ARM.Collect$$rtentry$$0000000A          0x08000206   Section        4  __rtentry2.o(.ARM.Collect$$rtentry$$0000000A)
    .ARM.Collect$$rtentry$$0000000C          0x0800020a   Section        0  __rtentry2.o(.ARM.Collect$$rtentry$$0000000C)
    .ARM.Collect$$rtentry$$0000000D          0x0800020a   Section        8  __rtentry2.o(.ARM.Collect$$rtentry$$0000000D)
    .ARM.Collect$$rtexit$$00000000           0x08000212   Section        2  rtexit.o(.ARM.Collect$$rtexit$$00000000)
    .ARM.Collect$$rtexit$$00000002           0x08000214   Section        0  rtexit2.o(.ARM.Collect$$rtexit$$00000002)
    .ARM.Collect$$rtexit$$00000003           0x08000214   Section        4  rtexit2.o(.ARM.Collect$$rtexit$$00000003)
    .ARM.Collect$$rtexit$$00000004           0x08000218   Section        6  rtexit2.o(.ARM.Collect$$rtexit$$00000004)
    .emb_text                                0x08000220   Section       52  rand.o(.emb_text)
    .text                                    0x08000254   Section       64  startup_stm32f10x_hd.o(.text)
    .text                                    0x08000294   Section        0  noretval__2sprintf.o(.text)
    .text                                    0x080002bc   Section        0  _printf_pad.o(.text)
    .text                                    0x0800030a   Section        0  _printf_str.o(.text)
    .text                                    0x0800035c   Section        0  _printf_dec.o(.text)
    .text                                    0x080003d4   Section        0  __printf_flags_wp.o(.text)
    .text                                    0x0800050c   Section        0  rand.o(.text)
    .text                                    0x08000548   Section        0  strlen.o(.text)
    .text                                    0x08000586   Section      100  rt_memcpy_w.o(.text)
    .text                                    0x080005ea   Section        0  heapauxi.o(.text)
    .text                                    0x080005f0   Section        0  _printf_intcommon.o(.text)
    .text                                    0x080006a4   Section        0  _printf_char_common.o(.text)
    _printf_input_char                       0x080006a5   Thumb Code    10  _printf_char_common.o(.text)
    .text                                    0x080006d4   Section        0  _sputc.o(.text)
    .text                                    0x080006de   Section        0  _printf_char.o(.text)
    .text                                    0x0800070a   Section       74  sys_stackheap_outer.o(.text)
    .text                                    0x08000754   Section        0  exit.o(.text)
    .text                                    0x08000760   Section        8  libspace.o(.text)
    .text                                    0x08000768   Section        2  use_no_semi.o(.text)
    .text                                    0x0800076a   Section        0  indicate_semi.o(.text)
    .text                                    0x0800076c   Section        0  sys_exit.o(.text)
    i.BusFault_Handler                       0x08000778   Section        0  stm32f10x_it.o(i.BusFault_Handler)
    i.Buzzer_Off                             0x0800077c   Section        0  ierg3810_buzzer.o(i.Buzzer_Off)
    i.Buzzer_On                              0x0800078c   Section        0  ierg3810_buzzer.o(i.Buzzer_On)
    i.DS0_Off                                0x0800079c   Section        0  ierg3810_led.o(i.DS0_Off)
    i.DS1_Off                                0x080007a8   Section        0  ierg3810_led.o(i.DS1_Off)
    i.DS1_On                                 0x080007b4   Section        0  ierg3810_led.o(i.DS1_On)
    i.DebugMon_Handler                       0x080007c0   Section        0  stm32f10x_it.o(i.DebugMon_Handler)
    i.Game_Draw                              0x080007c4   Section        0  board.o(i.Game_Draw)
    i.Game_DrawApple                         0x080009f4   Section        0  board.o(i.Game_DrawApple)
    i.Game_DrawBoard                         0x08000a8c   Section        0  board.o(i.Game_DrawBoard)
    i.Game_DrawGameOverScreen                0x08000b20   Section        0  board.o(i.Game_DrawGameOverScreen)
    i.Game_DrawGameWonScreen                 0x08000be0   Section        0  board.o(i.Game_DrawGameWonScreen)
    i.Game_DrawInstructions                  0x08000c5c   Section        0  board.o(i.Game_DrawInstructions)
    i.Game_DrawMenu                          0x08000da0   Section        0  board.o(i.Game_DrawMenu)
    i.Game_DrawMenuList                      0x08000df8   Section        0  board.o(i.Game_DrawMenuList)
    i.Game_DrawPauseMenu                     0x08000e70   Section        0  board.o(i.Game_DrawPauseMenu)
    i.Game_DrawSnakeArt                      0x08000f2c   Section        0  board.o(i.Game_DrawSnakeArt)
    i.Game_DrawStartScreen                   0x08000fe8   Section        0  board.o(i.Game_DrawStartScreen)
    i.Game_HandleInput                       0x08001140   Section        0  test.o(i.Game_HandleInput)
    i.Game_Init                              0x08001250   Section        0  board.o(i.Game_Init)
    i.Game_MoveStones                        0x080013ac   Section        0  board.o(i.Game_MoveStones)
    i.Game_RedrawScreen                      0x080014a4   Section        0  board.o(i.Game_RedrawScreen)
    i.Game_Update                            0x08001538   Section        0  board.o(i.Game_Update)
    i.Generate_Safe_Point                    0x080018ac   Section        0  board.o(i.Generate_Safe_Point)
    i.HardFault_Handler                      0x08001970   Section        0  stm32f10x_it.o(i.HardFault_Handler)
    i.Hardware_Init                          0x08001974   Section        0  test.o(i.Hardware_Init)
    i.IERG3810_Buzzer_Init                   0x080019ac   Section        0  ierg3810_buzzer.o(i.IERG3810_Buzzer_Init)
    i.IERG3810_KEY_Init                      0x080019e0   Section        0  ierg3810_key.o(i.IERG3810_KEY_Init)
    i.IERG3810_LED_Init                      0x08001a6c   Section        0  ierg3810_led.o(i.IERG3810_LED_Init)
    i.Infinity_Level_Up                      0x08001ac0   Section        0  board.o(i.Infinity_Level_Up)
    i.Infinity_Mode_Update                   0x08001b38   Section        0  board.o(i.Infinity_Mode_Update)
    i.Is_Occupied                            0x08001bf0   Section        0  board.o(i.Is_Occupied)
    i.Is_Pos_Safe_For_Star                   0x08001cf8   Section        0  board.o(i.Is_Pos_Safe_For_Star)
    i.JoyPad_Delay                           0x08001d68   Section        0  joypad.o(i.JoyPad_Delay)
    JoyPad_Delay                             0x08001d69   Thumb Code    16  joypad.o(i.JoyPad_Delay)
    i.JoyPad_Init                            0x08001d78   Section        0  joypad.o(i.JoyPad_Init)
    i.JoyPad_Poll                            0x08001dc4   Section        0  test.o(i.JoyPad_Poll)
    i.JoyPad_Read                            0x08001df4   Section        0  joypad.o(i.JoyPad_Read)
    i.MemManage_Handler                      0x08001e68   Section        0  stm32f10x_it.o(i.MemManage_Handler)
    i.NMI_Handler                            0x08001e6c   Section        0  stm32f10x_it.o(i.NMI_Handler)
    i.PendSV_Handler                         0x08001e6e   Section        0  stm32f10x_it.o(i.PendSV_Handler)
    i.Play_Buzzer_Sound                      0x08001e70   Section        0  board.o(i.Play_Buzzer_Sound)
    i.SVC_Handler                            0x08001e84   Section        0  stm32f10x_it.o(i.SVC_Handler)
    i.SetSysClock                            0x08001e86   Section        0  system_stm32f10x.o(i.SetSysClock)
    SetSysClock                              0x08001e87   Thumb Code     8  system_stm32f10x.o(i.SetSysClock)
    i.SetSysClockTo72                        0x08001e90   Section        0  system_stm32f10x.o(i.SetSysClockTo72)
    SetSysClockTo72                          0x08001e91   Thumb Code   214  system_stm32f10x.o(i.SetSysClockTo72)
    i.Starfield_Init                         0x08001f70   Section        0  board.o(i.Starfield_Init)
    i.Starfield_Refresh_Visibility           0x08001fd4   Section        0  board.o(i.Starfield_Refresh_Visibility)
    i.Starfield_Update                       0x08002008   Section        0  board.o(i.Starfield_Update)
    i.SysTick_Handler                        0x0800210c   Section        0  stm32f10x_it.o(i.SysTick_Handler)
    i.SystemInit                             0x08002110   Section        0  system_stm32f10x.o(i.SystemInit)
    i.TFTLCD_ShowString_Centered             0x08002170   Section        0  board.o(i.TFTLCD_ShowString_Centered)
    i.TIM3_IRQHandler                        0x080021a8   Section        0  test.o(i.TIM3_IRQHandler)
    i.Timer_Init                             0x080022a8   Section        0  test.o(i.Timer_Init)
    i.Update_HighScore                       0x0800232c   Section        0  board.o(i.Update_HighScore)
    i.UsageFault_Handler                     0x08002358   Section        0  stm32f10x_it.o(i.UsageFault_Handler)
    i._is_digit                              0x0800235c   Section        0  __printf_wp.o(i._is_digit)
    i.clocktree_init                         0x0800236c   Section        0  ierg3810_clock.o(i.clocktree_init)
    i.delay                                  0x080023fc   Section        0  ierg3810_usart.o(i.delay)
    i.delay_ms                               0x08002408   Section        0  board.o(i.delay_ms)
    i.io_init                                0x0800241c   Section        0  ierg3810_io.o(i.io_init)
    i.lcd_9341_setParameter                  0x0800242c   Section        0  ierg3810_tftlcd.o(i.lcd_9341_setParameter)
    lcd_9341_setParameter                    0x0800242d   Thumb Code    46  ierg3810_tftlcd.o(i.lcd_9341_setParameter)
    i.lcd_backlight_init                     0x0800245a   Section        0  ierg3810_tftlcd.o(i.lcd_backlight_init)
    lcd_backlight_init                       0x0800245b   Thumb Code     2  ierg3810_tftlcd.o(i.lcd_backlight_init)
    i.lcd_clear                              0x0800245c   Section        0  board.o(i.lcd_clear)
    i.lcd_drawPoint                          0x08002474   Section        0  ierg3810_tftlcd.o(i.lcd_drawPoint)
    i.lcd_drawRectangle                      0x080024c6   Section        0  ierg3810_tftlcd.o(i.lcd_drawRectangle)
    i.lcd_fillRectangle                      0x08002544   Section        0  ierg3810_tftlcd.o(i.lcd_fillRectangle)
    i.lcd_init                               0x080025cc   Section        0  ierg3810_tftlcd.o(i.lcd_init)
    i.lcd_showChar                           0x08002748   Section        0  ierg3810_tftlcd.o(i.lcd_showChar)
    i.lcd_showChinChar                       0x080027f0   Section        0  ierg3810_tftlcd.o(i.lcd_showChinChar)
    i.lcd_showString                         0x080028ac   Section        0  board.o(i.lcd_showString)
    i.lcd_wr_data                            0x080028f8   Section        0  ierg3810_tftlcd.o(i.lcd_wr_data)
    lcd_wr_data                              0x080028f9   Thumb Code     6  ierg3810_tftlcd.o(i.lcd_wr_data)
    i.lcd_wr_reg                             0x08002904   Section        0  ierg3810_tftlcd.o(i.lcd_wr_reg)
    lcd_wr_reg                               0x08002905   Thumb Code     6  ierg3810_tftlcd.o(i.lcd_wr_reg)
    i.main                                   0x08002910   Section        0  test.o(i.main)
    .constdata                               0x08002bac   Section      284  board.o(.constdata)
    .constdata                               0x08002cc8   Section     1840  ierg3810_tftlcd.o(.constdata)
    .constdata                               0x080033f8   Section       17  __printf_flags_wp.o(.constdata)
    maptable                                 0x080033f8   Data          17  __printf_flags_wp.o(.constdata)
    .conststring                             0x0800340c   Section     1682  board.o(.conststring)
    .data                                    0x20000000   Section       36  test.o(.data)
    speed_accum                              0x20000020   Data           4  test.o(.data)
    .data                                    0x20000024   Section      372  board.o(.data)
    .bss                                     0x20000198   Section     1828  board.o(.bss)
    .bss                                     0x200008bc   Section      228  rand.o(.bss)
    .bss                                     0x200009a0   Section       96  libspace.o(.bss)
    HEAP                                     0x20000a00   Section      512  startup_stm32f10x_hd.o(HEAP)
    Heap_Mem                                 0x20000a00   Data         512  startup_stm32f10x_hd.o(HEAP)
    STACK                                    0x20000c00   Section     1024  startup_stm32f10x_hd.o(STACK)
    Stack_Mem                                0x20000c00   Data        1024  startup_stm32f10x_hd.o(STACK)
    __initial_sp                             0x20001000   Data           0  startup_stm32f10x_hd.o(STACK)

    Global Symbols

    Symbol Name                              Value     Ov Type        Size  Object(Section)

    BuildAttributes$$THM_ISAv4$P$D$K$B$S$PE$A:L22UL41UL21$X:L11$S22US41US21$IEEE1$IW$USESV6$~STKCKD$USESV7$~SHL$OSPACE$ROPI$EBA8$UX$STANDARDLIB$REQ8$PRES8$EABIv2 0x00000000   Number         0  anon$$obj.o ABSOLUTE
    __ARM_use_no_argv                        0x00000000   Number         0  test.o ABSOLUTE
    _printf_flags                            0x00000000   Number         0  printf_stubs.o ABSOLUTE
    _printf_return_value                     0x00000000   Number         0  printf_stubs.o ABSOLUTE
    _printf_sizespec                         0x00000000   Number         0  printf_stubs.o ABSOLUTE
    _printf_widthprec                        0x00000000   Number         0  printf_stubs.o ABSOLUTE
    __ARM_exceptions_init                     - Undefined Weak Reference
    __alloca_initialize                       - Undefined Weak Reference
    __arm_preinit_                            - Undefined Weak Reference
    __cpp_initialize__aeabi_                  - Undefined Weak Reference
    __cxa_finalize                            - Undefined Weak Reference
    __rt_locale                               - Undefined Weak Reference
    __sigvec_lookup                           - Undefined Weak Reference
    _atexit_init                              - Undefined Weak Reference
    _call_atexit_fns                          - Undefined Weak Reference
    _clock_init                               - Undefined Weak Reference
    _fp_trap_init                             - Undefined Weak Reference
    _fp_trap_shutdown                         - Undefined Weak Reference
    _get_lc_collate                           - Undefined Weak Reference
    _get_lc_ctype                             - Undefined Weak Reference
    _get_lc_monetary                          - Undefined Weak Reference
    _get_lc_numeric                           - Undefined Weak Reference
    _get_lc_time                              - Undefined Weak Reference
    _getenv_init                              - Undefined Weak Reference
    _handle_redirection                       - Undefined Weak Reference
    _init_alloc                               - Undefined Weak Reference
    _init_user_alloc                          - Undefined Weak Reference
    _initio                                   - Undefined Weak Reference
    _printf_mbtowc                            - Undefined Weak Reference
    _printf_truncate_signed                   - Undefined Weak Reference
    _printf_truncate_unsigned                 - Undefined Weak Reference
    _signal_finish                            - Undefined Weak Reference
    _signal_init                              - Undefined Weak Reference
    _terminate_alloc                          - Undefined Weak Reference
    _terminate_user_alloc                     - Undefined Weak Reference
    _terminateio                              - Undefined Weak Reference
    __Vectors_Size                           0x00000130   Number         0  startup_stm32f10x_hd.o ABSOLUTE
    __Vectors                                0x08000000   Data           4  startup_stm32f10x_hd.o(RESET)
    __Vectors_End                            0x08000130   Data           0  startup_stm32f10x_hd.o(RESET)
    __main                                   0x08000131   Thumb Code     8  __main.o(!!!main)
    __scatterload                            0x08000139   Thumb Code     0  __scatter.o(!!!scatter)
    __scatterload_rt2                        0x08000139   Thumb Code    44  __scatter.o(!!!scatter)
    __scatterload_rt2_thumb_only             0x08000139   Thumb Code     0  __scatter.o(!!!scatter)
    __scatterload_null                       0x08000147   Thumb Code     0  __scatter.o(!!!scatter)
    __decompress                             0x0800016d   Thumb Code    90  __dczerorl2.o(!!dczerorl2)
    __decompress1                            0x0800016d   Thumb Code     0  __dczerorl2.o(!!dczerorl2)
    __scatterload_zeroinit                   0x080001c9   Thumb Code    28  __scatter_zi.o(!!handler_zi)
    _printf_d                                0x080001e5   Thumb Code     0  _printf_d.o(.ARM.Collect$$_printf_percent$$00000009)
    _printf_percent                          0x080001e5   Thumb Code     0  _printf_percent.o(.ARM.Collect$$_printf_percent$$00000000)
    _printf_s                                0x080001eb   Thumb Code     0  _printf_s.o(.ARM.Collect$$_printf_percent$$00000014)
    _printf_percent_end                      0x080001f1   Thumb Code     0  _printf_percent_end.o(.ARM.Collect$$_printf_percent$$00000017)
    __rt_lib_init                            0x080001f5   Thumb Code     0  libinit.o(.ARM.Collect$$libinit$$00000000)
    __rt_lib_init_fp_1                       0x080001f7   Thumb Code     0  libinit2.o(.ARM.Collect$$libinit$$00000002)
    __rt_lib_init_heap_1                     0x080001f7   Thumb Code     0  libinit2.o(.ARM.Collect$$libinit$$0000000A)
    __rt_lib_init_preinit_1                  0x080001f7   Thumb Code     0  libinit2.o(.ARM.Collect$$libinit$$00000004)
    __rt_lib_init_rand_2                     0x080001f7   Thumb Code     0  libinit2.o(.ARM.Collect$$libinit$$0000000D)
    __rt_lib_init_user_alloc_1               0x080001f7   Thumb Code     0  libinit2.o(.ARM.Collect$$libinit$$0000000C)
    __rt_lib_init_alloca_1                   0x080001fb   Thumb Code     0  libinit2.o(.ARM.Collect$$libinit$$0000002E)
    __rt_lib_init_argv_1                     0x080001fb   Thumb Code     0  libinit2.o(.ARM.Collect$$libinit$$0000002C)
    __rt_lib_init_atexit_1                   0x080001fb   Thumb Code     0  libinit2.o(.ARM.Collect$$libinit$$0000001B)
    __rt_lib_init_clock_1                    0x080001fb   Thumb Code     0  libinit2.o(.ARM.Collect$$libinit$$00000021)
    __rt_lib_init_cpp_1                      0x080001fb   Thumb Code     0  libinit2.o(.ARM.Collect$$libinit$$00000032)
    __rt_lib_init_exceptions_1               0x080001fb   Thumb Code     0  libinit2.o(.ARM.Collect$$libinit$$00000030)
    __rt_lib_init_fp_trap_1                  0x080001fb   Thumb Code     0  libinit2.o(.ARM.Collect$$libinit$$0000001F)
    __rt_lib_init_getenv_1                   0x080001fb   Thumb Code     0  libinit2.o(.ARM.Collect$$libinit$$00000023)
    __rt_lib_init_lc_collate_1               0x080001fb   Thumb Code     0  libinit2.o(.ARM.Collect$$libinit$$00000011)
    __rt_lib_init_lc_ctype_1                 0x080001fb   Thumb Code     0  libinit2.o(.ARM.Collect$$libinit$$00000013)
    __rt_lib_init_lc_monetary_1              0x080001fb   Thumb Code     0  libinit2.o(.ARM.Collect$$libinit$$00000015)
    __rt_lib_init_lc_numeric_1               0x080001fb   Thumb Code     0  libinit2.o(.ARM.Collect$$libinit$$00000017)
    __rt_lib_init_lc_time_1                  0x080001fb   Thumb Code     0  libinit2.o(.ARM.Collect$$libinit$$00000019)
    __rt_lib_init_rand_1                     0x080001fb   Thumb Code     0  libinit2.o(.ARM.Collect$$libinit$$0000000E)
    __rt_lib_init_return                     0x080001fb   Thumb Code     0  libinit2.o(.ARM.Collect$$libinit$$00000033)
    __rt_lib_init_signal_1                   0x080001fb   Thumb Code     0  libinit2.o(.ARM.Collect$$libinit$$0000001D)
    __rt_lib_init_stdio_1                    0x080001fb   Thumb Code     0  libinit2.o(.ARM.Collect$$libinit$$00000025)
    __rt_lib_shutdown                        0x080001fd   Thumb Code     0  libshutdown.o(.ARM.Collect$$libshutdown$$00000000)
    __rt_lib_shutdown_fp_trap_1              0x080001ff   Thumb Code     0  libshutdown2.o(.ARM.Collect$$libshutdown$$00000006)
    __rt_lib_shutdown_heap_1                 0x080001ff   Thumb Code     0  libshutdown2.o(.ARM.Collect$$libshutdown$$0000000E)
    __rt_lib_shutdown_return                 0x080001ff   Thumb Code     0  libshutdown2.o(.ARM.Collect$$libshutdown$$0000000F)
    __rt_lib_shutdown_signal_1               0x080001ff   Thumb Code     0  libshutdown2.o(.ARM.Collect$$libshutdown$$00000009)
    __rt_lib_shutdown_stdio_1                0x080001ff   Thumb Code     0  libshutdown2.o(.ARM.Collect$$libshutdown$$00000003)
    __rt_lib_shutdown_user_alloc_1           0x080001ff   Thumb Code     0  libshutdown2.o(.ARM.Collect$$libshutdown$$0000000B)
    __rt_entry                               0x08000201   Thumb Code     0  __rtentry.o(.ARM.Collect$$rtentry$$00000000)
    __rt_entry_presh_1                       0x08000201   Thumb Code     0  __rtentry2.o(.ARM.Collect$$rtentry$$00000002)
    __rt_entry_sh                            0x08000201   Thumb Code     0  __rtentry4.o(.ARM.Collect$$rtentry$$00000004)
    __rt_entry_li                            0x08000207   Thumb Code     0  __rtentry2.o(.ARM.Collect$$rtentry$$0000000A)
    __rt_entry_postsh_1                      0x08000207   Thumb Code     0  __rtentry2.o(.ARM.Collect$$rtentry$$00000009)
    __rt_entry_main                          0x0800020b   Thumb Code     0  __rtentry2.o(.ARM.Collect$$rtentry$$0000000D)
    __rt_entry_postli_1                      0x0800020b   Thumb Code     0  __rtentry2.o(.ARM.Collect$$rtentry$$0000000C)
    __rt_exit                                0x08000213   Thumb Code     0  rtexit.o(.ARM.Collect$$rtexit$$00000000)
    __rt_exit_ls                             0x08000215   Thumb Code     0  rtexit2.o(.ARM.Collect$$rtexit$$00000003)
    __rt_exit_prels_1                        0x08000215   Thumb Code     0  rtexit2.o(.ARM.Collect$$rtexit$$00000002)
    __rt_exit_exit                           0x08000219   Thumb Code     0  rtexit2.o(.ARM.Collect$$rtexit$$00000004)
    rand                                     0x08000221   Thumb Code    48  rand.o(.emb_text)
    Reset_Handler                            0x08000255   Thumb Code     8  startup_stm32f10x_hd.o(.text)
    ADC1_2_IRQHandler                        0x0800026f   Thumb Code     0  startup_stm32f10x_hd.o(.text)
    ADC3_IRQHandler                          0x0800026f   Thumb Code     0  startup_stm32f10x_hd.o(.text)
    CAN1_RX1_IRQHandler                      0x0800026f   Thumb Code     0  startup_stm32f10x_hd.o(.text)
    CAN1_SCE_IRQHandler                      0x0800026f   Thumb Code     0  startup_stm32f10x_hd.o(.text)
    DMA1_Channel1_IRQHandler                 0x0800026f   Thumb Code     0  startup_stm32f10x_hd.o(.text)
    DMA1_Channel2_IRQHandler                 0x0800026f   Thumb Code     0  startup_stm32f10x_hd.o(.text)
    DMA1_Channel3_IRQHandler                 0x0800026f   Thumb Code     0  startup_stm32f10x_hd.o(.text)
    DMA1_Channel4_IRQHandler                 0x0800026f   Thumb Code     0  startup_stm32f10x_hd.o(.text)
    DMA1_Channel5_IRQHandler                 0x0800026f   Thumb Code     0  startup_stm32f10x_hd.o(.text)
    DMA1_Channel6_IRQHandler                 0x0800026f   Thumb Code     0  startup_stm32f10x_hd.o(.text)
    DMA1_Channel7_IRQHandler                 0x0800026f   Thumb Code     0  startup_stm32f10x_hd.o(.text)
    DMA2_Channel1_IRQHandler                 0x0800026f   Thumb Code     0  startup_stm32f10x_hd.o(.text)
    DMA2_Channel2_IRQHandler                 0x0800026f   Thumb Code     0  startup_stm32f10x_hd.o(.text)
    DMA2_Channel3_IRQHandler                 0x0800026f   Thumb Code     0  startup_stm32f10x_hd.o(.text)
    DMA2_Channel4_5_IRQHandler               0x0800026f   Thumb Code     0  startup_stm32f10x_hd.o(.text)
    EXTI0_IRQHandler                         0x0800026f   Thumb Code     0  startup_stm32f10x_hd.o(.text)
    EXTI15_10_IRQHandler                     0x0800026f   Thumb Code     0  startup_stm32f10x_hd.o(.text)
    EXTI1_IRQHandler                         0x0800026f   Thumb Code     0  startup_stm32f10x_hd.o(.text)
    EXTI2_IRQHandler                         0x0800026f   Thumb Code     0  startup_stm32f10x_hd.o(.text)
    EXTI3_IRQHandler                         0x0800026f   Thumb Code     0  startup_stm32f10x_hd.o(.text)
    EXTI4_IRQHandler                         0x0800026f   Thumb Code     0  startup_stm32f10x_hd.o(.text)
    EXTI9_5_IRQHandler                       0x0800026f   Thumb Code     0  startup_stm32f10x_hd.o(.text)
    FLASH_IRQHandler                         0x0800026f   Thumb Code     0  startup_stm32f10x_hd.o(.text)
    FSMC_IRQHandler                          0x0800026f   Thumb Code     0  startup_stm32f10x_hd.o(.text)
    I2C1_ER_IRQHandler                       0x0800026f   Thumb Code     0  startup_stm32f10x_hd.o(.text)
    I2C1_EV_IRQHandler                       0x0800026f   Thumb Code     0  startup_stm32f10x_hd.o(.text)
    I2C2_ER_IRQHandler                       0x0800026f   Thumb Code     0  startup_stm32f10x_hd.o(.text)
    I2C2_EV_IRQHandler                       0x0800026f   Thumb Code     0  startup_stm32f10x_hd.o(.text)
    PVD_IRQHandler                           0x0800026f   Thumb Code     0  startup_stm32f10x_hd.o(.text)
    RCC_IRQHandler                           0x0800026f   Thumb Code     0  startup_stm32f10x_hd.o(.text)
    RTCAlarm_IRQHandler                      0x0800026f   Thumb Code     0  startup_stm32f10x_hd.o(.text)
    RTC_IRQHandler                           0x0800026f   Thumb Code     0  startup_stm32f10x_hd.o(.text)
    SDIO_IRQHandler                          0x0800026f   Thumb Code     0  startup_stm32f10x_hd.o(.text)
    SPI1_IRQHandler                          0x0800026f   Thumb Code     0  startup_stm32f10x_hd.o(.text)
    SPI2_IRQHandler                          0x0800026f   Thumb Code     0  startup_stm32f10x_hd.o(.text)
    SPI3_IRQHandler                          0x0800026f   Thumb Code     0  startup_stm32f10x_hd.o(.text)
    TAMPER_IRQHandler                        0x0800026f   Thumb Code     0  startup_stm32f10x_hd.o(.text)
    TIM1_BRK_IRQHandler                      0x0800026f   Thumb Code     0  startup_stm32f10x_hd.o(.text)
    TIM1_CC_IRQHandler                       0x0800026f   Thumb Code     0  startup_stm32f10x_hd.o(.text)
    TIM1_TRG_COM_IRQHandler                  0x0800026f   Thumb Code     0  startup_stm32f10x_hd.o(.text)
    TIM1_UP_IRQHandler                       0x0800026f   Thumb Code     0  startup_stm32f10x_hd.o(.text)
    TIM2_IRQHandler                          0x0800026f   Thumb Code     0  startup_stm32f10x_hd.o(.text)
    TIM4_IRQHandler                          0x0800026f   Thumb Code     0  startup_stm32f10x_hd.o(.text)
    TIM5_IRQHandler                          0x0800026f   Thumb Code     0  startup_stm32f10x_hd.o(.text)
    TIM6_IRQHandler                          0x0800026f   Thumb Code     0  startup_stm32f10x_hd.o(.text)
    TIM7_IRQHandler                          0x0800026f   Thumb Code     0  startup_stm32f10x_hd.o(.text)
    TIM8_BRK_IRQHandler                      0x0800026f   Thumb Code     0  startup_stm32f10x_hd.o(.text)
    TIM8_CC_IRQHandler                       0x0800026f   Thumb Code     0  startup_stm32f10x_hd.o(.text)
    TIM8_TRG_COM_IRQHandler                  0x0800026f   Thumb Code     0  startup_stm32f10x_hd.o(.text)
    TIM8_UP_IRQHandler                       0x0800026f   Thumb Code     0  startup_stm32f10x_hd.o(.text)
    UART4_IRQHandler                         0x0800026f   Thumb Code     0  startup_stm32f10x_hd.o(.text)
    UART5_IRQHandler                         0x0800026f   Thumb Code     0  startup_stm32f10x_hd.o(.text)
    USART1_IRQHandler                        0x0800026f   Thumb Code     0  startup_stm32f10x_hd.o(.text)
    USART2_IRQHandler                        0x0800026f   Thumb Code     0  startup_stm32f10x_hd.o(.text)
    USART3_IRQHandler                        0x0800026f   Thumb Code     0  startup_stm32f10x_hd.o(.text)
    USBWakeUp_IRQHandler                     0x0800026f   Thumb Code     0  startup_stm32f10x_hd.o(.text)
    USB_HP_CAN1_TX_IRQHandler                0x0800026f   Thumb Code     0  startup_stm32f10x_hd.o(.text)
    USB_LP_CAN1_RX0_IRQHandler               0x0800026f   Thumb Code     0  startup_stm32f10x_hd.o(.text)
    WWDG_IRQHandler                          0x0800026f   Thumb Code     0  startup_stm32f10x_hd.o(.text)
    __user_initial_stackheap                 0x08000271   Thumb Code     0  startup_stm32f10x_hd.o(.text)
    __2sprintf                               0x08000295   Thumb Code    34  noretval__2sprintf.o(.text)
    _printf_pre_padding                      0x080002bd   Thumb Code    44  _printf_pad.o(.text)
    _printf_post_padding                     0x080002e9   Thumb Code    34  _printf_pad.o(.text)
    _printf_str                              0x0800030b   Thumb Code    82  _printf_str.o(.text)
    _printf_int_dec                          0x0800035d   Thumb Code   104  _printf_dec.o(.text)
    __printf                                 0x080003d5   Thumb Code   308  __printf_flags_wp.o(.text)
    srand                                    0x0800050d   Thumb Code    42  rand.o(.text)
    _rand_init                               0x08000537   Thumb Code     4  rand.o(.text)
    strlen                                   0x08000549   Thumb Code    62  strlen.o(.text)
    __aeabi_memcpy4                          0x08000587   Thumb Code     0  rt_memcpy_w.o(.text)
    __aeabi_memcpy8                          0x08000587   Thumb Code     0  rt_memcpy_w.o(.text)
    __rt_memcpy_w                            0x08000587   Thumb Code   100  rt_memcpy_w.o(.text)
    _memcpy_lastbytes_aligned                0x080005cf   Thumb Code     0  rt_memcpy_w.o(.text)
    __use_two_region_memory                  0x080005eb   Thumb Code     2  heapauxi.o(.text)
    __rt_heap_escrow$2region                 0x080005ed   Thumb Code     2  heapauxi.o(.text)
    __rt_heap_expand$2region                 0x080005ef   Thumb Code     2  heapauxi.o(.text)
    _printf_int_common                       0x080005f1   Thumb Code   178  _printf_intcommon.o(.text)
    _printf_char_common                      0x080006af   Thumb Code    32  _printf_char_common.o(.text)
    _sputc                                   0x080006d5   Thumb Code    10  _sputc.o(.text)
    _printf_cs_common                        0x080006df   Thumb Code    20  _printf_char.o(.text)
    _printf_char                             0x080006f3   Thumb Code    16  _printf_char.o(.text)
    _printf_string                           0x08000703   Thumb Code     8  _printf_char.o(.text)
    __user_setup_stackheap                   0x0800070b   Thumb Code    74  sys_stackheap_outer.o(.text)
    exit                                     0x08000755   Thumb Code    12  exit.o(.text)
    __user_libspace                          0x08000761   Thumb Code     8  libspace.o(.text)
    __user_perproc_libspace                  0x08000761   Thumb Code     0  libspace.o(.text)
    __user_perthread_libspace                0x08000761   Thumb Code     0  libspace.o(.text)
    __I$use$semihosting                      0x08000769   Thumb Code     0  use_no_semi.o(.text)
    __use_no_semihosting_swi                 0x08000769   Thumb Code     2  use_no_semi.o(.text)
    __semihosting_library_function           0x0800076b   Thumb Code     0  indicate_semi.o(.text)
    _sys_exit                                0x0800076d   Thumb Code     8  sys_exit.o(.text)
    BusFault_Handler                         0x08000779   Thumb Code     4  stm32f10x_it.o(i.BusFault_Handler)
    Buzzer_Off                               0x0800077d   Thumb Code    10  ierg3810_buzzer.o(i.Buzzer_Off)
    Buzzer_On                                0x0800078d   Thumb Code    10  ierg3810_buzzer.o(i.Buzzer_On)
    DS0_Off                                  0x0800079d   Thumb Code     8  ierg3810_led.o(i.DS0_Off)
    DS1_Off                                  0x080007a9   Thumb Code     8  ierg3810_led.o(i.DS1_Off)
    DS1_On                                   0x080007b5   Thumb Code     8  ierg3810_led.o(i.DS1_On)
    DebugMon_Handler                         0x080007c1   Thumb Code     2  stm32f10x_it.o(i.DebugMon_Handler)
    Game_Draw                                0x080007c5   Thumb Code   476  board.o(i.Game_Draw)
    Game_DrawApple                           0x080009f5   Thumb Code   148  board.o(i.Game_DrawApple)
    Game_DrawBoard                           0x08000a8d   Thumb Code   148  board.o(i.Game_DrawBoard)
    Game_DrawGameOverScreen                  0x08000b21   Thumb Code   112  board.o(i.Game_DrawGameOverScreen)
    Game_DrawGameWonScreen                   0x08000be1   Thumb Code    68  board.o(i.Game_DrawGameWonScreen)
    Game_DrawInstructions                    0x08000c5d   Thumb Code   152  board.o(i.Game_DrawInstructions)
    Game_DrawMenu                            0x08000da1   Thumb Code    46  board.o(i.Game_DrawMenu)
    Game_DrawMenuList                        0x08000df9   Thumb Code   104  board.o(i.Game_DrawMenuList)
    Game_DrawPauseMenu                       0x08000e71   Thumb Code   156  board.o(i.Game_DrawPauseMenu)
    Game_DrawSnakeArt                        0x08000f2d   Thumb Code   184  board.o(i.Game_DrawSnakeArt)
    Game_DrawStartScreen                     0x08000fe9   Thumb Code   274  board.o(i.Game_DrawStartScreen)
    Game_HandleInput                         0x08001141   Thumb Code   248  test.o(i.Game_HandleInput)
    Game_Init                                0x08001251   Thumb Code   250  board.o(i.Game_Init)
    Game_MoveStones                          0x080013ad   Thumb Code   228  board.o(i.Game_MoveStones)
    Game_RedrawScreen                        0x080014a5   Thumb Code    94  board.o(i.Game_RedrawScreen)
    Game_Update                              0x08001539   Thumb Code   834  board.o(i.Game_Update)
    Generate_Safe_Point                      0x080018ad   Thumb Code   182  board.o(i.Generate_Safe_Point)
    HardFault_Handler                        0x08001971   Thumb Code     4  stm32f10x_it.o(i.HardFault_Handler)
    Hardware_Init                            0x08001975   Thumb Code    56  test.o(i.Hardware_Init)
    IERG3810_Buzzer_Init                     0x080019ad   Thumb Code    44  ierg3810_buzzer.o(i.IERG3810_Buzzer_Init)
    IERG3810_KEY_Init                        0x080019e1   Thumb Code   128  ierg3810_key.o(i.IERG3810_KEY_Init)
    IERG3810_LED_Init                        0x08001a6d   Thumb Code    72  ierg3810_led.o(i.IERG3810_LED_Init)
    Infinity_Level_Up                        0x08001ac1   Thumb Code   102  board.o(i.Infinity_Level_Up)
    Infinity_Mode_Update                     0x08001b39   Thumb Code   162  board.o(i.Infinity_Mode_Update)
    Is_Occupied                              0x08001bf1   Thumb Code   232  board.o(i.Is_Occupied)
    Is_Pos_Safe_For_Star                     0x08001cf9   Thumb Code   108  board.o(i.Is_Pos_Safe_For_Star)
    JoyPad_Init                              0x08001d79   Thumb Code    62  joypad.o(i.JoyPad_Init)
    JoyPad_Poll                              0x08001dc5   Thumb Code    34  test.o(i.JoyPad_Poll)
    JoyPad_Read                              0x08001df5   Thumb Code   112  joypad.o(i.JoyPad_Read)
    MemManage_Handler                        0x08001e69   Thumb Code     4  stm32f10x_it.o(i.MemManage_Handler)
    NMI_Handler                              0x08001e6d   Thumb Code     2  stm32f10x_it.o(i.NMI_Handler)
    PendSV_Handler                           0x08001e6f   Thumb Code     2  stm32f10x_it.o(i.PendSV_Handler)
    Play_Buzzer_Sound                        0x08001e71   Thumb Code    20  board.o(i.Play_Buzzer_Sound)
    SVC_Handler                              0x08001e85   Thumb Code     2  stm32f10x_it.o(i.SVC_Handler)
    Starfield_Init                           0x08001f71   Thumb Code    94  board.o(i.Starfield_Init)
    Starfield_Refresh_Visibility             0x08001fd5   Thumb Code    46  board.o(i.Starfield_Refresh_Visibility)
    Starfield_Update                         0x08002009   Thumb Code   256  board.o(i.Starfield_Update)
    SysTick_Handler                          0x0800210d   Thumb Code     2  stm32f10x_it.o(i.SysTick_Handler)
    SystemInit                               0x08002111   Thumb Code    78  system_stm32f10x.o(i.SystemInit)
    TFTLCD_ShowString_Centered               0x08002171   Thumb Code    54  board.o(i.TFTLCD_ShowString_Centered)
    TIM3_IRQHandler                          0x080021a9   Thumb Code   214  test.o(i.TIM3_IRQHandler)
    Timer_Init                               0x080022a9   Thumb Code   116  test.o(i.Timer_Init)
    Update_HighScore                         0x0800232d   Thumb Code    30  board.o(i.Update_HighScore)
    UsageFault_Handler                       0x08002359   Thumb Code     4  stm32f10x_it.o(i.UsageFault_Handler)
    _is_digit                                0x0800235d   Thumb Code    14  __printf_wp.o(i._is_digit)
    clocktree_init                           0x0800236d   Thumb Code   134  ierg3810_clock.o(i.clocktree_init)
    delay                                    0x080023fd   Thumb Code    12  ierg3810_usart.o(i.delay)
    delay_ms                                 0x08002409   Thumb Code    20  board.o(i.delay_ms)
    io_init                                  0x0800241d   Thumb Code    16  ierg3810_io.o(i.io_init)
    lcd_clear                                0x0800245d   Thumb Code    24  board.o(i.lcd_clear)
    lcd_drawPoint                            0x08002475   Thumb Code    82  ierg3810_tftlcd.o(i.lcd_drawPoint)
    lcd_drawRectangle                        0x080024c7   Thumb Code   126  ierg3810_tftlcd.o(i.lcd_drawRectangle)
    lcd_fillRectangle                        0x08002545   Thumb Code   136  ierg3810_tftlcd.o(i.lcd_fillRectangle)
    lcd_init                                 0x080025cd   Thumb Code   348  ierg3810_tftlcd.o(i.lcd_init)
    lcd_showChar                             0x08002749   Thumb Code   162  ierg3810_tftlcd.o(i.lcd_showChar)
    lcd_showChinChar                         0x080027f1   Thumb Code   184  ierg3810_tftlcd.o(i.lcd_showChinChar)
    lcd_showString                           0x080028ad   Thumb Code    74  board.o(i.lcd_showString)
    main                                     0x08002911   Thumb Code   622  test.o(i.main)
    apple_pixel_data                         0x08002bac   Data         225  board.o(.constdata)
    asc2_1608                                0x08002cc8   Data        1520  ierg3810_tftlcd.o(.constdata)
    chi_1616                                 0x080032b8   Data         320  ierg3810_tftlcd.o(.constdata)
    Region$$Table$$Base                      0x08003aa0   Number         0  anon$$obj.o(Region$$Table)
    Region$$Table$$Limit                     0x08003ac0   Number         0  anon$$obj.o(Region$$Table)
    menu_needs_redraw                        0x20000000   Data           4  test.o(.data)
    instructions_needs_redraw                0x20000004   Data           4  test.o(.data)
    game_tick_ready                          0x20000008   Data           4  test.o(.data)
    led_flash_counter                        0x2000000c   Data           4  test.o(.data)
    endgame_led_timer                        0x20000010   Data           4  test.o(.data)
    endgame_led_mode                         0x20000014   Data           4  test.o(.data)
    endgame_toggle_counter                   0x20000018   Data           4  test.o(.data)
    joypad_current                           0x2000001c   Data           1  test.o(.data)
    joypad_last                              0x2000001d   Data           1  test.o(.data)
    joypad_pressed                           0x2000001e   Data           1  test.o(.data)
    fruit                                    0x20000024   Data           8  board.o(.data)
    num_active_poisons                       0x2000002c   Data           4  board.o(.data)
    score                                    0x20000030   Data           4  board.o(.data)
    high_score                               0x20000034   Data           4  board.o(.data)
    current_state                            0x20000038   Data           1  board.o(.data)
    current_level_index                      0x2000003c   Data           4  board.o(.data)
    selected_level_index                     0x20000040   Data           4  board.o(.data)
    game_speed                               0x20000044   Data           4  board.o(.data)
    stone_move_counter                       0x20000048   Data           4  board.o(.data)
    last_displayed_score                     0x2000004c   Data           4  board.o(.data)
    pause_selection                          0x20000050   Data           4  board.o(.data)
    game_needs_full_redraw                   0x20000054   Data           4  board.o(.data)
    infinity_sub_level                       0x20000058   Data           4  board.o(.data)
    last_speed_increase_score                0x2000005c   Data           4  board.o(.data)
    last_displayed_infinity_level            0x20000060   Data           4  board.o(.data)
    direction_changed_this_tick              0x20000064   Data           4  board.o(.data)
    levels                                   0x20000068   Data         144  board.o(.data)
    snake_pixel_art                          0x200000f8   Data         160  board.o(.data)
    snake                                    0x20000198   Data         812  board.o(.bss)
    stones                                   0x200004c4   Data          40  board.o(.bss)
    poisons                                  0x200004ec   Data          16  board.o(.bss)
    stars                                    0x200004fc   Data         960  board.o(.bss)
    _random_number_data                      0x200008bc   Data         228  rand.o(.bss)
    __libspace_start                         0x200009a0   Data          96  libspace.o(.bss)
    __temporary_stack_top$libspace           0x20000a00   Data           0  libspace.o(.bss)



==============================================================================

Memory Map of the image

  Image Entry point : 0x08000255

  Load Region LR_1 (Base: 0x08000000, Size: 0x00003c58, Max: 0xffffffff, ABSOLUTE, COMPRESSED[0x00003b6c])

    Execution Region ER_RO (Base: 0x08000000, Size: 0x00003ac0, Max: 0xffffffff, ABSOLUTE)

    Base Addr    Size         Type   Attr      Idx    E Section Name        Object

    0x08000000   0x00000130   Data   RO          292    RESET               startup_stm32f10x_hd.o
    0x08000130   0x00000008   Code   RO         3783  * !!!main             c_w.l(__main.o)
    0x08000138   0x00000034   Code   RO         3979    !!!scatter          c_w.l(__scatter.o)
    0x0800016c   0x0000005a   Code   RO         3977    !!dczerorl2         c_w.l(__dczerorl2.o)
    0x080001c6   0x00000002   PAD
    0x080001c8   0x0000001c   Code   RO         3981    !!handler_zi        c_w.l(__scatter_zi.o)
    0x080001e4   0x00000000   Code   RO         3771    .ARM.Collect$$_printf_percent$$00000000  c_w.l(_printf_percent.o)
    0x080001e4   0x00000006   Code   RO         3770    .ARM.Collect$$_printf_percent$$00000009  c_w.l(_printf_d.o)
    0x080001ea   0x00000006   Code   RO         3769    .ARM.Collect$$_printf_percent$$00000014  c_w.l(_printf_s.o)
    0x080001f0   0x00000004   Code   RO         3816    .ARM.Collect$$_printf_percent$$00000017  c_w.l(_printf_percent_end.o)
    0x080001f4   0x00000002   Code   RO         3901    .ARM.Collect$$libinit$$00000000  c_w.l(libinit.o)
    0x080001f6   0x00000000   Code   RO         3818    .ARM.Collect$$libinit$$00000002  c_w.l(libinit2.o)
    0x080001f6   0x00000000   Code   RO         3820    .ARM.Collect$$libinit$$00000004  c_w.l(libinit2.o)
    0x080001f6   0x00000000   Code   RO         3823    .ARM.Collect$$libinit$$0000000A  c_w.l(libinit2.o)
    0x080001f6   0x00000000   Code   RO         3825    .ARM.Collect$$libinit$$0000000C  c_w.l(libinit2.o)
    0x080001f6   0x00000004   Code   RO         3826    .ARM.Collect$$libinit$$0000000D  c_w.l(libinit2.o)
    0x080001fa   0x00000000   Code   RO         3827    .ARM.Collect$$libinit$$0000000E  c_w.l(libinit2.o)
    0x080001fa   0x00000000   Code   RO         3830    .ARM.Collect$$libinit$$00000011  c_w.l(libinit2.o)
    0x080001fa   0x00000000   Code   RO         3832    .ARM.Collect$$libinit$$00000013  c_w.l(libinit2.o)
    0x080001fa   0x00000000   Code   RO         3834    .ARM.Collect$$libinit$$00000015  c_w.l(libinit2.o)
    0x080001fa   0x00000000   Code   RO         3836    .ARM.Collect$$libinit$$00000017  c_w.l(libinit2.o)
    0x080001fa   0x00000000   Code   RO         3838    .ARM.Collect$$libinit$$00000019  c_w.l(libinit2.o)
    0x080001fa   0x00000000   Code   RO         3840    .ARM.Collect$$libinit$$0000001B  c_w.l(libinit2.o)
    0x080001fa   0x00000000   Code   RO         3842    .ARM.Collect$$libinit$$0000001D  c_w.l(libinit2.o)
    0x080001fa   0x00000000   Code   RO         3844    .ARM.Collect$$libinit$$0000001F  c_w.l(libinit2.o)
    0x080001fa   0x00000000   Code   RO         3846    .ARM.Collect$$libinit$$00000021  c_w.l(libinit2.o)
    0x080001fa   0x00000000   Code   RO         3848    .ARM.Collect$$libinit$$00000023  c_w.l(libinit2.o)
    0x080001fa   0x00000000   Code   RO         3850    .ARM.Collect$$libinit$$00000025  c_w.l(libinit2.o)
    0x080001fa   0x00000000   Code   RO         3854    .ARM.Collect$$libinit$$0000002C  c_w.l(libinit2.o)
    0x080001fa   0x00000000   Code   RO         3856    .ARM.Collect$$libinit$$0000002E  c_w.l(libinit2.o)
    0x080001fa   0x00000000   Code   RO         3858    .ARM.Collect$$libinit$$00000030  c_w.l(libinit2.o)
    0x080001fa   0x00000000   Code   RO         3860    .ARM.Collect$$libinit$$00000032  c_w.l(libinit2.o)
    0x080001fa   0x00000002   Code   RO         3861    .ARM.Collect$$libinit$$00000033  c_w.l(libinit2.o)
    0x080001fc   0x00000002   Code   RO         3939    .ARM.Collect$$libshutdown$$00000000  c_w.l(libshutdown.o)
    0x080001fe   0x00000000   Code   RO         3946    .ARM.Collect$$libshutdown$$00000003  c_w.l(libshutdown2.o)
    0x080001fe   0x00000000   Code   RO         3949    .ARM.Collect$$libshutdown$$00000006  c_w.l(libshutdown2.o)
    0x080001fe   0x00000000   Code   RO         3952    .ARM.Collect$$libshutdown$$00000009  c_w.l(libshutdown2.o)
    0x080001fe   0x00000000   Code   RO         3954    .ARM.Collect$$libshutdown$$0000000B  c_w.l(libshutdown2.o)
    0x080001fe   0x00000000   Code   RO         3957    .ARM.Collect$$libshutdown$$0000000E  c_w.l(libshutdown2.o)
    0x080001fe   0x00000002   Code   RO         3958    .ARM.Collect$$libshutdown$$0000000F  c_w.l(libshutdown2.o)
    0x08000200   0x00000000   Code   RO         3807    .ARM.Collect$$rtentry$$00000000  c_w.l(__rtentry.o)
    0x08000200   0x00000000   Code   RO         3868    .ARM.Collect$$rtentry$$00000002  c_w.l(__rtentry2.o)
    0x08000200   0x00000006   Code   RO         3880    .ARM.Collect$$rtentry$$00000004  c_w.l(__rtentry4.o)
    0x08000206   0x00000000   Code   RO         3870    .ARM.Collect$$rtentry$$00000009  c_w.l(__rtentry2.o)
    0x08000206   0x00000004   Code   RO         3871    .ARM.Collect$$rtentry$$0000000A  c_w.l(__rtentry2.o)
    0x0800020a   0x00000000   Code   RO         3873    .ARM.Collect$$rtentry$$0000000C  c_w.l(__rtentry2.o)
    0x0800020a   0x00000008   Code   RO         3874    .ARM.Collect$$rtentry$$0000000D  c_w.l(__rtentry2.o)
    0x08000212   0x00000002   Code   RO         3907    .ARM.Collect$$rtexit$$00000000  c_w.l(rtexit.o)
    0x08000214   0x00000000   Code   RO         3919    .ARM.Collect$$rtexit$$00000002  c_w.l(rtexit2.o)
    0x08000214   0x00000004   Code   RO         3920    .ARM.Collect$$rtexit$$00000003  c_w.l(rtexit2.o)
    0x08000218   0x00000006   Code   RO         3921    .ARM.Collect$$rtexit$$00000004  c_w.l(rtexit2.o)
    0x0800021e   0x00000002   PAD
    0x08000220   0x00000034   Code   RO         3772    .emb_text           c_w.l(rand.o)
    0x08000254   0x00000040   Code   RO          293  * .text               startup_stm32f10x_hd.o
    0x08000294   0x00000028   Code   RO         3739    .text               c_w.l(noretval__2sprintf.o)
    0x080002bc   0x0000004e   Code   RO         3743    .text               c_w.l(_printf_pad.o)
    0x0800030a   0x00000052   Code   RO         3745    .text               c_w.l(_printf_str.o)
    0x0800035c   0x00000078   Code   RO         3747    .text               c_w.l(_printf_dec.o)
    0x080003d4   0x00000138   Code   RO         3761    .text               c_w.l(__printf_flags_wp.o)
    0x0800050c   0x0000003c   Code   RO         3773    .text               c_w.l(rand.o)
    0x08000548   0x0000003e   Code   RO         3777    .text               c_w.l(strlen.o)
    0x08000586   0x00000064   Code   RO         3779    .text               c_w.l(rt_memcpy_w.o)
    0x080005ea   0x00000006   Code   RO         3781    .text               c_w.l(heapauxi.o)
    0x080005f0   0x000000b2   Code   RO         3808    .text               c_w.l(_printf_intcommon.o)
    0x080006a2   0x00000002   PAD
    0x080006a4   0x00000030   Code   RO         3810    .text               c_w.l(_printf_char_common.o)
    0x080006d4   0x0000000a   Code   RO         3812    .text               c_w.l(_sputc.o)
    0x080006de   0x0000002c   Code   RO         3814    .text               c_w.l(_printf_char.o)
    0x0800070a   0x0000004a   Code   RO         3888    .text               c_w.l(sys_stackheap_outer.o)
    0x08000754   0x0000000c   Code   RO         3890    .text               c_w.l(exit.o)
    0x08000760   0x00000008   Code   RO         3904    .text               c_w.l(libspace.o)
    0x08000768   0x00000002   Code   RO         3915    .text               c_w.l(use_no_semi.o)
    0x0800076a   0x00000000   Code   RO         3917    .text               c_w.l(indicate_semi.o)
    0x0800076a   0x00000002   PAD
    0x0800076c   0x0000000c   Code   RO         3931    .text               c_w.l(sys_exit.o)
    0x08000778   0x00000004   Code   RO            1    i.BusFault_Handler  stm32f10x_it.o
    0x0800077c   0x00000010   Code   RO         3473    i.Buzzer_Off        ierg3810_buzzer.o
    0x0800078c   0x00000010   Code   RO         3474    i.Buzzer_On         ierg3810_buzzer.o
    0x0800079c   0x0000000c   Code   RO         3566    i.DS0_Off           ierg3810_led.o
    0x080007a8   0x0000000c   Code   RO         3568    i.DS1_Off           ierg3810_led.o
    0x080007b4   0x0000000c   Code   RO         3569    i.DS1_On            ierg3810_led.o
    0x080007c0   0x00000002   Code   RO            2    i.DebugMon_Handler  stm32f10x_it.o
    0x080007c2   0x00000002   PAD
    0x080007c4   0x00000230   Code   RO         3264    i.Game_Draw         board.o
    0x080009f4   0x00000098   Code   RO         3265    i.Game_DrawApple    board.o
    0x08000a8c   0x00000094   Code   RO         3266    i.Game_DrawBoard    board.o
    0x08000b20   0x000000c0   Code   RO         3267    i.Game_DrawGameOverScreen  board.o
    0x08000be0   0x0000007c   Code   RO         3268    i.Game_DrawGameWonScreen  board.o
    0x08000c5c   0x00000144   Code   RO         3269    i.Game_DrawInstructions  board.o
    0x08000da0   0x00000058   Code   RO         3270    i.Game_DrawMenu     board.o
    0x08000df8   0x00000078   Code   RO         3271    i.Game_DrawMenuList  board.o
    0x08000e70   0x000000bc   Code   RO         3272    i.Game_DrawPauseMenu  board.o
    0x08000f2c   0x000000bc   Code   RO         3273    i.Game_DrawSnakeArt  board.o
    0x08000fe8   0x00000158   Code   RO         3274    i.Game_DrawStartScreen  board.o
    0x08001140   0x00000110   Code   RO          152    i.Game_HandleInput  test.o
    0x08001250   0x0000015c   Code   RO         3275    i.Game_Init         board.o
    0x080013ac   0x000000f8   Code   RO         3276    i.Game_MoveStones   board.o
    0x080014a4   0x00000094   Code   RO         3277    i.Game_RedrawScreen  board.o
    0x08001538   0x00000374   Code   RO         3278    i.Game_Update       board.o
    0x080018ac   0x000000c4   Code   RO         3279    i.Generate_Safe_Point  board.o
    0x08001970   0x00000004   Code   RO            3    i.HardFault_Handler  stm32f10x_it.o
    0x08001974   0x00000038   Code   RO          153    i.Hardware_Init     test.o
    0x080019ac   0x00000034   Code   RO         3476    i.IERG3810_Buzzer_Init  ierg3810_buzzer.o
    0x080019e0   0x0000008c   Code   RO         3536    i.IERG3810_KEY_Init  ierg3810_key.o
    0x08001a6c   0x00000054   Code   RO         3570    i.IERG3810_LED_Init  ierg3810_led.o
    0x08001ac0   0x00000078   Code   RO         3280    i.Infinity_Level_Up  board.o
    0x08001b38   0x000000b8   Code   RO         3281    i.Infinity_Mode_Update  board.o
    0x08001bf0   0x00000108   Code   RO         3282    i.Is_Occupied       board.o
    0x08001cf8   0x00000070   Code   RO         3283    i.Is_Pos_Safe_For_Star  board.o
    0x08001d68   0x00000010   Code   RO         3712    i.JoyPad_Delay      joypad.o
    0x08001d78   0x0000004c   Code   RO         3713    i.JoyPad_Init       joypad.o
    0x08001dc4   0x00000030   Code   RO          154    i.JoyPad_Poll       test.o
    0x08001df4   0x00000074   Code   RO         3714    i.JoyPad_Read       joypad.o
    0x08001e68   0x00000004   Code   RO            4    i.MemManage_Handler  stm32f10x_it.o
    0x08001e6c   0x00000002   Code   RO            5    i.NMI_Handler       stm32f10x_it.o
    0x08001e6e   0x00000002   Code   RO            6    i.PendSV_Handler    stm32f10x_it.o
    0x08001e70   0x00000014   Code   RO         3284    i.Play_Buzzer_Sound  board.o
    0x08001e84   0x00000002   Code   RO            7    i.SVC_Handler       stm32f10x_it.o
    0x08001e86   0x00000008   Code   RO          237    i.SetSysClock       system_stm32f10x.o
    0x08001e8e   0x00000002   PAD
    0x08001e90   0x000000e0   Code   RO          238    i.SetSysClockTo72   system_stm32f10x.o
    0x08001f70   0x00000064   Code   RO         3285    i.Starfield_Init    board.o
    0x08001fd4   0x00000034   Code   RO         3286    i.Starfield_Refresh_Visibility  board.o
    0x08002008   0x00000104   Code   RO         3287    i.Starfield_Update  board.o
    0x0800210c   0x00000002   Code   RO            8    i.SysTick_Handler   stm32f10x_it.o
    0x0800210e   0x00000002   PAD
    0x08002110   0x00000060   Code   RO          240    i.SystemInit        system_stm32f10x.o
    0x08002170   0x00000036   Code   RO         3288    i.TFTLCD_ShowString_Centered  board.o
    0x080021a6   0x00000002   PAD
    0x080021a8   0x00000100   Code   RO          155    i.TIM3_IRQHandler   test.o
    0x080022a8   0x00000084   Code   RO          156    i.Timer_Init        test.o
    0x0800232c   0x0000002c   Code   RO         3289    i.Update_HighScore  board.o
    0x08002358   0x00000004   Code   RO            9    i.UsageFault_Handler  stm32f10x_it.o
    0x0800235c   0x0000000e   Code   RO         3759    i._is_digit         c_w.l(__printf_wp.o)
    0x0800236a   0x00000002   PAD
    0x0800236c   0x00000090   Code   RO         3503    i.clocktree_init    ierg3810_clock.o
    0x080023fc   0x0000000c   Code   RO         3679    i.delay             ierg3810_usart.o
    0x08002408   0x00000014   Code   RO         3290    i.delay_ms          board.o
    0x0800241c   0x00000010   Code   RO         3518    i.io_init           ierg3810_io.o
    0x0800242c   0x0000002e   Code   RO         3602    i.lcd_9341_setParameter  ierg3810_tftlcd.o
    0x0800245a   0x00000002   Code   RO         3603    i.lcd_backlight_init  ierg3810_tftlcd.o
    0x0800245c   0x00000018   Code   RO         3291    i.lcd_clear         board.o
    0x08002474   0x00000052   Code   RO         3604    i.lcd_drawPoint     ierg3810_tftlcd.o
    0x080024c6   0x0000007e   Code   RO         3605    i.lcd_drawRectangle  ierg3810_tftlcd.o
    0x08002544   0x00000088   Code   RO         3606    i.lcd_fillRectangle  ierg3810_tftlcd.o
    0x080025cc   0x0000017c   Code   RO         3607    i.lcd_init          ierg3810_tftlcd.o
    0x08002748   0x000000a8   Code   RO         3609    i.lcd_showChar      ierg3810_tftlcd.o
    0x080027f0   0x000000bc   Code   RO         3610    i.lcd_showChinChar  ierg3810_tftlcd.o
    0x080028ac   0x0000004a   Code   RO         3292    i.lcd_showString    board.o
    0x080028f6   0x00000002   PAD
    0x080028f8   0x0000000c   Code   RO         3611    i.lcd_wr_data       ierg3810_tftlcd.o
    0x08002904   0x0000000c   Code   RO         3612    i.lcd_wr_reg        ierg3810_tftlcd.o
    0x08002910   0x0000029c   Code   RO          157    i.main              test.o
    0x08002bac   0x0000011c   Data   RO         3294    .constdata          board.o
    0x08002cc8   0x00000730   Data   RO         3613    .constdata          ierg3810_tftlcd.o
    0x080033f8   0x00000011   Data   RO         3762    .constdata          c_w.l(__printf_flags_wp.o)
    0x08003409   0x00000003   PAD
    0x0800340c   0x00000692   Data   RO         3295    .conststring        board.o
    0x08003a9e   0x00000002   PAD
    0x08003aa0   0x00000020   Data   RO         3975    Region$$Table       anon$$obj.o


    Execution Region ER_RW (Base: 0x20000000, Size: 0x00000198, Max: 0xffffffff, ABSOLUTE, COMPRESSED[0x000000ac])

    Base Addr    Size         Type   Attr      Idx    E Section Name        Object

    0x20000000   0x00000024   Data   RW          158    .data               test.o
    0x20000024   0x00000174   Data   RW         3296    .data               board.o


    Execution Region ER_ZI (Base: 0x20000198, Size: 0x00000e68, Max: 0xffffffff, ABSOLUTE)

    Base Addr    Size         Type   Attr      Idx    E Section Name        Object

    0x20000198   0x00000724   Zero   RW         3293    .bss                board.o
    0x200008bc   0x000000e4   Zero   RW         3774    .bss                c_w.l(rand.o)
    0x200009a0   0x00000060   Zero   RW         3905    .bss                c_w.l(libspace.o)
    0x20000a00   0x00000200   Zero   RW          291    HEAP                startup_stm32f10x_hd.o
    0x20000c00   0x00000400   Zero   RW          290    STACK               startup_stm32f10x_hd.o


==============================================================================

Image component sizes


      Code (inc. data)   RO Data    RW Data    ZI Data      Debug   Object Name

      5580        908       1966        372       1828      20797   board.o
         0          0          0          0          0         32   core_cm3.o
        84         20          0          0          0       1220   ierg3810_buzzer.o
       144         10          0          0          0        517   ierg3810_clock.o
        16          0          0          0          0        414   ierg3810_io.o
       140         12          0          0          0        436   ierg3810_key.o
       120         24          0          0          0       1581   ierg3810_led.o
      1152         54       1840          0          0       6858   ierg3810_tftlcd.o
        12          0          0          0          0        444   ierg3810_usart.o
       208         18          0          0          0       1548   joypad.o
        64         26        304          0       1536        772   startup_stm32f10x_hd.o
        26          0          0          0          0     211114   stm32f10x_it.o
       328         28          0          0          0       1737   system_stm32f10x.o
      1432        150          0         36          0      19318   test.o

    ----------------------------------------------------------------------
      9316       1250       4144        408       3364     266788   Object Totals
         0          0         32          0          0          0   (incl. Generated)
        10          0          2          0          0          0   (incl. Padding)

    ----------------------------------------------------------------------

      Code (inc. data)   RO Data    RW Data    ZI Data      Debug   Library Member Name

        90          0          0          0          0          0   __dczerorl2.o
         8          0          0          0          0         68   __main.o
       312          4         17          0          0         92   __printf_flags_wp.o
        14          0          0          0          0         68   __printf_wp.o
         0          0          0          0          0          0   __rtentry.o
        12          0          0          0          0          0   __rtentry2.o
         6          0          0          0          0          0   __rtentry4.o
        52          8          0          0          0          0   __scatter.o
        28          0          0          0          0          0   __scatter_zi.o
        44          0          0          0          0        108   _printf_char.o
        48          6          0          0          0         96   _printf_char_common.o
         6          0          0          0          0          0   _printf_d.o
       120         16          0          0          0         92   _printf_dec.o
       178          0          0          0          0         88   _printf_intcommon.o
        78          0          0          0          0        108   _printf_pad.o
         0          0          0          0          0          0   _printf_percent.o
         4          0          0          0          0          0   _printf_percent_end.o
         6          0          0          0          0          0   _printf_s.o
        82          0          0          0          0         80   _printf_str.o
        10          0          0          0          0         68   _sputc.o
        12          0          0          0          0         72   exit.o
         6          0          0          0          0        152   heapauxi.o
         0          0          0          0          0          0   indicate_semi.o
         2          0          0          0          0          0   libinit.o
         6          0          0          0          0          0   libinit2.o
         2          0          0          0          0          0   libshutdown.o
         2          0          0          0          0          0   libshutdown2.o
         8          4          0          0         96         68   libspace.o
        40          6          0          0          0         84   noretval__2sprintf.o
       112         18          0          0        228        160   rand.o
       100          0          0          0          0         80   rt_memcpy_w.o
         2          0          0          0          0          0   rtexit.o
        10          0          0          0          0          0   rtexit2.o
        62          0          0          0          0         76   strlen.o
        12          4          0          0          0         68   sys_exit.o
        74          0          0          0          0         80   sys_stackheap_outer.o
         2          0          0          0          0         68   use_no_semi.o

    ----------------------------------------------------------------------
      1560         66         20          0        324       1776   Library Totals
        10          0          3          0          0          0   (incl. Padding)

    ----------------------------------------------------------------------

      Code (inc. data)   RO Data    RW Data    ZI Data      Debug   Library Name

      1550         66         17          0        324       1776   c_w.l

    ----------------------------------------------------------------------
      1560         66         20          0        324       1776   Library Totals

    ----------------------------------------------------------------------

==============================================================================


      Code (inc. data)   RO Data    RW Data    ZI Data      Debug   

     10876       1316       4164        408       3688     264192   Grand Totals
     10876       1316       4164        172       3688     264192   ELF Image Totals (compressed)
     10876       1316       4164        172          0          0   ROM Totals

==============================================================================

    Total RO  Size (Code + RO Data)                15040 (  14.69kB)
    Total RW  Size (RW Data + ZI Data)              4096 (   4.00kB)
    Total ROM Size (Code + RO Data + RW Data)      15212 (  14.86kB)

==============================================================================

